../src/hw/driver/lcd.c:82:6:TransferDoneISR	8	static
../src/hw/driver/lcd.c:96:6:lcdInit	24	static
../src/hw/driver/lcd.c:132:10:lcdGetDrawTime	4	static
../src/hw/driver/lcd.c:137:6:lcdIsInit	4	static
../src/hw/driver/lcd.c:142:6:lcdReset	8	static
../src/hw/driver/lcd.c:147:9:lcdGetBackLight	4	static
../src/hw/driver/lcd.c:152:6:lcdSetBackLight	16	static
../src/hw/driver/lcd.c:171:22:lcdReadPixel	0	static
../src/hw/driver/lcd.c:176:18:lcdDrawPixel	0	static
../src/hw/driver/lcd.c:181:18:lcdClear	8	static
../src/hw/driver/lcd.c:188:18:lcdClearBuffer	8	static
../src/hw/driver/lcd.c:198:18:lcdDrawFillCircle	48	static
../src/hw/driver/lcd.c:229:18:lcdDrawCircleHelper	56	static
../src/hw/driver/lcd.c:270:18:lcdDrawRoundRect	64	static
../src/hw/driver/lcd.c:285:18:lcdDrawFillCircleHelper	56	static
../src/hw/driver/lcd.c:320:18:lcdDrawFillRoundRect	40	static
../src/hw/driver/lcd.c:330:18:lcdDrawTriangle	40	static
../src/hw/driver/lcd.c:337:18:lcdDrawFillTriangle	80	dynamic
../src/hw/driver/lcd.c:373:10:lcdGetFps	4	static
../src/hw/driver/lcd.c:378:10:lcdGetFpsTime	4	static
../src/hw/driver/lcd.c:383:6:lcdDrawAvailable	4	static
../src/hw/driver/lcd.c:388:6:lcdRequestDraw	16	static
../src/hw/driver/lcd.c:403:6:lcdUpdateDraw	8	static
../src/hw/driver/lcd.c:412:6:lcdSetWindow	24	static
../src/hw/driver/lcd.c:417:11:lcdGetFrameBuffer	4	static
../src/hw/driver/lcd.c:422:11:lcdGetCurrentFrameBuffer	4	static
../src/hw/driver/lcd.c:427:6:lcdDisplayOff	4	static
../src/hw/driver/lcd.c:431:6:lcdDisplayOn	8	static
../src/hw/driver/lcd.c:436:9:lcdGetWidth	4	static
../src/hw/driver/lcd.c:441:9:lcdGetHeight	4	static
../src/hw/driver/lcd.c:447:6:lcdDrawLine	48	static
../src/hw/driver/lcd.c:501:6:lcdDrawLineBuffer	48	static
../src/hw/driver/lcd.c:569:6:lcdDrawVLine	32	static
../src/hw/driver/lcd.c:574:6:lcdDrawHLine	32	static
../src/hw/driver/lcd.c:579:6:lcdDrawFillRect	32	static
../src/hw/driver/lcd.c:587:6:lcdDrawRect	24	static
../src/hw/driver/lcd.c:595:6:lcdDrawFillScreen	24	static
../src/hw/driver/lcd.c:600:6:lcdPrintf	348	static
../src/hw/driver/lcd.c:644:10:lcdGetStrWidth	328	static
../src/hw/driver/lcd.c:675:6:disHanFont	40	static
../src/hw/driver/lcd.c:712:6:cliLcd	32	static
