../src/hw/driver/cli.c:559:6:cliToUpper	8	static
../src/hw/driver/cli.c:618:7:cliArgsGetStr	0	static
../src/hw/driver/cli.c:634:6:cliArgsIsStr	8	static
../src/hw/driver/cli.c:602:7:cliArgsGetFloat	0	static
../src/hw/driver/cli.c:586:9:cliArgsGetData	0	static
../src/hw/driver/cli.c:445:6:cliLineChange.constprop	16	static
../src/hw/driver/cli.c:137:6:cliOpen	8	static
../src/hw/driver/cli.c:147:6:cliOpenLog	8	static
../src/hw/driver/cli.c:163:6:cliLogClose	0	static
../src/hw/driver/cli.c:169:6:cliShowLog	24	static
../src/hw/driver/cli.c:545:6:cliPrintf	16	static
../src/hw/driver/cli.c:691:6:cliShowList	24	static
../src/hw/driver/cli.c:708:6:cliMemoryDump	48	static
../src/hw/driver/cli.c:195:6:cliMain	48	static
../src/hw/driver/cli.c:653:6:cliKeepLoop	8	static
../src/hw/driver/cli.c:668:6:cliAdd	16	static
../src/hw/driver/cli.c:112:6:cliInit	8	static
