Archive member included to satisfy reference by file (symbol)

C:/ST/STM32CubeIDE_1.18.0/STM32CubeIDE/plugins/com.st.stm32cube.ide.mcu.externaltools.gnu-tools-for-stm32.13.3.rel1.win32_1.0.0.202411081344/tools/bin/../lib/gcc/arm-none-eabi/13.3.1/../../../../arm-none-eabi/lib/thumb/v7e-m+fp/hard\libc_nano.a(libc_a-exit.o)
                              C:/ST/STM32CubeIDE_1.18.0/STM32CubeIDE/plugins/com.st.stm32cube.ide.mcu.externaltools.gnu-tools-for-stm32.13.3.rel1.win32_1.0.0.202411081344/tools/bin/../lib/gcc/arm-none-eabi/13.3.1/../../../../arm-none-eabi/lib/thumb/v7e-m+fp/hard/crt0.o (exit)
C:/ST/STM32CubeIDE_1.18.0/STM32CubeIDE/plugins/com.st.stm32cube.ide.mcu.externaltools.gnu-tools-for-stm32.13.3.rel1.win32_1.0.0.202411081344/tools/bin/../lib/gcc/arm-none-eabi/13.3.1/../../../../arm-none-eabi/lib/thumb/v7e-m+fp/hard\libc_nano.a(libc_a-findfp.o)
                              C:/ST/STM32CubeIDE_1.18.0/STM32CubeIDE/plugins/com.st.stm32cube.ide.mcu.externaltools.gnu-tools-for-stm32.13.3.rel1.win32_1.0.0.202411081344/tools/bin/../lib/gcc/arm-none-eabi/13.3.1/../../../../arm-none-eabi/lib/thumb/v7e-m+fp/hard\libc_nano.a(libc_a-exit.o) (__stdio_exit_handler)
C:/ST/STM32CubeIDE_1.18.0/STM32CubeIDE/plugins/com.st.stm32cube.ide.mcu.externaltools.gnu-tools-for-stm32.13.3.rel1.win32_1.0.0.202411081344/tools/bin/../lib/gcc/arm-none-eabi/13.3.1/../../../../arm-none-eabi/lib/thumb/v7e-m+fp/hard\libc_nano.a(libc_a-fwalk.o)
                              C:/ST/STM32CubeIDE_1.18.0/STM32CubeIDE/plugins/com.st.stm32cube.ide.mcu.externaltools.gnu-tools-for-stm32.13.3.rel1.win32_1.0.0.202411081344/tools/bin/../lib/gcc/arm-none-eabi/13.3.1/../../../../arm-none-eabi/lib/thumb/v7e-m+fp/hard\libc_nano.a(libc_a-findfp.o) (_fwalk_sglue)
C:/ST/STM32CubeIDE_1.18.0/STM32CubeIDE/plugins/com.st.stm32cube.ide.mcu.externaltools.gnu-tools-for-stm32.13.3.rel1.win32_1.0.0.202411081344/tools/bin/../lib/gcc/arm-none-eabi/13.3.1/../../../../arm-none-eabi/lib/thumb/v7e-m+fp/hard\libc_nano.a(libc_a-stdio.o)
                              C:/ST/STM32CubeIDE_1.18.0/STM32CubeIDE/plugins/com.st.stm32cube.ide.mcu.externaltools.gnu-tools-for-stm32.13.3.rel1.win32_1.0.0.202411081344/tools/bin/../lib/gcc/arm-none-eabi/13.3.1/../../../../arm-none-eabi/lib/thumb/v7e-m+fp/hard\libc_nano.a(libc_a-findfp.o) (__sread)
C:/ST/STM32CubeIDE_1.18.0/STM32CubeIDE/plugins/com.st.stm32cube.ide.mcu.externaltools.gnu-tools-for-stm32.13.3.rel1.win32_1.0.0.202411081344/tools/bin/../lib/gcc/arm-none-eabi/13.3.1/../../../../arm-none-eabi/lib/thumb/v7e-m+fp/hard\libc_nano.a(libc_a-memset.o)
                              C:/ST/STM32CubeIDE_1.18.0/STM32CubeIDE/plugins/com.st.stm32cube.ide.mcu.externaltools.gnu-tools-for-stm32.13.3.rel1.win32_1.0.0.202411081344/tools/bin/../lib/gcc/arm-none-eabi/13.3.1/../../../../arm-none-eabi/lib/thumb/v7e-m+fp/hard/crt0.o (memset)
C:/ST/STM32CubeIDE_1.18.0/STM32CubeIDE/plugins/com.st.stm32cube.ide.mcu.externaltools.gnu-tools-for-stm32.13.3.rel1.win32_1.0.0.202411081344/tools/bin/../lib/gcc/arm-none-eabi/13.3.1/../../../../arm-none-eabi/lib/thumb/v7e-m+fp/hard\libc_nano.a(libc_a-closer.o)
                              C:/ST/STM32CubeIDE_1.18.0/STM32CubeIDE/plugins/com.st.stm32cube.ide.mcu.externaltools.gnu-tools-for-stm32.13.3.rel1.win32_1.0.0.202411081344/tools/bin/../lib/gcc/arm-none-eabi/13.3.1/../../../../arm-none-eabi/lib/thumb/v7e-m+fp/hard\libc_nano.a(libc_a-stdio.o) (_close_r)
C:/ST/STM32CubeIDE_1.18.0/STM32CubeIDE/plugins/com.st.stm32cube.ide.mcu.externaltools.gnu-tools-for-stm32.13.3.rel1.win32_1.0.0.202411081344/tools/bin/../lib/gcc/arm-none-eabi/13.3.1/../../../../arm-none-eabi/lib/thumb/v7e-m+fp/hard\libc_nano.a(libc_a-reent.o)
                              C:/ST/STM32CubeIDE_1.18.0/STM32CubeIDE/plugins/com.st.stm32cube.ide.mcu.externaltools.gnu-tools-for-stm32.13.3.rel1.win32_1.0.0.202411081344/tools/bin/../lib/gcc/arm-none-eabi/13.3.1/../../../../arm-none-eabi/lib/thumb/v7e-m+fp/hard\libc_nano.a(libc_a-closer.o) (errno)
C:/ST/STM32CubeIDE_1.18.0/STM32CubeIDE/plugins/com.st.stm32cube.ide.mcu.externaltools.gnu-tools-for-stm32.13.3.rel1.win32_1.0.0.202411081344/tools/bin/../lib/gcc/arm-none-eabi/13.3.1/../../../../arm-none-eabi/lib/thumb/v7e-m+fp/hard\libc_nano.a(libc_a-impure.o)
                              C:/ST/STM32CubeIDE_1.18.0/STM32CubeIDE/plugins/com.st.stm32cube.ide.mcu.externaltools.gnu-tools-for-stm32.13.3.rel1.win32_1.0.0.202411081344/tools/bin/../lib/gcc/arm-none-eabi/13.3.1/../../../../arm-none-eabi/lib/thumb/v7e-m+fp/hard\libc_nano.a(libc_a-reent.o) (_impure_ptr)
C:/ST/STM32CubeIDE_1.18.0/STM32CubeIDE/plugins/com.st.stm32cube.ide.mcu.externaltools.gnu-tools-for-stm32.13.3.rel1.win32_1.0.0.202411081344/tools/bin/../lib/gcc/arm-none-eabi/13.3.1/../../../../arm-none-eabi/lib/thumb/v7e-m+fp/hard\libc_nano.a(libc_a-lseekr.o)
[...]
Memory Configuration

Name             Origin             Length             Attributes
RAM              0x20000000         0x00020000         xrw
FLASH            0x08000000         0x00080000         xr
*default*        0x00000000         0xffffffff

Linker script and memory map

LOAD C:/ST/STM32CubeIDE_1.18.0/STM32CubeIDE/plugins/com.st.stm32cube.ide.mcu.externaltools.gnu-tools-for-stm32.13.3.rel1.win32_1.0.0.202411081344/tools/bin/../lib/gcc/arm-none-eabi/13.3.1/thumb/v7e-m+fp/hard/crti.o
LOAD C:/ST/STM32CubeIDE_1.18.0/STM32CubeIDE/plugins/com.st.stm32cube.ide.mcu.externaltools.gnu-tools-for-stm32.13.3.rel1.win32_1.0.0.202411081344/tools/bin/../lib/gcc/arm-none-eabi/13.3.1/thumb/v7e-m+fp/hard/crtbegin.o
LOAD C:/ST/STM32CubeIDE_1.18.0/STM32CubeIDE/plugins/com.st.stm32cube.ide.mcu.externaltools.gnu-tools-for-stm32.13.3.rel1.win32_1.0.0.202411081344/tools/bin/../lib/gcc/arm-none-eabi/13.3.1/../../../../arm-none-eabi/lib/thumb/v7e-m+fp/hard/crt0.o
LOAD ./src/ap/ap.o
LOAD ./src/bsp/bsp.o
LOAD ./src/bsp/stm32f4xx_hal_msp.o
LOAD ./src/bsp/stm32f4xx_it.o
LOAD ./src/bsp/syscalls.o
LOAD ./src/bsp/sysmem.o
LOAD ./src/bsp/system_stm32f4xx.o
LOAD ./src/bsp/startup/startup_stm32f411ceux.o
LOAD ./src/common/core/qbuffer.o
LOAD ./src/hw/driver/cdc.o
LOAD ./src/hw/driver/cli.o
LOAD ./src/hw/driver/flash.o
LOAD ./src/hw/driver/led.o
LOAD ./src/hw/driver/reset.o
LOAD ./src/hw/driver/rtc.o
LOAD ./src/hw/driver/uart.o
LOAD ./src/hw/driver/usb.o
LOAD ./src/hw/hw.o
LOAD ./src/lib/cube_f411/Drivers/STM32F4xx_HAL_Driver/Src/stm32f4xx_hal.o
LOAD ./src/lib/cube_f411/Drivers/STM32F4xx_HAL_Driver/Src/stm32f4xx_hal_cortex.o
LOAD ./src/lib/cube_f411/Drivers/STM32F4xx_HAL_Driver/Src/stm32f4xx_hal_dma.o
LOAD ./src/lib/cube_f411/Drivers/STM32F4xx_HAL_Driver/Src/stm32f4xx_hal_dma_ex.o
LOAD ./src/lib/cube_f411/Drivers/STM32F4xx_HAL_Driver/Src/stm32f4xx_hal_exti.o
LOAD ./src/lib/cube_f411/Drivers/STM32F4xx_HAL_Driver/Src/stm32f4xx_hal_flash.o
LOAD ./src/lib/cube_f411/Drivers/STM32F4xx_HAL_Driver/Src/stm32f4xx_hal_flash_ex.o
LOAD ./src/lib/cube_f411/Drivers/STM32F4xx_HAL_Driver/Src/stm32f4xx_hal_flash_ramfunc.o
LOAD ./src/lib/cube_f411/Drivers/STM32F4xx_HAL_Driver/Src/stm32f4xx_hal_gpio.o
LOAD ./src/lib/cube_f411/Drivers/STM32F4xx_HAL_Driver/Src/stm32f4xx_hal_pwr.o
LOAD ./src/lib/cube_f411/Drivers/STM32F4xx_HAL_Driver/Src/stm32f4xx_hal_pwr_ex.o
LOAD ./src/lib/cube_f411/Drivers/STM32F4xx_HAL_Driver/Src/stm32f4xx_hal_rcc.o
LOAD ./src/lib/cube_f411/Drivers/STM32F4xx_HAL_Driver/Src/stm32f4xx_hal_rcc_ex.o
LOAD ./src/main.o
START GROUP
LOAD C:/ST/STM32CubeIDE_1.18.0/STM32CubeIDE/plugins/com.st.stm32cube.ide.mcu.externaltools.gnu-tools-for-stm32.13.3.rel1.win32_1.0.0.202411081344/tools/bin/../lib/gcc/arm-none-eabi/13.3.1/../../../../arm-none-eabi/lib/thumb/v7e-m+fp/hard\libc_nano.a
LOAD C:/ST/STM32CubeIDE_1.18.0/STM32CubeIDE/plugins/com.st.stm32cube.ide.mcu.externaltools.gnu-tools-for-stm32.13.3.rel1.win32_1.0.0.202411081344/tools/bin/../lib/gcc/arm-none-eabi/13.3.1/../../../../arm-none-eabi/lib/thumb/v7e-m+fp/hard\libm.a
END GROUP
START GROUP
LOAD C:/ST/STM32CubeIDE_1.18.0/STM32CubeIDE/plugins/com.st.stm32cube.ide.mcu.externaltools.gnu-tools-for-stm32.13.3.rel1.win32_1.0.0.202411081344/tools/bin/../lib/gcc/arm-none-eabi/13.3.1/thumb/v7e-m+fp/hard\libgcc.a
LOAD C:/ST/STM32CubeIDE_1.18.0/STM32CubeIDE/plugins/com.st.stm32cube.ide.mcu.externaltools.gnu-tools-for-stm32.13.3.rel1.win32_1.0.0.202411081344/tools/bin/../lib/gcc/arm-none-eabi/13.3.1/../../../../arm-none-eabi/lib/thumb/v7e-m+fp/hard\libc_nano.a
END GROUP
START GROUP
LOAD C:/ST/STM32CubeIDE_1.18.0/STM32CubeIDE/plugins/com.st.stm32cube.ide.mcu.externaltools.gnu-tools-for-stm32.13.3.rel1.win32_1.0.0.202411081344/tools/bin/../lib/gcc/arm-none-eabi/13.3.1/thumb/v7e-m+fp/hard\libgcc.a
LOAD C:/ST/STM32CubeIDE_1.18.0/STM32CubeIDE/plugins/com.st.stm32cube.ide.mcu.externaltools.gnu-tools-for-stm32.13.3.rel1.win32_1.0.0.202411081344/tools/bin/../lib/gcc/arm-none-eabi/13.3.1/../../../../arm-none-eabi/lib/thumb/v7e-m+fp/hard\libc_nano.a
LOAD C:/ST/STM32CubeIDE_1.18.0/STM32CubeIDE/plugins/com.st.stm32cube.ide.mcu.externaltools.gnu-tools-for-stm32.13.3.rel1.win32_1.0.0.202411081344/tools/bin/../lib/gcc/arm-none-eabi/13.3.1/../../../../arm-none-eabi/lib/thumb/v7e-m+fp/hard\libnosys.a
END GROUP
START GROUP
LOAD C:/ST/STM32CubeIDE_1.18.0/STM32CubeIDE/plugins/com.st.stm32cube.ide.mcu.externaltools.gnu-tools-for-stm32.13.3.rel1.win32_1.0.0.202411081344/tools/bin/../lib/gcc/arm-none-eabi/13.3.1/thumb/v7e-m+fp/hard\libgcc.a
LOAD C:/ST/STM32CubeIDE_1.18.0/STM32CubeIDE/plugins/com.st.stm32cube.ide.mcu.externaltools.gnu-tools-for-stm32.13.3.rel1.win32_1.0.0.202411081344/tools/bin/../lib/gcc/arm-none-eabi/13.3.1/../../../../arm-none-eabi/lib/thumb/v7e-m+fp/hard\libc_nano.a
LOAD C:/ST/STM32CubeIDE_1.18.0/STM32CubeIDE/plugins/com.st.stm32cube.ide.mcu.externaltools.gnu-tools-for-stm32.13.3.rel1.win32_1.0.0.202411081344/tools/bin/../lib/gcc/arm-none-eabi/13.3.1/../../../../arm-none-eabi/lib/thumb/v7e-m+fp/hard\libnosys.a
END GROUP
LOAD C:/ST/STM32CubeIDE_1.18.0/STM32CubeIDE/plugins/com.st.stm32cube.ide.mcu.externaltools.gnu-tools-for-stm32.13.3.rel1.win32_1.0.0.202411081344/tools/bin/../lib/gcc/arm-none-eabi/13.3.1/thumb/v7e-m+fp/hard/crtend.o
LOAD C:/ST/STM32CubeIDE_1.18.0/STM32CubeIDE/plugins/com.st.stm32cube.ide.mcu.externaltools.gnu-tools-for-stm32.13.3.rel1.win32_1.0.0.202411081344/tools/bin/../lib/gcc/arm-none-eabi/13.3.1/thumb/v7e-m+fp/hard/crtn.o
                0x20020000                        _estack = (ORIGIN (RAM) + LENGTH (RAM))
                0x00000200                        _Min_Heap_Size = 0x200
                0x00000400                        _Min_Stack_Size = 0x400

.isr_vector     0x08000000      0x198
                0x08000000                        . = ALIGN (0x4)
 *(.isr_vector)
 .isr_vector    0x08000000      0x198 ./src/bsp/startup/startup_stm32f411ceux.o
                0x08000000                g_pfnVectors
                0x08000198                        . = ALIGN (0x4)

.text           0x08000198     0x15f4
                0x08000198                        . = ALIGN (0x4)
 *(.text)
 .text          0x08000198       0x40 C:/ST/STM32CubeIDE_1.18.0/STM32CubeIDE/plugins/com.st.stm32cube.ide.mcu.externaltools.gnu-tools-for-stm32.13.3.rel1.win32_1.0.0.202411081344/tools/bin/../lib/gcc/arm-none-eabi/13.3.1/thumb/v7e-m+fp/hard/crtbegin.o
 .text          0x080001d8       0x30 C:/ST/STM32CubeIDE_1.18.0/STM32CubeIDE/plugins/com.st.stm32cube.ide.mcu.externaltools.gnu-tools-for-stm32.13.3.rel1.win32_1.0.0.202411081344/tools/bin/../lib/gcc/arm-none-eabi/13.3.1/thumb/v7e-m+fp/hard\libgcc.a(_aeabi_uldivmod.o)
                0x080001d8                __aeabi_uldivmod
 .text          0x08000208      0x2f8 C:/ST/STM32CubeIDE_1.18.0/STM32CubeIDE/plugins/com.st.stm32cube.ide.mcu.externaltools.gnu-tools-for-stm32.13.3.rel1.win32_1.0.0.202411081344/tools/bin/../lib/gcc/arm-none-eabi/13.3.1/thumb/v7e-m+fp/hard\libgcc.a(_udivmoddi4.o)
                0x08000208                __udivmoddi4
 .text          0x08000500        0x4 C:/ST/STM32CubeIDE_1.18.0/STM32CubeIDE/plugins/com.st.stm32cube.ide.mcu.externaltools.gnu-tools-for-stm32.13.3.rel1.win32_1.0.0.202411081344/tools/bin/../lib/gcc/arm-none-eabi/13.3.1/thumb/v7e-m+fp/hard\libgcc.a(_dvmd_tls.o)
                0x08000500                __aeabi_idiv0
                0x08000500                __aeabi_ldiv0
 *(.text*)
 .text.apInit   0x08000504        0xe ./src/ap/ap.o
                0x08000504                apInit
 .text.apMain   0x08000512       0x2a ./src/ap/ap.o
                0x08000512                apMain
 .text.bspInit  0x0800053c       0x38 ./src/bsp/bsp.o
                0x0800053c                bspInit
 .text.millis   0x08000574        0xe ./src/bsp/bsp.o
                0x08000574                millis
 *fill*         0x08000582        0x2 
 .text.SystemClock_Config
                0x08000584       0xd0 ./src/bsp/bsp.o
                0x08000584                SystemClock_Config
 .text.Error_Handler
                0x08000654        0xc ./src/bsp/bsp.o
                0x08000654                Error_Handler
 .text.HAL_MspInit
                0x08000660       0x50 ./src/bsp/stm32f4xx_hal_msp.o
                0x08000660                HAL_MspInit
 .text.NMI_Handler
                0x080006b0        0x8 ./src/bsp/stm32f4xx_it.o
                0x080006b0                NMI_Handler
 .text.HardFault_Handler
                0x080006b8        0x8 ./src/bsp/stm32f4xx_it.o
                0x080006b8                HardFault_Handler
 .text.MemManage_Handler
                0x080006c0        0x8 ./src/bsp/stm32f4xx_it.o
                0x080006c0                MemManage_Handler
 .text.BusFault_Handler
                0x080006c8        0x8 ./src/bsp/stm32f4xx_it.o
                0x080006c8                BusFault_Handler
 .text.UsageFault_Handler
                0x080006d0        0x8 ./src/bsp/stm32f4xx_it.o
                0x080006d0                UsageFault_Handler
 .text.SVC_Handler
                0x080006d8        0xe ./src/bsp/stm32f4xx_it.o
                0x080006d8                SVC_Handler
 .text.DebugMon_Handler
                0x080006e6        0xe ./src/bsp/stm32f4xx_it.o
                0x080006e6                DebugMon_Handler
 .text.PendSV_Handler
                0x080006f4        0xe ./src/bsp/stm32f4xx_it.o
                0x080006f4                PendSV_Handler
 .text.SysTick_Handler
                0x08000702        0xc ./src/bsp/stm32f4xx_it.o
                0x08000702                SysTick_Handler
 *fill*         0x0800070e        0x2 
 .text.SystemInit
                0x08000710       0x24 ./src/bsp/system_stm32f4xx.o
                0x08000710                SystemInit
 .text.Reset_Handler
                0x08000734       0x50 ./src/bsp/startup/startup_stm32f411ceux.o
                0x08000734                Reset_Handler
 .text.Default_Handler
                0x08000784        0x2 ./src/bsp/startup/startup_stm32f411ceux.o
                0x08000784                RTC_Alarm_IRQHandler
                0x08000784                EXTI2_IRQHandler
                0x08000784                SPI4_IRQHandler
                0x08000784                TIM1_CC_IRQHandler
                0x08000784                DMA2_Stream5_IRQHandler
                0x08000784                DMA1_Stream5_IRQHandler
                0x08000784                PVD_IRQHandler
                0x08000784                SDIO_IRQHandler
                0x08000784                TAMP_STAMP_IRQHandler
                0x08000784                EXTI3_IRQHandler
                0x08000784                TIM1_UP_TIM10_IRQHandler
                0x08000784                I2C3_ER_IRQHandler
                0x08000784                EXTI0_IRQHandler
                0x08000784                I2C2_EV_IRQHandler
                0x08000784                DMA1_Stream2_IRQHandler
                0x08000784                FPU_IRQHandler
                0x08000784                DMA2_Stream2_IRQHandler
                0x08000784                SPI1_IRQHandler
                0x08000784                TIM1_BRK_TIM9_IRQHandler
                0x08000784                DMA2_Stream3_IRQHandler
                0x08000784                USART6_IRQHandler
                0x08000784                DMA2_Stream0_IRQHandler
                0x08000784                TIM4_IRQHandler
                0x08000784                I2C1_EV_IRQHandler
                0x08000784                DMA1_Stream6_IRQHandler
                0x08000784                DMA1_Stream1_IRQHandler
                0x08000784                TIM3_IRQHandler
                0x08000784                RCC_IRQHandler
                0x08000784                Default_Handler
                0x08000784                EXTI15_10_IRQHandler
                0x08000784                ADC_IRQHandler
                0x08000784                DMA1_Stream7_IRQHandler
                0x08000784                SPI5_IRQHandler
                0x08000784                TIM5_IRQHandler
                0x08000784                DMA2_Stream7_IRQHandler
                0x08000784                I2C3_EV_IRQHandler
                0x08000784                EXTI9_5_IRQHandler
                0x08000784                RTC_WKUP_IRQHandler
                0x08000784                SPI2_IRQHandler
                0x08000784                DMA1_Stream0_IRQHandler
                0x08000784                EXTI4_IRQHandler
                0x08000784                WWDG_IRQHandler
                0x08000784                TIM2_IRQHandler
                0x08000784                OTG_FS_WKUP_IRQHandler
                0x08000784                TIM1_TRG_COM_TIM11_IRQHandler
                0x08000784                EXTI1_IRQHandler
                0x08000784                USART2_IRQHandler
                0x08000784                I2C2_ER_IRQHandler
                0x08000784                DMA2_Stream1_IRQHandler
                0x08000784                FLASH_IRQHandler
                0x08000784                DMA2_Stream4_IRQHandler
                0x08000784                USART1_IRQHandler
                0x08000784                OTG_FS_IRQHandler
                0x08000784                SPI3_IRQHandler
                0x08000784                DMA1_Stream4_IRQHandler
                0x08000784                I2C1_ER_IRQHandler
                0x08000784                DMA2_Stream6_IRQHandler
                0x08000784                DMA1_Stream3_IRQHandler
 *fill*         0x08000786        0x2 
 .text.ledInit  0x08000788       0x8c ./src/hw/driver/led.o
                0x08000788                ledInit
 .text.ledOff   0x08000814       0x40 ./src/hw/driver/led.o
                0x08000814                ledOff
 .text.ledToggle
                0x08000854       0x38 ./src/hw/driver/led.o
                0x08000854                ledToggle
 .text.hwInit   0x0800088c       0x10 ./src/hw/hw.o
                0x0800088c                hwInit
 .text.HAL_Init
                0x0800089c       0x44 ./src/lib/cube_f411/Drivers/STM32F4xx_HAL_Driver/Src/stm32f4xx_hal.o
                0x0800089c                HAL_Init
 .text.HAL_InitTick
                0x080008e0       0x60 ./src/lib/cube_f411/Drivers/STM32F4xx_HAL_Driver/Src/stm32f4xx_hal.o
                0x080008e0                HAL_InitTick
 .text.HAL_IncTick
                0x08000940       0x28 ./src/lib/cube_f411/Drivers/STM32F4xx_HAL_Driver/Src/stm32f4xx_hal.o
                0x08000940                HAL_IncTick
 .text.HAL_GetTick
                0x08000968       0x18 ./src/lib/cube_f411/Drivers/STM32F4xx_HAL_Driver/Src/stm32f4xx_hal.o
                0x08000968                HAL_GetTick
 .text.__NVIC_SetPriorityGrouping
                0x08000980       0x48 ./src/lib/cube_f411/Drivers/STM32F4xx_HAL_Driver/Src/stm32f4xx_hal_cortex.o
 .text.__NVIC_GetPriorityGrouping
                0x080009c8       0x1c ./src/lib/cube_f411/Drivers/STM32F4xx_HAL_Driver/Src/stm32f4xx_hal_cortex.o
 .text.__NVIC_SetPriority
                0x080009e4       0x54 ./src/lib/cube_f411/Drivers/STM32F4xx_HAL_Driver/Src/stm32f4xx_hal_cortex.o
 .text.NVIC_EncodePriority
                0x08000a38       0x66 ./src/lib/cube_f411/Drivers/STM32F4xx_HAL_Driver/Src/stm32f4xx_hal_cortex.o
 *fill*         0x08000a9e        0x2 
 .text.SysTick_Config
                0x08000aa0       0x44 ./src/lib/cube_f411/Drivers/STM32F4xx_HAL_Driver/Src/stm32f4xx_hal_cortex.o
 .text.HAL_NVIC_SetPriorityGrouping
                0x08000ae4       0x16 ./src/lib/cube_f411/Drivers/STM32F4xx_HAL_Driver/Src/stm32f4xx_hal_cortex.o
                0x08000ae4                HAL_NVIC_SetPriorityGrouping
 .text.HAL_NVIC_SetPriority
                0x08000afa       0x38 ./src/lib/cube_f411/Drivers/STM32F4xx_HAL_Driver/Src/stm32f4xx_hal_cortex.o
                0x08000afa                HAL_NVIC_SetPriority
 .text.HAL_SYSTICK_Config
                0x08000b32       0x18 ./src/lib/cube_f411/Drivers/STM32F4xx_HAL_Driver/Src/stm32f4xx_hal_cortex.o
                0x08000b32                HAL_SYSTICK_Config
 *fill*         0x08000b4a        0x2 
 .text.HAL_GPIO_Init
                0x08000b4c      0x308 ./src/lib/cube_f411/Drivers/STM32F4xx_HAL_Driver/Src/stm32f4xx_hal_gpio.o
                0x08000b4c                HAL_GPIO_Init
 .text.HAL_GPIO_WritePin
                0x08000e54       0x32 ./src/lib/cube_f411/Drivers/STM32F4xx_HAL_Driver/Src/stm32f4xx_hal_gpio.o
                0x08000e54                HAL_GPIO_WritePin
 .text.HAL_GPIO_TogglePin
                0x08000e86       0x34 ./src/lib/cube_f411/Drivers/STM32F4xx_HAL_Driver/Src/stm32f4xx_hal_gpio.o
                0x08000e86                HAL_GPIO_TogglePin
 *fill*         0x08000eba        0x2 
 .text.HAL_RCC_OscConfig
                0x08000ebc      0x4f0 ./src/lib/cube_f411/Drivers/STM32F4xx_HAL_Driver/Src/stm32f4xx_hal_rcc.o
                0x08000ebc                HAL_RCC_OscConfig
 .text.HAL_RCC_ClockConfig
                0x080013ac      0x1cc ./src/lib/cube_f411/Drivers/STM32F4xx_HAL_Driver/Src/stm32f4xx_hal_rcc.o
                0x080013ac                HAL_RCC_ClockConfig
 .text.HAL_RCC_GetSysClockFreq
                0x08001578      0x18c ./src/lib/cube_f411/Drivers/STM32F4xx_HAL_Driver/Src/stm32f4xx_hal_rcc.o
                0x08001578                HAL_RCC_GetSysClockFreq
 .text.main     0x08001704       0x16 ./src/main.o
                0x08001704                main
 .text.memset   0x0800171a       0x10 C:/ST/STM32CubeIDE_1.18.0/STM32CubeIDE/plugins/com.st.stm32cube.ide.mcu.externaltools.gnu-tools-for-stm32.13.3.rel1.win32_1.0.0.202411081344/tools/bin/../lib/gcc/arm-none-eabi/13.3.1/../../../../arm-none-eabi/lib/thumb/v7e-m+fp/hard\libc_nano.a(libc_a-memset.o)
                0x0800171a                memset
 *fill*         0x0800172a        0x2 
 .text.__libc_init_array
                0x0800172c       0x48 C:/ST/STM32CubeIDE_1.18.0/STM32CubeIDE/plugins/com.st.stm32cube.ide.mcu.externaltools.gnu-tools-for-stm32.13.3.rel1.win32_1.0.0.202411081344/tools/bin/../lib/gcc/arm-none-eabi/13.3.1/../../../../arm-none-eabi/lib/thumb/v7e-m+fp/hard\libc_nano.a(libc_a-init.o)
                0x0800172c                __libc_init_array
 *(.glue_7)
 .glue_7        0x08001774        0x0 linker stubs
 *(.glue_7t)
 .glue_7t       0x08001774        0x0 linker stubs
 *(.eh_frame)
 .eh_frame      0x08001774        0x0 C:/ST/STM32CubeIDE_1.18.0/STM32CubeIDE/plugins/com.st.stm32cube.ide.mcu.externaltools.gnu-tools-for-stm32.13.3.rel1.win32_1.0.0.202411081344/tools/bin/../lib/gcc/arm-none-eabi/13.3.1/thumb/v7e-m+fp/hard/crtbegin.o
 *(.init)
 .init          0x08001774        0x4 C:/ST/STM32CubeIDE_1.18.0/STM32CubeIDE/plugins/com.st.stm32cube.ide.mcu.externaltools.gnu-tools-for-stm32.13.3.rel1.win32_1.0.0.202411081344/tools/bin/../lib/gcc/arm-none-eabi/13.3.1/thumb/v7e-m+fp/hard/crti.o
                0x08001774                _init
 .init          0x08001778        0x8 C:/ST/STM32CubeIDE_1.18.0/STM32CubeIDE/plugins/com.st.stm32cube.ide.mcu.externaltools.gnu-tools-for-stm32.13.3.rel1.win32_1.0.0.202411081344/tools/bin/../lib/gcc/arm-none-eabi/13.3.1/thumb/v7e-m+fp/hard/crtn.o
 *(.fini)
 .fini          0x08001780        0x4 C:/ST/STM32CubeIDE_1.18.0/STM32CubeIDE/plugins/com.st.stm32cube.ide.mcu.externaltools.gnu-tools-for-stm32.13.3.rel1.win32_1.0.0.202411081344/tools/bin/../lib/gcc/arm-none-eabi/13.3.1/thumb/v7e-m+fp/hard/crti.o
                0x08001780                _fini
 .fini          0x08001784        0x8 C:/ST/STM32CubeIDE_1.18.0/STM32CubeIDE/plugins/com.st.stm32cube.ide.mcu.externaltools.gnu-tools-for-stm32.13.3.rel1.win32_1.0.0.202411081344/tools/bin/../lib/gcc/arm-none-eabi/13.3.1/thumb/v7e-m+fp/hard/crtn.o
                0x0800178c                        . = ALIGN (0x4)
                0x0800178c                        _etext = .

.vfp11_veneer   0x0800178c        0x0
 .vfp11_veneer  0x0800178c        0x0 linker stubs

.v4_bx          0x0800178c        0x0
 .v4_bx         0x0800178c        0x0 linker stubs

.iplt           0x0800178c        0x0
 .iplt          0x0800178c        0x0 C:/ST/STM32CubeIDE_1.18.0/STM32CubeIDE/plugins/com.st.stm32cube.ide.mcu.externaltools.gnu-tools-for-stm32.13.3.rel1.win32_1.0.0.202411081344/tools/bin/../lib/gcc/arm-none-eabi/13.3.1/thumb/v7e-m+fp/hard/crtbegin.o

.rodata         0x0800178c       0x10
                0x0800178c                        . = ALIGN (0x4)
 *(.rodata)
 *(.rodata*)
 .rodata.AHBPrescTable
                0x0800178c       0x10 ./src/bsp/system_stm32f4xx.o
                0x0800178c                AHBPrescTable
                0x0800179c                        . = ALIGN (0x4)

.ARM.extab      0x0800179c        0x0
                0x0800179c                        . = ALIGN (0x4)
 *(.ARM.extab* .gnu.linkonce.armextab.*)
                0x0800179c                        . = ALIGN (0x4)

.ARM            0x0800179c        0x8
                0x0800179c                        . = ALIGN (0x4)
                0x0800179c                        __exidx_start = .
 *(.ARM.exidx*)
 .ARM.exidx     0x0800179c        0x8 C:/ST/STM32CubeIDE_1.18.0/STM32CubeIDE/plugins/com.st.stm32cube.ide.mcu.externaltools.gnu-tools-for-stm32.13.3.rel1.win32_1.0.0.202411081344/tools/bin/../lib/gcc/arm-none-eabi/13.3.1/thumb/v7e-m+fp/hard\libgcc.a(_udivmoddi4.o)
                0x080017a4                        __exidx_end = .
                0x080017a4                        . = ALIGN (0x4)

.preinit_array  0x080017a4        0x0
                0x080017a4                        . = ALIGN (0x4)
                0x080017a4                        PROVIDE (__preinit_array_start = .)
 *(.preinit_array*)
                0x080017a4                        PROVIDE (__preinit_array_end = .)
                0x080017a4                        . = ALIGN (0x4)

.init_array     0x080017a4        0x4
                0x080017a4                        . = ALIGN (0x4)
                0x080017a4                        PROVIDE (__init_array_start = .)
 *(SORT_BY_NAME(.init_array.*))
 *(.init_array*)
 .init_array    0x080017a4        0x4 C:/ST/STM32CubeIDE_1.18.0/STM32CubeIDE/plugins/com.st.stm32cube.ide.mcu.externaltools.gnu-tools-for-stm32.13.3.rel1.win32_1.0.0.202411081344/tools/bin/../lib/gcc/arm-none-eabi/13.3.1/thumb/v7e-m+fp/hard/crtbegin.o
                0x080017a8                        PROVIDE (__init_array_end = .)
                0x080017a8                        . = ALIGN (0x4)

.fini_array     0x080017a8        0x4
                0x080017a8                        . = ALIGN (0x4)
                [!provide]                        PROVIDE (__fini_array_start = .)
 *(SORT_BY_NAME(.fini_array.*))
 *(.fini_array*)
 .fini_array    0x080017a8        0x4 C:/ST/STM32CubeIDE_1.18.0/STM32CubeIDE/plugins/com.st.stm32cube.ide.mcu.externaltools.gnu-tools-for-stm32.13.3.rel1.win32_1.0.0.202411081344/tools/bin/../lib/gcc/arm-none-eabi/13.3.1/thumb/v7e-m+fp/hard/crtbegin.o
                [!provide]                        PROVIDE (__fini_array_end = .)
                0x080017ac                        . = ALIGN (0x4)
                0x080017ac                        _sidata = LOADADDR (.data)

.rel.dyn        0x080017ac        0x0
 .rel.iplt      0x080017ac        0x0 C:/ST/STM32CubeIDE_1.18.0/STM32CubeIDE/plugins/com.st.stm32cube.ide.mcu.externaltools.gnu-tools-for-stm32.13.3.rel1.win32_1.0.0.202411081344/tools/bin/../lib/gcc/arm-none-eabi/13.3.1/thumb/v7e-m+fp/hard/crtbegin.o

.data           0x20000000       0x14 load address 0x080017ac
                0x20000000                        . = ALIGN (0x4)
                0x20000000                        _sdata = .
 *(.data)
 *(.data*)
 .data.SystemCoreClock
                0x20000000        0x4 ./src/bsp/system_stm32f4xx.o
                0x20000000                SystemCoreClock
 .data.led_tbl  0x20000004        0x8 ./src/hw/driver/led.o
                0x20000004                led_tbl
 .data.uwTickPrio
                0x2000000c        0x4 ./src/lib/cube_f411/Drivers/STM32F4xx_HAL_Driver/Src/stm32f4xx_hal.o
                0x2000000c                uwTickPrio
 .data.uwTickFreq
                0x20000010        0x1 ./src/lib/cube_f411/Drivers/STM32F4xx_HAL_Driver/Src/stm32f4xx_hal.o
                0x20000010                uwTickFreq
 *(.RamFunc)
 *(.RamFunc*)
                0x20000014                        . = ALIGN (0x4)
 *fill*         0x20000011        0x3 
                0x20000014                        _edata = .

.igot.plt       0x20000014        0x0 load address 0x080017c0
 .igot.plt      0x20000014        0x0 C:/ST/STM32CubeIDE_1.18.0/STM32CubeIDE/plugins/com.st.stm32cube.ide.mcu.externaltools.gnu-tools-for-stm32.13.3.rel1.win32_1.0.0.202411081344/tools/bin/../lib/gcc/arm-none-eabi/13.3.1/thumb/v7e-m+fp/hard/crtbegin.o
                0x20000014                        . = ALIGN (0x4)

.bss            0x20000014       0x20 load address 0x080017c0
                0x20000014                        _sbss = .
                0x20000014                        __bss_start__ = _sbss
 *(.bss)
 .bss           0x20000014       0x1c C:/ST/STM32CubeIDE_1.18.0/STM32CubeIDE/plugins/com.st.stm32cube.ide.mcu.externaltools.gnu-tools-for-stm32.13.3.rel1.win32_1.0.0.202411081344/tools/bin/../lib/gcc/arm-none-eabi/13.3.1/thumb/v7e-m+fp/hard/crtbegin.o
 *(.bss*)
 .bss.uwTick    0x20000030        0x4 ./src/lib/cube_f411/Drivers/STM32F4xx_HAL_Driver/Src/stm32f4xx_hal.o
                0x20000030                uwTick
 *(COMMON)
                0x20000034                        . = ALIGN (0x4)
                0x20000034                        _ebss = .
                0x20000034                        __bss_end__ = _ebss

._user_heap_stack
                0x20000034      0x604 load address 0x080017c0
                0x20000038                        . = ALIGN (0x8)
 *fill*         0x20000034        0x4 
                [!provide]                        PROVIDE (end = .)
                0x20000038                        PROVIDE (_end = .)
                0x20000238                        . = (. + _Min_Heap_Size)
 *fill*         0x20000038      0x200 
                0x20000638                        . = (. + _Min_Stack_Size)
 *fill*         0x20000238      0x400 
                0x20000638                        . = ALIGN (0x8)

/DISCARD/
 libc.a(*)
 libm.a(*)
 libgcc.a(*)

.ARM.attributes
                0x00000000       0x30
 *(.ARM.attributes)
 .ARM.attributes
                0x00000000       0x22 C:/ST/STM32CubeIDE_1.18.0/STM32CubeIDE/plugins/com.st.stm32cube.ide.mcu.externaltools.gnu-tools-for-stm32.13.3.rel1.win32_1.0.0.202411081344/tools/bin/../lib/gcc/arm-none-eabi/13.3.1/thumb/v7e-m+fp/hard/crti.o
 .ARM.attributes
                0x00000022       0x34 C:/ST/STM32CubeIDE_1.18.0/STM32CubeIDE/plugins/com.st.stm32cube.ide.mcu.externaltools.gnu-tools-for-stm32.13.3.rel1.win32_1.0.0.202411081344/tools/bin/../lib/gcc/arm-none-eabi/13.3.1/thumb/v7e-m+fp/hard/crtbegin.o
 .ARM.attributes
                0x00000056       0x34 ./src/ap/ap.o
 .ARM.attributes
                0x0000008a       0x34 ./src/bsp/bsp.o
 .ARM.attributes
                0x000000be       0x34 ./src/bsp/stm32f4xx_hal_msp.o
 .ARM.attributes
                0x000000f2       0x34 ./src/bsp/stm32f4xx_it.o
 .ARM.attributes
                0x00000126       0x34 ./src/bsp/system_stm32f4xx.o
 .ARM.attributes
                0x0000015a       0x21 ./src/bsp/startup/startup_stm32f411ceux.o
 .ARM.attributes
                0x0000017b       0x34 ./src/hw/driver/led.o
 .ARM.attributes
                0x000001af       0x34 ./src/hw/hw.o
 .ARM.attributes
                0x000001e3       0x34 ./src/lib/cube_f411/Drivers/STM32F4xx_HAL_Driver/Src/stm32f4xx_hal.o
 .ARM.attributes
                0x00000217       0x34 ./src/lib/cube_f411/Drivers/STM32F4xx_HAL_Driver/Src/stm32f4xx_hal_cortex.o
 .ARM.attributes
                0x0000024b       0x34 ./src/lib/cube_f411/Drivers/STM32F4xx_HAL_Driver/Src/stm32f4xx_hal_gpio.o
 .ARM.attributes
                0x0000027f       0x34 ./src/lib/cube_f411/Drivers/STM32F4xx_HAL_Driver/Src/stm32f4xx_hal_rcc.o
 .ARM.attributes
                0x000002b3       0x34 ./src/main.o
 .ARM.attributes
                0x000002e7       0x34 C:/ST/STM32CubeIDE_1.18.0/STM32CubeIDE/plugins/com.st.stm32cube.ide.mcu.externaltools.gnu-tools-for-stm32.13.3.rel1.win32_1.0.0.202411081344/tools/bin/../lib/gcc/arm-none-eabi/13.3.1/../../../../arm-none-eabi/lib/thumb/v7e-m+fp/hard\libc_nano.a(libc_a-memset.o)
 .ARM.attributes
                0x0000031b       0x34 C:/ST/STM32CubeIDE_1.18.0/STM32CubeIDE/plugins/com.st.stm32cube.ide.mcu.externaltools.gnu-tools-for-stm32.13.3.rel1.win32_1.0.0.202411081344/tools/bin/../lib/gcc/arm-none-eabi/13.3.1/../../../../arm-none-eabi/lib/thumb/v7e-m+fp/hard\libc_nano.a(libc_a-init.o)
 .ARM.attributes
                0x0000034f       0x22 C:/ST/STM32CubeIDE_1.18.0/STM32CubeIDE/plugins/com.st.stm32cube.ide.mcu.externaltools.gnu-tools-for-stm32.13.3.rel1.win32_1.0.0.202411081344/tools/bin/../lib/gcc/arm-none-eabi/13.3.1/thumb/v7e-m+fp/hard\libgcc.a(_aeabi_uldivmod.o)
 .ARM.attributes
                0x00000371       0x34 C:/ST/STM32CubeIDE_1.18.0/STM32CubeIDE/plugins/com.st.stm32cube.ide.mcu.externaltools.gnu-tools-for-stm32.13.3.rel1.win32_1.0.0.202411081344/tools/bin/../lib/gcc/arm-none-eabi/13.3.1/thumb/v7e-m+fp/hard\libgcc.a(_udivmoddi4.o)
 .ARM.attributes
                0x000003a5       0x22 C:/ST/STM32CubeIDE_1.18.0/STM32CubeIDE/plugins/com.st.stm32cube.ide.mcu.externaltools.gnu-tools-for-stm32.13.3.rel1.win32_1.0.0.202411081344/tools/bin/../lib/gcc/arm-none-eabi/13.3.1/thumb/v7e-m+fp/hard\libgcc.a(_dvmd_tls.o)
 .ARM.attributes
                0x000003c7       0x22 C:/ST/STM32CubeIDE_1.18.0/STM32CubeIDE/plugins/com.st.stm32cube.ide.mcu.externaltools.gnu-tools-for-stm32.13.3.rel1.win32_1.0.0.202411081344/tools/bin/../lib/gcc/arm-none-eabi/13.3.1/thumb/v7e-m+fp/hard/crtn.o
OUTPUT(stm32f411_fw.elf elf32-littlearm)
LOAD linker stubs
LOAD C:/ST/STM32CubeIDE_1.18.0/STM32CubeIDE/plugins/com.st.stm32cube.ide.mcu.externaltools.gnu-tools-for-stm32.13.3.rel1.win32_1.0.0.202411081344/tools/bin/../lib/gcc/arm-none-eabi/13.3.1/../../../../arm-none-eabi/lib/thumb/v7e-m+fp/hard\libc.a
LOAD C:/ST/STM32CubeIDE_1.18.0/STM32CubeIDE/plugins/com.st.stm32cube.ide.mcu.externaltools.gnu-tools-for-stm32.13.3.rel1.win32_1.0.0.202411081344/tools/bin/../lib/gcc/arm-none-eabi/13.3.1/../../../../arm-none-eabi/lib/thumb/v7e-m+fp/hard\libm.a
LOAD C:/ST/STM32CubeIDE_1.18.0/STM32CubeIDE/plugins/com.st.stm32cube.ide.mcu.externaltools.gnu-tools-for-stm32.13.3.rel1.win32_1.0.0.202411081344/tools/bin/../lib/gcc/arm-none-eabi/13.3.1/thumb/v7e-m+fp/hard\libgcc.a

.debug_info     0x00000000     0x3bc1
 .debug_info    0x00000000      0x105 ./src/ap/ap.o
 .debug_info    0x00000105      0x56e ./src/bsp/bsp.o
 .debug_info    0x00000673      0x298 ./src/bsp/stm32f4xx_hal_msp.o
 .debug_info    0x0000090b      0x119 ./src/bsp/stm32f4xx_it.o
 .debug_info    0x00000a24      0x537 ./src/bsp/system_stm32f4xx.o
 .debug_info    0x00000f5b       0x30 ./src/bsp/startup/startup_stm32f411ceux.o
 .debug_info    0x00000f8b      0x523 ./src/hw/driver/led.o
 .debug_info    0x000014ae       0xac ./src/hw/hw.o
 .debug_info    0x0000155a      0x8c4 ./src/lib/cube_f411/Drivers/STM32F4xx_HAL_Driver/Src/stm32f4xx_hal.o
 .debug_info    0x00001e1e      0xcfc ./src/lib/cube_f411/Drivers/STM32F4xx_HAL_Driver/Src/stm32f4xx_hal_cortex.o
 .debug_info    0x00002b1a      0x6f9 ./src/lib/cube_f411/Drivers/STM32F4xx_HAL_Driver/Src/stm32f4xx_hal_gpio.o
 .debug_info    0x00003213      0x904 ./src/lib/cube_f411/Drivers/STM32F4xx_HAL_Driver/Src/stm32f4xx_hal_rcc.o
 .debug_info    0x00003b17       0xaa ./src/main.o

.debug_abbrev   0x00000000     0x11ac
 .debug_abbrev  0x00000000       0xb1 ./src/ap/ap.o
 .debug_abbrev  0x000000b1      0x211 ./src/bsp/bsp.o
 .debug_abbrev  0x000002c2       0xd8 ./src/bsp/stm32f4xx_hal_msp.o
 .debug_abbrev  0x0000039a       0x73 ./src/bsp/stm32f4xx_it.o
 .debug_abbrev  0x0000040d      0x11a ./src/bsp/system_stm32f4xx.o
 .debug_abbrev  0x00000527       0x24 ./src/bsp/startup/startup_stm32f411ceux.o
 .debug_abbrev  0x0000054b      0x1a8 ./src/hw/driver/led.o
 .debug_abbrev  0x000006f3       0x6d ./src/hw/hw.o
 .debug_abbrev  0x00000760      0x24b ./src/lib/cube_f411/Drivers/STM32F4xx_HAL_Driver/Src/stm32f4xx_hal.o
 .debug_abbrev  0x000009ab      0x31d ./src/lib/cube_f411/Drivers/STM32F4xx_HAL_Driver/Src/stm32f4xx_hal_cortex.o
 .debug_abbrev  0x00000cc8      0x1d3 ./src/lib/cube_f411/Drivers/STM32F4xx_HAL_Driver/Src/stm32f4xx_hal_gpio.o
 .debug_abbrev  0x00000e9b      0x2b6 ./src/lib/cube_f411/Drivers/STM32F4xx_HAL_Driver/Src/stm32f4xx_hal_rcc.o
 .debug_abbrev  0x00001151       0x5b ./src/main.o

.debug_aranges  0x00000000      0x4b8
 .debug_aranges
                0x00000000       0x28 ./src/ap/ap.o
 .debug_aranges
                0x00000028       0x48 ./src/bsp/bsp.o
 .debug_aranges
                0x00000070       0x20 ./src/bsp/stm32f4xx_hal_msp.o
 .debug_aranges
                0x00000090       0x60 ./src/bsp/stm32f4xx_it.o
 .debug_aranges
                0x000000f0       0x28 ./src/bsp/system_stm32f4xx.o
 .debug_aranges
                0x00000118       0x28 ./src/bsp/startup/startup_stm32f411ceux.o
 .debug_aranges
                0x00000140       0x38 ./src/hw/driver/led.o
 .debug_aranges
                0x00000178       0x20 ./src/hw/hw.o
 .debug_aranges
                0x00000198       0xf0 ./src/lib/cube_f411/Drivers/STM32F4xx_HAL_Driver/Src/stm32f4xx_hal.o
 .debug_aranges
                0x00000288      0x130 ./src/lib/cube_f411/Drivers/STM32F4xx_HAL_Driver/Src/stm32f4xx_hal_cortex.o
 .debug_aranges
                0x000003b8       0x58 ./src/lib/cube_f411/Drivers/STM32F4xx_HAL_Driver/Src/stm32f4xx_hal_gpio.o
 .debug_aranges
                0x00000410       0x88 ./src/lib/cube_f411/Drivers/STM32F4xx_HAL_Driver/Src/stm32f4xx_hal_rcc.o
 .debug_aranges
                0x00000498       0x20 ./src/main.o

.debug_rnglists
                0x00000000      0x354
 .debug_rnglists
                0x00000000       0x19 ./src/ap/ap.o
 .debug_rnglists
                0x00000019       0x32 ./src/bsp/bsp.o
 .debug_rnglists
                0x0000004b       0x13 ./src/bsp/stm32f4xx_hal_msp.o
 .debug_rnglists
                0x0000005e       0x43 ./src/bsp/stm32f4xx_it.o
 .debug_rnglists
                0x000000a1       0x1a ./src/bsp/system_stm32f4xx.o
 .debug_rnglists
                0x000000bb       0x19 ./src/bsp/startup/startup_stm32f411ceux.o
 .debug_rnglists
                0x000000d4       0x26 ./src/hw/driver/led.o
 .debug_rnglists
                0x000000fa       0x13 ./src/hw/hw.o
 .debug_rnglists
                0x0000010d       0xaf ./src/lib/cube_f411/Drivers/STM32F4xx_HAL_Driver/Src/stm32f4xx_hal.o
 .debug_rnglists
                0x000001bc       0xe0 ./src/lib/cube_f411/Drivers/STM32F4xx_HAL_Driver/Src/stm32f4xx_hal_cortex.o
 .debug_rnglists
                0x0000029c       0x3f ./src/lib/cube_f411/Drivers/STM32F4xx_HAL_Driver/Src/stm32f4xx_hal_gpio.o
 .debug_rnglists
                0x000002db       0x66 ./src/lib/cube_f411/Drivers/STM32F4xx_HAL_Driver/Src/stm32f4xx_hal_rcc.o
 .debug_rnglists
                0x00000341       0x13 ./src/main.o

.debug_macro    0x00000000    0x161a4
 .debug_macro   0x00000000      0x37e ./src/ap/ap.o
 .debug_macro   0x0000037e      0xacc ./src/ap/ap.o
 .debug_macro   0x00000e4a       0x22 ./src/ap/ap.o
 .debug_macro   0x00000e6c       0x5b ./src/ap/ap.o
 .debug_macro   0x00000ec7       0x2a ./src/ap/ap.o
 .debug_macro   0x00000ef1       0x94 ./src/ap/ap.o
 .debug_macro   0x00000f85       0x43 ./src/ap/ap.o
 .debug_macro   0x00000fc8       0x34 ./src/ap/ap.o
 .debug_macro   0x00000ffc       0x16 ./src/ap/ap.o
 .debug_macro   0x00001012       0x57 ./src/ap/ap.o
 .debug_macro   0x00001069       0x9e ./src/ap/ap.o
 .debug_macro   0x00001107      0x370 ./src/ap/ap.o
 .debug_macro   0x00001477      0x112 ./src/ap/ap.o
 .debug_macro   0x00001589       0x10 ./src/ap/ap.o
 .debug_macro   0x00001599       0x16 ./src/ap/ap.o
 .debug_macro   0x000015af       0x4a ./src/ap/ap.o
 .debug_macro   0x000015f9       0x34 ./src/ap/ap.o
 .debug_macro   0x0000162d       0x10 ./src/ap/ap.o
 .debug_macro   0x0000163d       0x58 ./src/ap/ap.o
 .debug_macro   0x00001695       0x8e ./src/ap/ap.o
 .debug_macro   0x00001723       0x1c ./src/ap/ap.o
 .debug_macro   0x0000173f      0x185 ./src/ap/ap.o
 .debug_macro   0x000018c4       0x16 ./src/ap/ap.o
 .debug_macro   0x000018da       0x16 ./src/ap/ap.o
 .debug_macro   0x000018f0      0x146 ./src/ap/ap.o
 .debug_macro   0x00001a36      0x103 ./src/ap/ap.o
 .debug_macro   0x00001b39       0x6a ./src/ap/ap.o
 .debug_macro   0x00001ba3      0x1df ./src/ap/ap.o
 .debug_macro   0x00001d82       0x22 ./src/ap/ap.o
 .debug_macro   0x00001da4       0x4c ./src/ap/ap.o
 .debug_macro   0x00001df0       0x16 ./src/ap/ap.o
 .debug_macro   0x00001e06       0x3c ./src/ap/ap.o
 .debug_macro   0x00001e42       0x20 ./src/ap/ap.o
 .debug_macro   0x00001e62       0x16 ./src/ap/ap.o
 .debug_macro   0x00001e78       0x16 ./src/ap/ap.o
 .debug_macro   0x00001e8e       0x29 ./src/ap/ap.o
 .debug_macro   0x00001eb7       0x34 ./src/ap/ap.o
 .debug_macro   0x00001eeb       0x16 ./src/ap/ap.o
 .debug_macro   0x00001f01      0x28f ./src/ap/ap.o
 .debug_macro   0x00002190       0x2e ./src/ap/ap.o
 .debug_macro   0x000021be       0x28 ./src/ap/ap.o
 .debug_macro   0x000021e6       0x1c ./src/ap/ap.o
 .debug_macro   0x00002202       0x22 ./src/ap/ap.o
 .debug_macro   0x00002224       0xfb ./src/ap/ap.o
 .debug_macro   0x0000231f     0x1011 ./src/ap/ap.o
 .debug_macro   0x00003330      0x11f ./src/ap/ap.o
 .debug_macro   0x0000344f     0xb968 ./src/ap/ap.o
 .debug_macro   0x0000edb7       0x6d ./src/ap/ap.o
 .debug_macro   0x0000ee24     0x3693 ./src/ap/ap.o
 .debug_macro   0x000124b7       0x56 ./src/ap/ap.o
 .debug_macro   0x0001250d      0x45c ./src/ap/ap.o
 .debug_macro   0x00012969      0x9e9 ./src/ap/ap.o
 .debug_macro   0x00013352      0x115 ./src/ap/ap.o
 .debug_macro   0x00013467      0x11b ./src/ap/ap.o
 .debug_macro   0x00013582       0xa5 ./src/ap/ap.o
 .debug_macro   0x00013627      0x15f ./src/ap/ap.o
 .debug_macro   0x00013786      0x287 ./src/ap/ap.o
 .debug_macro   0x00013a0d       0x5f ./src/ap/ap.o
 .debug_macro   0x00013a6c      0x236 ./src/ap/ap.o
 .debug_macro   0x00013ca2      0x132 ./src/ap/ap.o
 .debug_macro   0x00013dd4      0x264 ./src/ap/ap.o
 .debug_macro   0x00014038       0x2e ./src/ap/ap.o
 .debug_macro   0x00014066      0x127 ./src/ap/ap.o
 .debug_macro   0x0001418d       0x85 ./src/ap/ap.o
 .debug_macro   0x00014212       0x89 ./src/ap/ap.o
 .debug_macro   0x0001429b      0x126 ./src/ap/ap.o
 .debug_macro   0x000143c1       0x10 ./src/ap/ap.o
 .debug_macro   0x000143d1      0x32e ./src/bsp/bsp.o
 .debug_macro   0x000146ff       0x10 ./src/bsp/bsp.o
 .debug_macro   0x0001470f      0x388 ./src/bsp/stm32f4xx_hal_msp.o
 .debug_macro   0x00014a97      0x392 ./src/bsp/stm32f4xx_it.o
 .debug_macro   0x00014e29       0xda ./src/bsp/system_stm32f4xx.o
 .debug_macro   0x00014f03       0x8e ./src/bsp/system_stm32f4xx.o
 .debug_macro   0x00014f91       0x51 ./src/bsp/system_stm32f4xx.o
 .debug_macro   0x00014fe2      0x334 ./src/hw/driver/led.o
 .debug_macro   0x00015316      0x374 ./src/hw/hw.o
 .debug_macro   0x0001568a      0x20b ./src/lib/cube_f411/Drivers/STM32F4xx_HAL_Driver/Src/stm32f4xx_hal.o
 .debug_macro   0x00015895       0x5c ./src/lib/cube_f411/Drivers/STM32F4xx_HAL_Driver/Src/stm32f4xx_hal.o
 .debug_macro   0x000158f1      0x1ab ./src/lib/cube_f411/Drivers/STM32F4xx_HAL_Driver/Src/stm32f4xx_hal_cortex.o
 .debug_macro   0x00015a9c      0x1b1 ./src/lib/cube_f411/Drivers/STM32F4xx_HAL_Driver/Src/stm32f4xx_hal_gpio.o
 .debug_macro   0x00015c4d      0x1cf ./src/lib/cube_f411/Drivers/STM32F4xx_HAL_Driver/Src/stm32f4xx_hal_rcc.o
 .debug_macro   0x00015e1c      0x388 ./src/main.o

.debug_line     0x00000000     0x89fc
 .debug_line    0x00000000      0xb08 ./src/ap/ap.o
 .debug_line    0x00000b08      0xb63 ./src/bsp/bsp.o
 .debug_line    0x0000166b      0xb63 ./src/bsp/stm32f4xx_hal_msp.o
 .debug_line    0x000021ce      0xc12 ./src/bsp/stm32f4xx_it.o
 .debug_line    0x00002de0      0x5e1 ./src/bsp/system_stm32f4xx.o
 .debug_line    0x000033c1       0x7a ./src/bsp/startup/startup_stm32f411ceux.o
 .debug_line    0x0000343b      0xb31 ./src/hw/driver/led.o
 .debug_line    0x00003f6c      0xae4 ./src/hw/hw.o
 .debug_line    0x00004a50      0xb24 ./src/lib/cube_f411/Drivers/STM32F4xx_HAL_Driver/Src/stm32f4xx_hal.o
 .debug_line    0x00005574      0xdf4 ./src/lib/cube_f411/Drivers/STM32F4xx_HAL_Driver/Src/stm32f4xx_hal_cortex.o
 .debug_line    0x00006368      0xc40 ./src/lib/cube_f411/Drivers/STM32F4xx_HAL_Driver/Src/stm32f4xx_hal_gpio.o
 .debug_line    0x00006fa8      0xf31 ./src/lib/cube_f411/Drivers/STM32F4xx_HAL_Driver/Src/stm32f4xx_hal_rcc.o
 .debug_line    0x00007ed9      0xb23 ./src/main.o

.debug_str      0x00000000    0x8325c
 .debug_str     0x00000000    0x8325c ./src/ap/ap.o
                              0x81d82 (size before relaxing)
 .debug_str     0x0008325c    0x81f6c ./src/bsp/bsp.o
 .debug_str     0x0008325c    0x81e86 ./src/bsp/stm32f4xx_hal_msp.o
 .debug_str     0x0008325c    0x81dfa ./src/bsp/stm32f4xx_it.o
 .debug_str     0x0008325c    0x5006c ./src/bsp/system_stm32f4xx.o
 .debug_str     0x0008325c       0x7c ./src/bsp/startup/startup_stm32f411ceux.o
 .debug_str     0x0008325c    0x81eed ./src/hw/driver/led.o
 .debug_str     0x0008325c    0x81d43 ./src/hw/hw.o
 .debug_str     0x0008325c    0x7ed35 ./src/lib/cube_f411/Drivers/STM32F4xx_HAL_Driver/Src/stm32f4xx_hal.o
 .debug_str     0x0008325c    0x7ea9f ./src/lib/cube_f411/Drivers/STM32F4xx_HAL_Driver/Src/stm32f4xx_hal_cortex.o
 .debug_str     0x0008325c    0x7e484 ./src/lib/cube_f411/Drivers/STM32F4xx_HAL_Driver/Src/stm32f4xx_hal_gpio.o
 .debug_str     0x0008325c    0x7e73d ./src/lib/cube_f411/Drivers/STM32F4xx_HAL_Driver/Src/stm32f4xx_hal_rcc.o
 .debug_str     0x0008325c    0x81d5a ./src/main.o

.comment        0x00000000       0x43
 .comment       0x00000000       0x43 ./src/ap/ap.o
                                 0x44 (size before relaxing)
 .comment       0x00000043       0x44 ./src/bsp/bsp.o
 .comment       0x00000043       0x44 ./src/bsp/stm32f4xx_hal_msp.o
 .comment       0x00000043       0x44 ./src/bsp/stm32f4xx_it.o
 .comment       0x00000043       0x44 ./src/bsp/system_stm32f4xx.o
 .comment       0x00000043       0x44 ./src/hw/driver/led.o
 .comment       0x00000043       0x44 ./src/hw/hw.o
 .comment       0x00000043       0x44 ./src/lib/cube_f411/Drivers/STM32F4xx_HAL_Driver/Src/stm32f4xx_hal.o
 .comment       0x00000043       0x44 ./src/lib/cube_f411/Drivers/STM32F4xx_HAL_Driver/Src/stm32f4xx_hal_cortex.o
 .comment       0x00000043       0x44 ./src/lib/cube_f411/Drivers/STM32F4xx_HAL_Driver/Src/stm32f4xx_hal_gpio.o
 .comment       0x00000043       0x44 ./src/lib/cube_f411/Drivers/STM32F4xx_HAL_Driver/Src/stm32f4xx_hal_rcc.o
 .comment       0x00000043       0x44 ./src/main.o

.debug_frame    0x00000000     0x101c
 .debug_frame   0x00000000       0x50 ./src/ap/ap.o
 .debug_frame   0x00000050       0xd8 ./src/bsp/bsp.o
 .debug_frame   0x00000128       0x38 ./src/bsp/stm32f4xx_hal_msp.o
 .debug_frame   0x00000160      0x104 ./src/bsp/stm32f4xx_it.o
 .debug_frame   0x00000264       0x58 ./src/bsp/system_stm32f4xx.o
 .debug_frame   0x000002bc       0xa0 ./src/hw/driver/led.o
 .debug_frame   0x0000035c       0x2c ./src/hw/hw.o
 .debug_frame   0x00000388      0x374 ./src/lib/cube_f411/Drivers/STM32F4xx_HAL_Driver/Src/stm32f4xx_hal.o
 .debug_frame   0x000006fc      0x508 ./src/lib/cube_f411/Drivers/STM32F4xx_HAL_Driver/Src/stm32f4xx_hal_cortex.o
 .debug_frame   0x00000c04      0x14c ./src/lib/cube_f411/Drivers/STM32F4xx_HAL_Driver/Src/stm32f4xx_hal_gpio.o
 .debug_frame   0x00000d50      0x1f4 ./src/lib/cube_f411/Drivers/STM32F4xx_HAL_Driver/Src/stm32f4xx_hal_rcc.o
 .debug_frame   0x00000f44       0x2c ./src/main.o
 .debug_frame   0x00000f70       0x20 C:/ST/STM32CubeIDE_1.18.0/STM32CubeIDE/plugins/com.st.stm32cube.ide.mcu.externaltools.gnu-tools-for-stm32.13.3.rel1.win32_1.0.0.202411081344/tools/bin/../lib/gcc/arm-none-eabi/13.3.1/../../../../arm-none-eabi/lib/thumb/v7e-m+fp/hard\libc_nano.a(libc_a-memset.o)
 .debug_frame   0x00000f90       0x2c C:/ST/STM32CubeIDE_1.18.0/STM32CubeIDE/plugins/com.st.stm32cube.ide.mcu.externaltools.gnu-tools-for-stm32.13.3.rel1.win32_1.0.0.202411081344/tools/bin/../lib/gcc/arm-none-eabi/13.3.1/../../../../arm-none-eabi/lib/thumb/v7e-m+fp/hard\libc_nano.a(libc_a-init.o)
 .debug_frame   0x00000fbc       0x2c C:/ST/STM32CubeIDE_1.18.0/STM32CubeIDE/plugins/com.st.stm32cube.ide.mcu.externaltools.gnu-tools-for-stm32.13.3.rel1.win32_1.0.0.202411081344/tools/bin/../lib/gcc/arm-none-eabi/13.3.1/thumb/v7e-m+fp/hard\libgcc.a(_aeabi_uldivmod.o)
 .debug_frame   0x00000fe8       0x34 C:/ST/STM32CubeIDE_1.18.0/STM32CubeIDE/plugins/com.st.stm32cube.ide.mcu.externaltools.gnu-tools-for-stm32.13.3.rel1.win32_1.0.0.202411081344/tools/bin/../lib/gcc/arm-none-eabi/13.3.1/thumb/v7e-m+fp/hard\libgcc.a(_udivmoddi4.o)

.debug_line_str
                0x00000000       0x60
 .debug_line_str
                0x00000000       0x60 ./src/bsp/startup/startup_stm32f411ceux.o
