Archive member included to satisfy reference by file (symbol)

C:/ST/STM32CubeIDE_1.19.0/STM32CubeIDE/plugins/com.st.stm32cube.ide.mcu.externaltools.gnu-tools-for-stm32.13.3.rel1.win32_1.0.0.202411081344/tools/bin/../lib/gcc/arm-none-eabi/13.3.1/../../../../arm-none-eabi/lib/thumb/v7e-m+fp/hard\libc_nano.a(libc_a-exit.o)
                              C:/ST/STM32CubeIDE_1.19.0/STM32CubeIDE/plugins/com.st.stm32cube.ide.mcu.externaltools.gnu-tools-for-stm32.13.3.rel1.win32_1.0.0.202411081344/tools/bin/../lib/gcc/arm-none-eabi/13.3.1/../../../../arm-none-eabi/lib/thumb/v7e-m+fp/hard/crt0.o (exit)
C:/ST/STM32CubeIDE_1.19.0/STM32CubeIDE/plugins/com.st.stm32cube.ide.mcu.externaltools.gnu-tools-for-stm32.13.3.rel1.win32_1.0.0.202411081344/tools/bin/../lib/gcc/arm-none-eabi/13.3.1/../../../../arm-none-eabi/lib/thumb/v7e-m+fp/hard\libc_nano.a(libc_a-strtod.o)
                              ./src/hw/driver/cli.o (strtof)
C:/ST/STM32CubeIDE_1.19.0/STM32CubeIDE/plugins/com.st.stm32cube.ide.mcu.externaltools.gnu-tools-for-stm32.13.3.rel1.win32_1.0.0.202411081344/tools/bin/../lib/gcc/arm-none-eabi/13.3.1/../../../../arm-none-eabi/lib/thumb/v7e-m+fp/hard\libc_nano.a(libc_a-strtoul.o)
                              ./src/hw/driver/cli.o (strtoul)
C:/ST/STM32CubeIDE_1.19.0/STM32CubeIDE/plugins/com.st.stm32cube.ide.mcu.externaltools.gnu-tools-for-stm32.13.3.rel1.win32_1.0.0.202411081344/tools/bin/../lib/gcc/arm-none-eabi/13.3.1/../../../../arm-none-eabi/lib/thumb/v7e-m+fp/hard\libc_nano.a(libc_a-ctype_.o)
                              C:/ST/STM32CubeIDE_1.19.0/STM32CubeIDE/plugins/com.st.stm32cube.ide.mcu.externaltools.gnu-tools-for-stm32.13.3.rel1.win32_1.0.0.202411081344/tools/bin/../lib/gcc/arm-none-eabi/13.3.1/../../../../arm-none-eabi/lib/thumb/v7e-m+fp/hard\libc_nano.a(libc_a-strtoul.o) (_ctype_)
C:/ST/STM32CubeIDE_1.19.0/STM32CubeIDE/plugins/com.st.stm32cube.ide.mcu.externaltools.gnu-tools-for-stm32.13.3.rel1.win32_1.0.0.202411081344/tools/bin/../lib/gcc/arm-none-eabi/13.3.1/../../../../arm-none-eabi/lib/thumb/v7e-m+fp/hard\libc_nano.a(libc_a-findfp.o)
                              C:/ST/STM32CubeIDE_1.19.0/STM32CubeIDE/plugins/com.st.stm32cube.ide.mcu.externaltools.gnu-tools-for-stm32.13.3.rel1.win32_1.0.0.202411081344/tools/bin/../lib/gcc/arm-none-eabi/13.3.1/../../../../arm-none-eabi/lib/thumb/v7e-m+fp/hard\libc_nano.a(libc_a-exit.o) (__stdio_exit_handler)
C:/ST/STM32CubeIDE_1.19.0/STM32CubeIDE/plugins/com.st.stm32cube.ide.mcu.externaltools.gnu-tools-for-stm32.13.3.rel1.win32_1.0.0.202411081344/tools/bin/../lib/gcc/arm-none-eabi/13.3.1/../../../../arm-none-eabi/lib/thumb/v7e-m+fp/hard\libc_nano.a(libc_a-fwalk.o)
                              C:/ST/STM32CubeIDE_1.19.0/STM32CubeIDE/plugins/com.st.stm32cube.ide.mcu.externaltools.gnu-tools-for-stm32.13.3.rel1.win32_1.0.0.202411081344/tools/bin/../lib/gcc/arm-none-eabi/13.3.1/../../../../arm-none-eabi/lib/thumb/v7e-m+fp/hard\libc_nano.a(libc_a-findfp.o) (_fwalk_sglue)
C:/ST/STM32CubeIDE_1.19.0/STM32CubeIDE/plugins/com.st.stm32cube.ide.mcu.externaltools.gnu-tools-for-stm32.13.3.rel1.win32_1.0.0.202411081344/tools/bin/../lib/gcc/arm-none-eabi/13.3.1/../../../../arm-none-eabi/lib/thumb/v7e-m+fp/hard\libc_nano.a(libc_a-stdio.o)
                              C:/ST/STM32CubeIDE_1.19.0/STM32CubeIDE/plugins/com.st.stm32cube.ide.mcu.externaltools.gnu-tools-for-stm32.13.3.rel1.win32_1.0.0.202411081344/tools/bin/../lib/gcc/arm-none-eabi/13.3.1/../../../../arm-none-eabi/lib/thumb/v7e-m+fp/hard\libc_nano.a(libc_a-findfp.o) (__sread)
C:/ST/STM32CubeIDE_1.19.0/STM32CubeIDE/plugins/com.st.stm32cube.ide.mcu.externaltools.gnu-tools-for-stm32.13.3.rel1.win32_1.0.0.202411081344/tools/bin/../lib/gcc/arm-none-eabi/13.3.1/../../../../arm-none-eabi/lib/thumb/v7e-m+fp/hard\libc_nano.a(libc_a-vsnprintf.o)
                              ./src/hw/driver/cli.o (vsnprintf)
C:/ST/STM32CubeIDE_1.19.0/STM32CubeIDE/plugins/com.st.stm32cube.ide.mcu.externaltools.gnu-tools-for-stm32.13.3.rel1.win32_1.0.0.202411081344/tools/bin/../lib/gcc/arm-none-eabi/13.3.1/../../../../arm-none-eabi/lib/thumb/v7e-m+fp/hard\libc_nano.a(libc_a-memmove.o)
                              ./src/hw/driver/cli.o (memmove)
C:/ST/STM32CubeIDE_1.19.0/STM32CubeIDE/plugins/com.st.stm32cube.ide.mcu.externaltools.gnu-tools-for-stm32.13.3.rel1.win32_1.0.0.202411081344/tools/bin/../lib/gcc/arm-none-eabi/13.3.1/../../../../arm-none-eabi/lib/thumb/v7e-m+fp/hard\libc_nano.a(libc_a-memset.o)
                              C:/ST/STM32CubeIDE_1.19.0/STM32CubeIDE/plugins/com.st.stm32cube.ide.mcu.externaltools.gnu-tools-for-stm32.13.3.rel1.win32_1.0.0.202411081344/tools/bin/../lib/gcc/arm-none-eabi/13.3.1/../../../../arm-none-eabi/lib/thumb/v7e-m+fp/hard/crt0.o (memset)
C:/ST/STM32CubeIDE_1.19.0/STM32CubeIDE/plugins/com.st.stm32cube.ide.mcu.externaltools.gnu-tools-for-stm32.13.3.rel1.win32_1.0.0.202411081344/tools/bin/../lib/gcc/arm-none-eabi/13.3.1/../../../../arm-none-eabi/lib/thumb/v7e-m+fp/hard\libc_nano.a(libc_a-strncmp.o)
[...]
Memory Configuration

Name             Origin             Length             Attributes
RAM              0x20000000         0x00020000         xrw
FLASH            0x08000000         0x00080000         xr
*default*        0x00000000         0xffffffff

Linker script and memory map

LOAD C:/ST/STM32CubeIDE_1.19.0/STM32CubeIDE/plugins/com.st.stm32cube.ide.mcu.externaltools.gnu-tools-for-stm32.13.3.rel1.win32_1.0.0.202411081344/tools/bin/../lib/gcc/arm-none-eabi/13.3.1/thumb/v7e-m+fp/hard/crti.o
LOAD C:/ST/STM32CubeIDE_1.19.0/STM32CubeIDE/plugins/com.st.stm32cube.ide.mcu.externaltools.gnu-tools-for-stm32.13.3.rel1.win32_1.0.0.202411081344/tools/bin/../lib/gcc/arm-none-eabi/13.3.1/thumb/v7e-m+fp/hard/crtbegin.o
LOAD C:/ST/STM32CubeIDE_1.19.0/STM32CubeIDE/plugins/com.st.stm32cube.ide.mcu.externaltools.gnu-tools-for-stm32.13.3.rel1.win32_1.0.0.202411081344/tools/bin/../lib/gcc/arm-none-eabi/13.3.1/../../../../arm-none-eabi/lib/thumb/v7e-m+fp/hard/crt0.o
LOAD ./.metadata/.plugins/org.eclipse.cdt.make.core/specs.o
LOAD ./.metadata/.plugins/org.eclipse.cdt.managedbuilder.core/spec.o
LOAD ./src/ap/ap.o
LOAD ./src/bsp/bsp.o
LOAD ./src/bsp/stm32f4xx_hal_msp.o
LOAD ./src/bsp/stm32f4xx_it.o
LOAD ./src/bsp/syscalls.o
LOAD ./src/bsp/sysmem.o
LOAD ./src/bsp/system_stm32f4xx.o
LOAD ./src/bsp/startup/startup_stm32f411ceux.o
LOAD ./src/common/core/qbuffer.o
LOAD ./src/hw/driver/button.o
LOAD ./src/hw/driver/cdc.o
LOAD ./src/hw/driver/cli.o
LOAD ./src/hw/driver/fatfs.o
LOAD ./src/hw/driver/flash.o
LOAD ./src/hw/driver/gpio.o
LOAD ./src/hw/driver/lcd.o
LOAD ./src/hw/driver/led.o
LOAD ./src/hw/driver/reset.o
LOAD ./src/hw/driver/rtc.o
LOAD ./src/hw/driver/sd.o
LOAD ./src/hw/driver/spi.o
LOAD ./src/hw/driver/uart.o
LOAD ./src/hw/driver/usb.o
LOAD ./src/hw/driver/ymodem.o
LOAD ./src/hw/driver/usb/core/usbd_core.o
LOAD ./src/hw/driver/usb/core/usbd_ctlreq.o
LOAD ./src/hw/driver/usb/core/usbd_ioreq.o
LOAD ./src/hw/driver/usb/usb_cdc/usbd_cdc.o
LOAD ./src/hw/driver/usb/usb_cdc/usbd_cdc_if.o
LOAD ./src/hw/driver/usb/usb_cdc/usbd_desc.o
LOAD ./src/hw/driver/usb/usbd_conf.o
LOAD ./src/hw/hw.o
LOAD ./src/lib/cube_f411/Drivers/STM32F4xx_HAL_Driver/Src/stm32f4xx_hal.o
LOAD ./src/lib/cube_f411/Drivers/STM32F4xx_HAL_Driver/Src/stm32f4xx_hal_cortex.o
LOAD ./src/lib/cube_f411/Drivers/STM32F4xx_HAL_Driver/Src/stm32f4xx_hal_dma.o
LOAD ./src/lib/cube_f411/Drivers/STM32F4xx_HAL_Driver/Src/stm32f4xx_hal_dma_ex.o
LOAD ./src/lib/cube_f411/Drivers/STM32F4xx_HAL_Driver/Src/stm32f4xx_hal_exti.o
LOAD ./src/lib/cube_f411/Drivers/STM32F4xx_HAL_Driver/Src/stm32f4xx_hal_flash.o
LOAD ./src/lib/cube_f411/Drivers/STM32F4xx_HAL_Driver/Src/stm32f4xx_hal_flash_ex.o
LOAD ./src/lib/cube_f411/Drivers/STM32F4xx_HAL_Driver/Src/stm32f4xx_hal_flash_ramfunc.o
LOAD ./src/lib/cube_f411/Drivers/STM32F4xx_HAL_Driver/Src/stm32f4xx_hal_gpio.o
LOAD ./src/lib/cube_f411/Drivers/STM32F4xx_HAL_Driver/Src/stm32f4xx_hal_mmc.o
LOAD ./src/lib/cube_f411/Drivers/STM32F4xx_HAL_Driver/Src/stm32f4xx_hal_pcd.o
LOAD ./src/lib/cube_f411/Drivers/STM32F4xx_HAL_Driver/Src/stm32f4xx_hal_pcd_ex.o
LOAD ./src/lib/cube_f411/Drivers/STM32F4xx_HAL_Driver/Src/stm32f4xx_hal_pwr.o
LOAD ./src/lib/cube_f411/Drivers/STM32F4xx_HAL_Driver/Src/stm32f4xx_hal_pwr_ex.o
LOAD ./src/lib/cube_f411/Drivers/STM32F4xx_HAL_Driver/Src/stm32f4xx_hal_rcc.o
LOAD ./src/lib/cube_f411/Drivers/STM32F4xx_HAL_Driver/Src/stm32f4xx_hal_rcc_ex.o
LOAD ./src/lib/cube_f411/Drivers/STM32F4xx_HAL_Driver/Src/stm32f4xx_hal_sd.o
LOAD ./src/lib/cube_f411/Drivers/STM32F4xx_HAL_Driver/Src/stm32f4xx_hal_spi.o
LOAD ./src/lib/cube_f411/Drivers/STM32F4xx_HAL_Driver/Src/stm32f4xx_ll_sdmmc.o
LOAD ./src/lib/cube_f411/Drivers/STM32F4xx_HAL_Driver/Src/stm32f4xx_ll_usb.o
LOAD ./src/main.o
START GROUP
LOAD C:/ST/STM32CubeIDE_1.19.0/STM32CubeIDE/plugins/com.st.stm32cube.ide.mcu.externaltools.gnu-tools-for-stm32.13.3.rel1.win32_1.0.0.202411081344/tools/bin/../lib/gcc/arm-none-eabi/13.3.1/../../../../arm-none-eabi/lib/thumb/v7e-m+fp/hard\libc_nano.a
LOAD C:/ST/STM32CubeIDE_1.19.0/STM32CubeIDE/plugins/com.st.stm32cube.ide.mcu.externaltools.gnu-tools-for-stm32.13.3.rel1.win32_1.0.0.202411081344/tools/bin/../lib/gcc/arm-none-eabi/13.3.1/../../../../arm-none-eabi/lib/thumb/v7e-m+fp/hard\libm.a
END GROUP
START GROUP
LOAD C:/ST/STM32CubeIDE_1.19.0/STM32CubeIDE/plugins/com.st.stm32cube.ide.mcu.externaltools.gnu-tools-for-stm32.13.3.rel1.win32_1.0.0.202411081344/tools/bin/../lib/gcc/arm-none-eabi/13.3.1/thumb/v7e-m+fp/hard\libgcc.a
LOAD C:/ST/STM32CubeIDE_1.19.0/STM32CubeIDE/plugins/com.st.stm32cube.ide.mcu.externaltools.gnu-tools-for-stm32.13.3.rel1.win32_1.0.0.202411081344/tools/bin/../lib/gcc/arm-none-eabi/13.3.1/../../../../arm-none-eabi/lib/thumb/v7e-m+fp/hard\libc_nano.a
END GROUP
START GROUP
LOAD C:/ST/STM32CubeIDE_1.19.0/STM32CubeIDE/plugins/com.st.stm32cube.ide.mcu.externaltools.gnu-tools-for-stm32.13.3.rel1.win32_1.0.0.202411081344/tools/bin/../lib/gcc/arm-none-eabi/13.3.1/thumb/v7e-m+fp/hard\libgcc.a
LOAD C:/ST/STM32CubeIDE_1.19.0/STM32CubeIDE/plugins/com.st.stm32cube.ide.mcu.externaltools.gnu-tools-for-stm32.13.3.rel1.win32_1.0.0.202411081344/tools/bin/../lib/gcc/arm-none-eabi/13.3.1/../../../../arm-none-eabi/lib/thumb/v7e-m+fp/hard\libc_nano.a
LOAD C:/ST/STM32CubeIDE_1.19.0/STM32CubeIDE/plugins/com.st.stm32cube.ide.mcu.externaltools.gnu-tools-for-stm32.13.3.rel1.win32_1.0.0.202411081344/tools/bin/../lib/gcc/arm-none-eabi/13.3.1/../../../../arm-none-eabi/lib/thumb/v7e-m+fp/hard\libnosys.a
END GROUP
START GROUP
LOAD C:/ST/STM32CubeIDE_1.19.0/STM32CubeIDE/plugins/com.st.stm32cube.ide.mcu.externaltools.gnu-tools-for-stm32.13.3.rel1.win32_1.0.0.202411081344/tools/bin/../lib/gcc/arm-none-eabi/13.3.1/thumb/v7e-m+fp/hard\libgcc.a
LOAD C:/ST/STM32CubeIDE_1.19.0/STM32CubeIDE/plugins/com.st.stm32cube.ide.mcu.externaltools.gnu-tools-for-stm32.13.3.rel1.win32_1.0.0.202411081344/tools/bin/../lib/gcc/arm-none-eabi/13.3.1/../../../../arm-none-eabi/lib/thumb/v7e-m+fp/hard\libc_nano.a
LOAD C:/ST/STM32CubeIDE_1.19.0/STM32CubeIDE/plugins/com.st.stm32cube.ide.mcu.externaltools.gnu-tools-for-stm32.13.3.rel1.win32_1.0.0.202411081344/tools/bin/../lib/gcc/arm-none-eabi/13.3.1/../../../../arm-none-eabi/lib/thumb/v7e-m+fp/hard\libnosys.a
END GROUP
LOAD C:/ST/STM32CubeIDE_1.19.0/STM32CubeIDE/plugins/com.st.stm32cube.ide.mcu.externaltools.gnu-tools-for-stm32.13.3.rel1.win32_1.0.0.202411081344/tools/bin/../lib/gcc/arm-none-eabi/13.3.1/thumb/v7e-m+fp/hard/crtend.o
LOAD C:/ST/STM32CubeIDE_1.19.0/STM32CubeIDE/plugins/com.st.stm32cube.ide.mcu.externaltools.gnu-tools-for-stm32.13.3.rel1.win32_1.0.0.202411081344/tools/bin/../lib/gcc/arm-none-eabi/13.3.1/thumb/v7e-m+fp/hard/crtn.o
                0x20020000                        _estack = (ORIGIN (RAM) + LENGTH (RAM))
                0x00000200                        _Min_Heap_Size = 0x200
                0x00000400                        _Min_Stack_Size = 0x400

.isr_vector     0x08000000      0x198
                0x08000000                        . = ALIGN (0x4)
 *(.isr_vector)
 .isr_vector    0x08000000      0x198 ./src/bsp/startup/startup_stm32f411ceux.o
                0x08000000                g_pfnVectors
                0x08000198                        . = ALIGN (0x4)

.text           0x080001a0     0x8754
                0x080001a0                        . = ALIGN (0x4)
 *(.text)
 .text          0x080001a0       0x40 C:/ST/STM32CubeIDE_1.19.0/STM32CubeIDE/plugins/com.st.stm32cube.ide.mcu.externaltools.gnu-tools-for-stm32.13.3.rel1.win32_1.0.0.202411081344/tools/bin/../lib/gcc/arm-none-eabi/13.3.1/thumb/v7e-m+fp/hard/crtbegin.o
 .text          0x080001e0       0x14 C:/ST/STM32CubeIDE_1.19.0/STM32CubeIDE/plugins/com.st.stm32cube.ide.mcu.externaltools.gnu-tools-for-stm32.13.3.rel1.win32_1.0.0.202411081344/tools/bin/../lib/gcc/arm-none-eabi/13.3.1/../../../../arm-none-eabi/lib/thumb/v7e-m+fp/hard\libc_nano.a(libc_a-strcmp.o)
                0x080001e0                strcmp
 .text          0x080001f4       0x10 C:/ST/STM32CubeIDE_1.19.0/STM32CubeIDE/plugins/com.st.stm32cube.ide.mcu.externaltools.gnu-tools-for-stm32.13.3.rel1.win32_1.0.0.202411081344/tools/bin/../lib/gcc/arm-none-eabi/13.3.1/../../../../arm-none-eabi/lib/thumb/v7e-m+fp/hard\libc_nano.a(libc_a-strlen.o)
                0x080001f4                strlen
 *fill*         0x08000204        0xc 
 .text          0x08000210       0xa0 C:/ST/STM32CubeIDE_1.19.0/STM32CubeIDE/plugins/com.st.stm32cube.ide.mcu.externaltools.gnu-tools-for-stm32.13.3.rel1.win32_1.0.0.202411081344/tools/bin/../lib/gcc/arm-none-eabi/13.3.1/../../../../arm-none-eabi/lib/thumb/v7e-m+fp/hard\libc_nano.a(libc_a-memchr.o)
                0x08000210                memchr
 .text          0x080002b0      0x378 C:/ST/STM32CubeIDE_1.19.0/STM32CubeIDE/plugins/com.st.stm32cube.ide.mcu.externaltools.gnu-tools-for-stm32.13.3.rel1.win32_1.0.0.202411081344/tools/bin/../lib/gcc/arm-none-eabi/13.3.1/thumb/v7e-m+fp/hard\libgcc.a(_arm_addsubdf3.o)
                0x080002b0                __aeabi_drsub
                0x080002b8                __aeabi_dsub
                0x080002b8                __subdf3
                0x080002bc                __aeabi_dadd
                0x080002bc                __adddf3
                0x08000534                __floatunsidf
                0x08000534                __aeabi_ui2d
                0x08000554                __floatsidf
                0x08000554                __aeabi_i2d
                0x08000578                __aeabi_f2d
                0x08000578                __extendsfdf2
                0x080005bc                __floatundidf
                0x080005bc                __aeabi_ul2d
                0x080005cc                __floatdidf
                0x080005cc                __aeabi_l2d
 .text          0x08000628      0x424 C:/ST/STM32CubeIDE_1.19.0/STM32CubeIDE/plugins/com.st.stm32cube.ide.mcu.externaltools.gnu-tools-for-stm32.13.3.rel1.win32_1.0.0.202411081344/tools/bin/../lib/gcc/arm-none-eabi/13.3.1/thumb/v7e-m+fp/hard\libgcc.a(_arm_muldivdf3.o)
                0x08000628                __aeabi_dmul
                0x08000628                __muldf3
                0x0800087c                __divdf3
                0x0800087c                __aeabi_ddiv
 .text          0x08000a4c      0x110 C:/ST/STM32CubeIDE_1.19.0/STM32CubeIDE/plugins/com.st.stm32cube.ide.mcu.externaltools.gnu-tools-for-stm32.13.3.rel1.win32_1.0.0.202411081344/tools/bin/../lib/gcc/arm-none-eabi/13.3.1/thumb/v7e-m+fp/hard\libgcc.a(_arm_cmpdf2.o)
                0x08000a4c                __gtdf2
                0x08000a4c                __gedf2
                0x08000a54                __ltdf2
                0x08000a54                __ledf2
                0x08000a5c                __nedf2
                0x08000a5c                __eqdf2
                0x08000a5c                __cmpdf2
                0x08000ad8                __aeabi_cdrcmple
                0x08000ae8                __aeabi_cdcmpeq
                0x08000ae8                __aeabi_cdcmple
                0x08000af8                __aeabi_dcmpeq
                0x08000b0c                __aeabi_dcmplt
                0x08000b20                __aeabi_dcmple
                0x08000b34                __aeabi_dcmpge
                0x08000b48                __aeabi_dcmpgt
 .text          0x08000b5c       0x2c C:/ST/STM32CubeIDE_1.19.0/STM32CubeIDE/plugins/com.st.stm32cube.ide.mcu.externaltools.gnu-tools-for-stm32.13.3.rel1.win32_1.0.0.202411081344/tools/bin/../lib/gcc/arm-none-eabi/13.3.1/thumb/v7e-m+fp/hard\libgcc.a(_arm_unorddf2.o)
                0x08000b5c                __unorddf2
                0x08000b5c                __aeabi_dcmpun
 .text          0x08000b88       0x40 C:/ST/STM32CubeIDE_1.19.0/STM32CubeIDE/plugins/com.st.stm32cube.ide.mcu.externaltools.gnu-tools-for-stm32.13.3.rel1.win32_1.0.0.202411081344/tools/bin/../lib/gcc/arm-none-eabi/13.3.1/thumb/v7e-m+fp/hard\libgcc.a(_arm_fixunsdfsi.o)
                0x08000b88                __aeabi_d2uiz
                0x08000b88                __fixunsdfsi
 .text          0x08000bc8       0xa0 C:/ST/STM32CubeIDE_1.19.0/STM32CubeIDE/plugins/com.st.stm32cube.ide.mcu.externaltools.gnu-tools-for-stm32.13.3.rel1.win32_1.0.0.202411081344/tools/bin/../lib/gcc/arm-none-eabi/13.3.1/thumb/v7e-m+fp/hard\libgcc.a(_arm_truncdfsf2.o)
                0x08000bc8                __truncdfsf2
                0x08000bc8                __aeabi_d2f
 .text          0x08000c68       0x30 C:/ST/STM32CubeIDE_1.19.0/STM32CubeIDE/plugins/com.st.stm32cube.ide.mcu.externaltools.gnu-tools-for-stm32.13.3.rel1.win32_1.0.0.202411081344/tools/bin/../lib/gcc/arm-none-eabi/13.3.1/thumb/v7e-m+fp/hard\libgcc.a(_aeabi_uldivmod.o)
                0x08000c68                __aeabi_uldivmod
 .text          0x08000c98       0x30 C:/ST/STM32CubeIDE_1.19.0/STM32CubeIDE/plugins/com.st.stm32cube.ide.mcu.externaltools.gnu-tools-for-stm32.13.3.rel1.win32_1.0.0.202411081344/tools/bin/../lib/gcc/arm-none-eabi/13.3.1/thumb/v7e-m+fp/hard\libgcc.a(_fixdfdi.o)
                0x08000c98                __fixdfdi
                0x08000c98                __aeabi_d2lz
 .text          0x08000cc8       0x3c C:/ST/STM32CubeIDE_1.19.0/STM32CubeIDE/plugins/com.st.stm32cube.ide.mcu.externaltools.gnu-tools-for-stm32.13.3.rel1.win32_1.0.0.202411081344/tools/bin/../lib/gcc/arm-none-eabi/13.3.1/thumb/v7e-m+fp/hard\libgcc.a(_fixunsdfdi.o)
                0x08000cc8                __fixunsdfdi
                0x08000cc8                __aeabi_d2ulz
 .text          0x08000d04      0x2f8 C:/ST/STM32CubeIDE_1.19.0/STM32CubeIDE/plugins/com.st.stm32cube.ide.mcu.externaltools.gnu-tools-for-stm32.13.3.rel1.win32_1.0.0.202411081344/tools/bin/../lib/gcc/arm-none-eabi/13.3.1/thumb/v7e-m+fp/hard\libgcc.a(_udivmoddi4.o)
                0x08000d04                __udivmoddi4
 .text          0x08000ffc        0x4 C:/ST/STM32CubeIDE_1.19.0/STM32CubeIDE/plugins/com.st.stm32cube.ide.mcu.externaltools.gnu-tools-for-stm32.13.3.rel1.win32_1.0.0.202411081344/tools/bin/../lib/gcc/arm-none-eabi/13.3.1/thumb/v7e-m+fp/hard\libgcc.a(_dvmd_tls.o)
                0x08000ffc                __aeabi_idiv0
                0x08000ffc                __aeabi_ldiv0
 *(.text*)
 .text.apInit   0x08001000       0x20 ./src/ap/ap.o
                0x08001000                apInit
 .text.apMain   0x08001020       0x26 ./src/ap/ap.o
                0x08001020                apMain
 *fill*         0x08001046        0x2 
 .text.bootDownload
                0x08001048       0xd0 ./src/ap/ap.o
                0x08001048                bootDownload
 .text.cliBoot  0x08001118       0x78 ./src/ap/ap.o
                0x08001118                cliBoot
 .text.delay    0x08001190        0x4 ./src/bsp/bsp.o
                0x08001190                delay
 .text.millis   0x08001194        0x4 ./src/bsp/bsp.o
                0x08001194                millis
 .text.__io_putchar
                0x08001198        0x4 ./src/bsp/bsp.o
                0x08001198                __io_putchar
 .text.SystemClock_Config
                0x0800119c       0x94 ./src/bsp/bsp.o
                0x0800119c                SystemClock_Config
 .text.bspInit  0x08001230       0x40 ./src/bsp/bsp.o
                0x08001230                bspInit
 .text.Error_Handler
                0x08001270        0x2 ./src/bsp/bsp.o
                0x08001270                Error_Handler
 *fill*         0x08001272        0x2 
 .text.HAL_MspInit
                0x08001274       0x38 ./src/bsp/stm32f4xx_hal_msp.o
                0x08001274                HAL_MspInit
 .text.NMI_Handler
                0x080012ac        0x2 ./src/bsp/stm32f4xx_it.o
                0x080012ac                NMI_Handler
 .text.HardFault_Handler
                0x080012ae        0x2 ./src/bsp/stm32f4xx_it.o
                0x080012ae                HardFault_Handler
 .text.MemManage_Handler
                0x080012b0        0x2 ./src/bsp/stm32f4xx_it.o
                0x080012b0                MemManage_Handler
 .text.BusFault_Handler
                0x080012b2        0x2 ./src/bsp/stm32f4xx_it.o
                0x080012b2                BusFault_Handler
 .text.UsageFault_Handler
                0x080012b4        0x2 ./src/bsp/stm32f4xx_it.o
                0x080012b4                UsageFault_Handler
 .text.SVC_Handler
                0x080012b6        0x2 ./src/bsp/stm32f4xx_it.o
                0x080012b6                SVC_Handler
 .text.DebugMon_Handler
                0x080012b8        0x2 ./src/bsp/stm32f4xx_it.o
                0x080012b8                DebugMon_Handler
 .text.PendSV_Handler
                0x080012ba        0x2 ./src/bsp/stm32f4xx_it.o
                0x080012ba                PendSV_Handler
 .text.SysTick_Handler
                0x080012bc        0x4 ./src/bsp/stm32f4xx_it.o
                0x080012bc                SysTick_Handler
 .text.OTG_FS_IRQHandler
                0x080012c0        0xc ./src/bsp/stm32f4xx_it.o
                0x080012c0                OTG_FS_IRQHandler
 .text._getpid  0x080012cc        0x4 ./src/bsp/syscalls.o
                0x080012cc                _getpid
 .text._kill    0x080012d0       0x10 ./src/bsp/syscalls.o
                0x080012d0                _kill
 .text._exit    0x080012e0        0xc ./src/bsp/syscalls.o
                0x080012e0                _exit
 .text._read    0x080012ec       0x1c ./src/bsp/syscalls.o
                0x080012ec                _read
 .text._write   0x08001308       0x1c ./src/bsp/syscalls.o
                0x08001308                _write
 .text._close   0x08001324        0x6 ./src/bsp/syscalls.o
                0x08001324                _close
 .text._fstat   0x0800132a        0xa ./src/bsp/syscalls.o
                0x0800132a                _fstat
 .text._isatty  0x08001334        0x4 ./src/bsp/syscalls.o
                0x08001334                _isatty
 .text._lseek   0x08001338        0x4 ./src/bsp/syscalls.o
                0x08001338                _lseek
 .text._sbrk    0x0800133c       0x40 ./src/bsp/sysmem.o
                0x0800133c                _sbrk
 .text.SystemInit
                0x0800137c       0x1c ./src/bsp/system_stm32f4xx.o
                0x0800137c                SystemInit
 .text.Reset_Handler
                0x08001398       0x50 ./src/bsp/startup/startup_stm32f411ceux.o
                0x08001398                Reset_Handler
 .text.Default_Handler
                0x080013e8        0x2 ./src/bsp/startup/startup_stm32f411ceux.o
                0x080013e8                RTC_Alarm_IRQHandler
                0x080013e8                EXTI2_IRQHandler
                0x080013e8                SPI4_IRQHandler
                0x080013e8                TIM1_CC_IRQHandler
                0x080013e8                DMA2_Stream5_IRQHandler
                0x080013e8                DMA1_Stream5_IRQHandler
                0x080013e8                PVD_IRQHandler
                0x080013e8                SDIO_IRQHandler
                0x080013e8                TAMP_STAMP_IRQHandler
                0x080013e8                EXTI3_IRQHandler
                0x080013e8                TIM1_UP_TIM10_IRQHandler
                0x080013e8                I2C3_ER_IRQHandler
                0x080013e8                EXTI0_IRQHandler
                0x080013e8                I2C2_EV_IRQHandler
                0x080013e8                DMA1_Stream2_IRQHandler
                0x080013e8                FPU_IRQHandler
                0x080013e8                DMA2_Stream2_IRQHandler
                0x080013e8                SPI1_IRQHandler
                0x080013e8                TIM1_BRK_TIM9_IRQHandler
                0x080013e8                DMA2_Stream3_IRQHandler
                0x080013e8                USART6_IRQHandler
                0x080013e8                DMA2_Stream0_IRQHandler
                0x080013e8                TIM4_IRQHandler
                0x080013e8                I2C1_EV_IRQHandler
                0x080013e8                DMA1_Stream6_IRQHandler
                0x080013e8                DMA1_Stream1_IRQHandler
                0x080013e8                TIM3_IRQHandler
                0x080013e8                RCC_IRQHandler
                0x080013e8                Default_Handler
                0x080013e8                EXTI15_10_IRQHandler
                0x080013e8                ADC_IRQHandler
                0x080013e8                DMA1_Stream7_IRQHandler
                0x080013e8                SPI5_IRQHandler
                0x080013e8                TIM5_IRQHandler
                0x080013e8                DMA2_Stream7_IRQHandler
                0x080013e8                I2C3_EV_IRQHandler
                0x080013e8                EXTI9_5_IRQHandler
                0x080013e8                RTC_WKUP_IRQHandler
                0x080013e8                SPI2_IRQHandler
                0x080013e8                DMA1_Stream0_IRQHandler
                0x080013e8                EXTI4_IRQHandler
                0x080013e8                WWDG_IRQHandler
                0x080013e8                TIM2_IRQHandler
                0x080013e8                OTG_FS_WKUP_IRQHandler
                0x080013e8                TIM1_TRG_COM_TIM11_IRQHandler
                0x080013e8                EXTI1_IRQHandler
                0x080013e8                USART2_IRQHandler
                0x080013e8                I2C2_ER_IRQHandler
                0x080013e8                DMA2_Stream1_IRQHandler
                0x080013e8                FLASH_IRQHandler
                0x080013e8                DMA2_Stream4_IRQHandler
                0x080013e8                USART1_IRQHandler
                0x080013e8                SPI3_IRQHandler
                0x080013e8                DMA1_Stream4_IRQHandler
                0x080013e8                I2C1_ER_IRQHandler
                0x080013e8                DMA2_Stream6_IRQHandler
                0x080013e8                DMA1_Stream3_IRQHandler
 *fill*         0x080013ea        0x2 
 .text.buttonInit
                0x080013ec       0x58 ./src/hw/driver/button.o
                0x080013ec                buttonInit
 .text.buttonGetPressed
                0x08001444       0x20 ./src/hw/driver/button.o
                0x08001444                buttonGetPressed
 .text.cliButton
                0x08001464       0x54 ./src/hw/driver/button.o
 .text.cdcInit  0x080014b8        0xc ./src/hw/driver/cdc.o
                0x080014b8                cdcInit
 .text.cdcIsInit
                0x080014c4        0xc ./src/hw/driver/cdc.o
                0x080014c4                cdcIsInit
 .text.cliToUpper
                0x080014d0       0x2a ./src/hw/driver/cli.o
 *fill*         0x080014fa        0x2 
 .text.cliArgsGetStr
                0x080014fc       0x1c ./src/hw/driver/cli.o
 .text.cliArgsIsStr
                0x08001518       0x2c ./src/hw/driver/cli.o
 .text.cliArgsGetFloat
                0x08001544       0x28 ./src/hw/driver/cli.o
 .text.cliArgsGetData
                0x0800156c       0x24 ./src/hw/driver/cli.o
 .text.cliLineChange.constprop.0
                0x08001590       0x90 ./src/hw/driver/cli.o
 .text.cliOpen  0x08001620       0x14 ./src/hw/driver/cli.o
                0x08001620                cliOpen
 .text.cliShowLog
                0x08001634       0xb8 ./src/hw/driver/cli.o
                0x08001634                cliShowLog
 .text.cliPrintf
                0x080016ec       0x34 ./src/hw/driver/cli.o
                0x080016ec                cliPrintf
 .text.cliShowList
                0x08001720       0x4c ./src/hw/driver/cli.o
                0x08001720                cliShowList
 .text.cliMemoryDump
                0x0800176c       0xd8 ./src/hw/driver/cli.o
                0x0800176c                cliMemoryDump
 .text.cliMain  0x08001844      0x3bc ./src/hw/driver/cli.o
                0x08001844                cliMain
 .text.cliKeepLoop
                0x08001c00       0x18 ./src/hw/driver/cli.o
                0x08001c00                cliKeepLoop
 .text.cliAdd   0x08001c18       0x40 ./src/hw/driver/cli.o
                0x08001c18                cliAdd
 .text.cliInit  0x08001c58       0x6c ./src/hw/driver/cli.o
                0x08001c58                cliInit
 .text.flashInit
                0x08001cc4       0x18 ./src/hw/driver/flash.o
                0x08001cc4                flashInit
 .text.flashErase
                0x08001cdc       0xa0 ./src/hw/driver/flash.o
                0x08001cdc                flashErase
 .text.flashWrite
                0x08001d7c       0x36 ./src/hw/driver/flash.o
                0x08001d7c                flashWrite
 *fill*         0x08001db2        0x2 
 .text.cliFlash
                0x08001db4      0x148 ./src/hw/driver/flash.o
 .text.ledOff.part.0
                0x08001efc       0x10 ./src/hw/driver/led.o
 .text.ledInit  0x08001f0c       0x58 ./src/hw/driver/led.o
                0x08001f0c                ledInit
 .text.ledToggle
                0x08001f64       0x14 ./src/hw/driver/led.o
                0x08001f64                ledToggle
 .text.cliLed   0x08001f78       0x64 ./src/hw/driver/led.o
 .text.uartInit
                0x08001fdc        0x4 ./src/hw/driver/uart.o
                0x08001fdc                uartInit
 .text.uartOpen
                0x08001fe0        0x8 ./src/hw/driver/uart.o
                0x08001fe0                uartOpen
 .text.uartAvailable
                0x08001fe8        0xa ./src/hw/driver/uart.o
                0x08001fe8                uartAvailable
 .text.uartRead
                0x08001ff2        0xa ./src/hw/driver/uart.o
                0x08001ff2                uartRead
 .text.uartWrite
                0x08001ffc       0x10 ./src/hw/driver/uart.o
                0x08001ffc                uartWrite
 .text.uartPrintf
                0x0800200c       0x2e ./src/hw/driver/uart.o
                0x0800200c                uartPrintf
 .text.usbInit  0x0800203a        0x4 ./src/hw/driver/usb.o
                0x0800203a                usbInit
 *fill*         0x0800203e        0x2 
 .text.usbBegin
                0x08002040       0x68 ./src/hw/driver/usb.o
                0x08002040                usbBegin
 .text.ymodemInit
                0x080020a8       0x18 ./src/hw/driver/ymodem.o
                0x080020a8                ymodemInit
 .text.ymodemOpen
                0x080020c0       0x32 ./src/hw/driver/ymodem.o
                0x080020c0                ymodemOpen
 .text.ymodemPutch
                0x080020f2       0x1e ./src/hw/driver/ymodem.o
                0x080020f2                ymodemPutch
 .text.ymodemGetFileInfo
                0x08002110       0x4e ./src/hw/driver/ymodem.o
                0x08002110                ymodemGetFileInfo
 .text.ymodemAck
                0x0800215e       0x34 ./src/hw/driver/ymodem.o
                0x0800215e                ymodemAck
 .text.crc_update
                0x08002192       0x1e ./src/hw/driver/ymodem.o
                0x08002192                crc_update
 .text.ymodemReceive
                0x080021b0      0x230 ./src/hw/driver/ymodem.o
                0x080021b0                ymodemReceive
 .text.cliYmodem.part.0
                0x080023e0       0x7c ./src/hw/driver/ymodem.o
 .text.cliYmodem
                0x0800245c       0x2c ./src/hw/driver/ymodem.o
 .text.USBD_Init
                0x08002488       0x26 ./src/hw/driver/usb/core/usbd_core.o
                0x08002488                USBD_Init
 .text.USBD_RegisterClass
                0x080024ae       0x32 ./src/hw/driver/usb/core/usbd_core.o
                0x080024ae                USBD_RegisterClass
 .text.USBD_Start
                0x080024e0        0x4 ./src/hw/driver/usb/core/usbd_core.o
                0x080024e0                USBD_Start
 .text.USBD_SetClassConfig
                0x080024e4        0xe ./src/hw/driver/usb/core/usbd_core.o
                0x080024e4                USBD_SetClassConfig
 .text.USBD_ClrClassConfig
                0x080024f2       0x12 ./src/hw/driver/usb/core/usbd_core.o
                0x080024f2                USBD_ClrClassConfig
 .text.USBD_LL_SetupStage
                0x08002504       0x60 ./src/hw/driver/usb/core/usbd_core.o
                0x08002504                USBD_LL_SetupStage
 .text.USBD_LL_DataOutStage
                0x08002564       0x74 ./src/hw/driver/usb/core/usbd_core.o
                0x08002564                USBD_LL_DataOutStage
 .text.USBD_LL_DataInStage
                0x080025d8       0xa8 ./src/hw/driver/usb/core/usbd_core.o
                0x080025d8                USBD_LL_DataInStage
 .text.USBD_LL_Reset
                0x08002680       0x60 ./src/hw/driver/usb/core/usbd_core.o
                0x08002680                USBD_LL_Reset
 .text.USBD_LL_SetSpeed
                0x080026e0        0x6 ./src/hw/driver/usb/core/usbd_core.o
                0x080026e0                USBD_LL_SetSpeed
 .text.USBD_LL_Suspend
                0x080026e6       0x1c ./src/hw/driver/usb/core/usbd_core.o
                0x080026e6                USBD_LL_Suspend
 .text.USBD_LL_Resume
                0x08002702       0x16 ./src/hw/driver/usb/core/usbd_core.o
                0x08002702                USBD_LL_Resume
 .text.USBD_LL_SOF
                0x08002718       0x1a ./src/hw/driver/usb/core/usbd_core.o
                0x08002718                USBD_LL_SOF
 .text.USBD_LL_IsoINIncomplete
                0x08002732       0x26 ./src/hw/driver/usb/core/usbd_core.o
                0x08002732                USBD_LL_IsoINIncomplete
 .text.USBD_LL_IsoOUTIncomplete
                0x08002758       0x26 ./src/hw/driver/usb/core/usbd_core.o
                0x08002758                USBD_LL_IsoOUTIncomplete
 .text.USBD_LL_DevConnected
                0x0800277e        0x4 ./src/hw/driver/usb/core/usbd_core.o
                0x0800277e                USBD_LL_DevConnected
 .text.USBD_LL_DevDisconnected
                0x08002782       0x20 ./src/hw/driver/usb/core/usbd_core.o
                0x08002782                USBD_LL_DevDisconnected
 .text.USBD_CoreFindIF
                0x080027a2        0x4 ./src/hw/driver/usb/core/usbd_core.o
                0x080027a2                USBD_CoreFindIF
 .text.USBD_CoreFindEP
                0x080027a6        0x4 ./src/hw/driver/usb/core/usbd_core.o
                0x080027a6                USBD_CoreFindEP
 .text.USBD_GetEpDesc
                0x080027aa       0x24 ./src/hw/driver/usb/core/usbd_core.o
                0x080027aa                USBD_GetEpDesc
 .text.USBD_CtlError.constprop.0
                0x080027ce       0x16 ./src/hw/driver/usb/core/usbd_ctlreq.o
 .text.USBD_StdDevReq
                0x080027e4      0x2c8 ./src/hw/driver/usb/core/usbd_ctlreq.o
                0x080027e4                USBD_StdDevReq
 .text.USBD_StdItfReq
                0x08002aac       0x5e ./src/hw/driver/usb/core/usbd_ctlreq.o
                0x08002aac                USBD_StdItfReq
 .text.USBD_StdEPReq
                0x08002b0a      0x148 ./src/hw/driver/usb/core/usbd_ctlreq.o
                0x08002b0a                USBD_StdEPReq
 .text.USBD_ParseSetupRequest
                0x08002c52       0x16 ./src/hw/driver/usb/core/usbd_ctlreq.o
                0x08002c52                USBD_ParseSetupRequest
 .text.USBD_CtlError
                0x08002c68       0x16 ./src/hw/driver/usb/core/usbd_ctlreq.o
                0x08002c68                USBD_CtlError
 .text.USBD_GetString
                0x08002c7e       0x38 ./src/hw/driver/usb/core/usbd_ctlreq.o
                0x08002c7e                USBD_GetString
 .text.USBD_CtlSendData
                0x08002cb6       0x1c ./src/hw/driver/usb/core/usbd_ioreq.o
                0x08002cb6                USBD_CtlSendData
 .text.USBD_CtlContinueSendData
                0x08002cd2       0x10 ./src/hw/driver/usb/core/usbd_ioreq.o
                0x08002cd2                USBD_CtlContinueSendData
 .text.USBD_CtlPrepareRx
                0x08002ce2       0x22 ./src/hw/driver/usb/core/usbd_ioreq.o
                0x08002ce2                USBD_CtlPrepareRx
 .text.USBD_CtlContinueRx
                0x08002d04       0x10 ./src/hw/driver/usb/core/usbd_ioreq.o
                0x08002d04                USBD_CtlContinueRx
 .text.USBD_CtlSendStatus
                0x08002d14       0x16 ./src/hw/driver/usb/core/usbd_ioreq.o
                0x08002d14                USBD_CtlSendStatus
 .text.USBD_CtlReceiveStatus
                0x08002d2a       0x16 ./src/hw/driver/usb/core/usbd_ioreq.o
                0x08002d2a                USBD_CtlReceiveStatus
 .text.USBD_CDC_EP0_RxReady
                0x08002d40       0x38 ./src/hw/driver/usb/usb_cdc/usbd_cdc.o
 .text.USBD_CDC_GetDeviceQualifierDescriptor
                0x08002d78        0xc ./src/hw/driver/usb/usb_cdc/usbd_cdc.o
                0x08002d78                USBD_CDC_GetDeviceQualifierDescriptor
 .text.USBD_CDC_GetFSCfgDesc
                0x08002d84       0x48 ./src/hw/driver/usb/usb_cdc/usbd_cdc.o
 .text.USBD_CDC_GetOtherSpeedCfgDesc
                0x08002dcc        0x4 ./src/hw/driver/usb/usb_cdc/usbd_cdc.o
 .text.USBD_CDC_GetHSCfgDesc
                0x08002dd0       0x48 ./src/hw/driver/usb/usb_cdc/usbd_cdc.o
 .text.USBD_CDC_DataOut
                0x08002e18       0x38 ./src/hw/driver/usb/usb_cdc/usbd_cdc.o
 .text.USBD_CDC_DataIn
                0x08002e50       0x64 ./src/hw/driver/usb/usb_cdc/usbd_cdc.o
 .text.USBD_CDC_Setup
                0x08002eb4       0xf0 ./src/hw/driver/usb/usb_cdc/usbd_cdc.o
 .text.USBD_CDC_DeInit
                0x08002fa4       0x60 ./src/hw/driver/usb/usb_cdc/usbd_cdc.o
 .text.USBD_CDC_Init
                0x08003004       0xc8 ./src/hw/driver/usb/usb_cdc/usbd_cdc.o
 .text.USBD_CDC_RegisterInterface
                0x080030cc       0x16 ./src/hw/driver/usb/usb_cdc/usbd_cdc.o
                0x080030cc                USBD_CDC_RegisterInterface
 .text.USBD_CDC_SetTxBuffer
                0x080030e2       0x1c ./src/hw/driver/usb/usb_cdc/usbd_cdc.o
                0x080030e2                USBD_CDC_SetTxBuffer
 .text.USBD_CDC_SetRxBuffer
                0x080030fe       0x18 ./src/hw/driver/usb/usb_cdc/usbd_cdc.o
                0x080030fe                USBD_CDC_SetRxBuffer
 .text.USBD_CDC_TransmitPacket
                0x08003116       0x36 ./src/hw/driver/usb/usb_cdc/usbd_cdc.o
                0x08003116                USBD_CDC_TransmitPacket
 .text.USBD_CDC_ReceivePacket
                0x0800314c       0x2c ./src/hw/driver/usb/usb_cdc/usbd_cdc.o
                0x0800314c                USBD_CDC_ReceivePacket
 .text.CDC_DeInit_FS
                0x08003178        0x4 ./src/hw/driver/usb/usb_cdc/usbd_cdc_if.o
 .text.CDC_Control_FS
                0x0800317c       0x60 ./src/hw/driver/usb/usb_cdc/usbd_cdc_if.o
 .text.CDC_TransmitCplt_FS
                0x080031dc        0x4 ./src/hw/driver/usb/usb_cdc/usbd_cdc_if.o
 .text.CDC_Init_FS
                0x080031e0       0x28 ./src/hw/driver/usb/usb_cdc/usbd_cdc_if.o
 .text.cdcAvailable
                0x08003208       0x24 ./src/hw/driver/usb/usb_cdc/usbd_cdc_if.o
                0x08003208                cdcAvailable
 .text.cdcRead  0x0800322c       0x34 ./src/hw/driver/usb/usb_cdc/usbd_cdc_if.o
                0x0800322c                cdcRead
 .text.cdcDataIn
                0x08003260       0x34 ./src/hw/driver/usb/usb_cdc/usbd_cdc_if.o
                0x08003260                cdcDataIn
 .text.CDC_Receive_FS
                0x08003294       0x50 ./src/hw/driver/usb/usb_cdc/usbd_cdc_if.o
 .text.CDC_Transmit_FS
                0x080032e4       0x2c ./src/hw/driver/usb/usb_cdc/usbd_cdc_if.o
                0x080032e4                CDC_Transmit_FS
 .text.cdcWrite
                0x08003310       0x32 ./src/hw/driver/usb/usb_cdc/usbd_cdc_if.o
                0x08003310                cdcWrite
 *fill*         0x08003342        0x2 
 .text.USBD_FS_DeviceDescriptor
                0x08003344        0xc ./src/hw/driver/usb/usb_cdc/usbd_desc.o
                0x08003344                USBD_FS_DeviceDescriptor
 .text.USBD_FS_LangIDStrDescriptor
                0x08003350        0xc ./src/hw/driver/usb/usb_cdc/usbd_desc.o
                0x08003350                USBD_FS_LangIDStrDescriptor
 .text.IntToUnicode
                0x0800335c       0x2a ./src/hw/driver/usb/usb_cdc/usbd_desc.o
 *fill*         0x08003386        0x2 
 .text.USBD_FS_SerialStrDescriptor
                0x08003388       0x3c ./src/hw/driver/usb/usb_cdc/usbd_desc.o
                0x08003388                USBD_FS_SerialStrDescriptor
 .text.USBD_FS_ManufacturerStrDescriptor
                0x080033c4       0x1c ./src/hw/driver/usb/usb_cdc/usbd_desc.o
                0x080033c4                USBD_FS_ManufacturerStrDescriptor
 .text.USBD_FS_ProductStrDescriptor
                0x080033e0       0x1c ./src/hw/driver/usb/usb_cdc/usbd_desc.o
                0x080033e0                USBD_FS_ProductStrDescriptor
 .text.USBD_FS_ConfigStrDescriptor
                0x080033fc       0x1c ./src/hw/driver/usb/usb_cdc/usbd_desc.o
                0x080033fc                USBD_FS_ConfigStrDescriptor
 .text.USBD_FS_InterfaceStrDescriptor
                0x08003418       0x1c ./src/hw/driver/usb/usb_cdc/usbd_desc.o
                0x08003418                USBD_FS_InterfaceStrDescriptor
 .text.HAL_PCD_MspInit
                0x08003434       0x84 ./src/hw/driver/usb/usbd_conf.o
                0x08003434                HAL_PCD_MspInit
 .text.HAL_PCD_SetupStageCallback
                0x080034b8        0xc ./src/hw/driver/usb/usbd_conf.o
                0x080034b8                HAL_PCD_SetupStageCallback
 .text.HAL_PCD_DataOutStageCallback
                0x080034c4       0x12 ./src/hw/driver/usb/usbd_conf.o
                0x080034c4                HAL_PCD_DataOutStageCallback
 .text.HAL_PCD_DataInStageCallback
                0x080034d6       0x10 ./src/hw/driver/usb/usbd_conf.o
                0x080034d6                HAL_PCD_DataInStageCallback
 .text.HAL_PCD_SOFCallback
                0x080034e6        0x8 ./src/hw/driver/usb/usbd_conf.o
                0x080034e6                HAL_PCD_SOFCallback
 .text.HAL_PCD_ResetCallback
                0x080034ee       0x24 ./src/hw/driver/usb/usbd_conf.o
                0x080034ee                HAL_PCD_ResetCallback
 *fill*         0x08003512        0x2 
 .text.HAL_PCD_SuspendCallback
                0x08003514       0x30 ./src/hw/driver/usb/usbd_conf.o
                0x08003514                HAL_PCD_SuspendCallback
 .text.HAL_PCD_ResumeCallback
                0x08003544        0x8 ./src/hw/driver/usb/usbd_conf.o
                0x08003544                HAL_PCD_ResumeCallback
 .text.HAL_PCD_ISOOUTIncompleteCallback
                0x0800354c        0x8 ./src/hw/driver/usb/usbd_conf.o
                0x0800354c                HAL_PCD_ISOOUTIncompleteCallback
 .text.HAL_PCD_ISOINIncompleteCallback
                0x08003554        0x8 ./src/hw/driver/usb/usbd_conf.o
                0x08003554                HAL_PCD_ISOINIncompleteCallback
 .text.HAL_PCD_ConnectCallback
                0x0800355c        0x8 ./src/hw/driver/usb/usbd_conf.o
                0x0800355c                HAL_PCD_ConnectCallback
 .text.HAL_PCD_DisconnectCallback
                0x08003564        0x8 ./src/hw/driver/usb/usbd_conf.o
                0x08003564                HAL_PCD_DisconnectCallback
 .text.USBD_LL_Init
                0x0800356c       0x5c ./src/hw/driver/usb/usbd_conf.o
                0x0800356c                USBD_LL_Init
 .text.USBD_LL_IsStallEP
                0x080035c8       0x24 ./src/hw/driver/usb/usbd_conf.o
                0x080035c8                USBD_LL_IsStallEP
 .text.USBD_LL_GetRxDataSize
                0x080035ec        0x8 ./src/hw/driver/usb/usbd_conf.o
                0x080035ec                USBD_LL_GetRxDataSize
 .text.USBD_static_malloc
                0x080035f4        0x8 ./src/hw/driver/usb/usbd_conf.o
                0x080035f4                USBD_static_malloc
 .text.USBD_static_free
                0x080035fc        0x2 ./src/hw/driver/usb/usbd_conf.o
                0x080035fc                USBD_static_free
 .text.USBD_Get_USB_Status
                0x080035fe        0xc ./src/hw/driver/usb/usbd_conf.o
                0x080035fe                USBD_Get_USB_Status
 .text.USBD_LL_Start
                0x0800360a       0x12 ./src/hw/driver/usb/usbd_conf.o
                0x0800360a                USBD_LL_Start
 .text.USBD_LL_OpenEP
                0x0800361c       0x18 ./src/hw/driver/usb/usbd_conf.o
                0x0800361c                USBD_LL_OpenEP
 .text.USBD_LL_CloseEP
                0x08003634       0x12 ./src/hw/driver/usb/usbd_conf.o
                0x08003634                USBD_LL_CloseEP
 .text.USBD_LL_StallEP
                0x08003646       0x12 ./src/hw/driver/usb/usbd_conf.o
                0x08003646                USBD_LL_StallEP
 .text.USBD_LL_ClearStallEP
                0x08003658       0x12 ./src/hw/driver/usb/usbd_conf.o
                0x08003658                USBD_LL_ClearStallEP
 .text.USBD_LL_SetUSBAddress
                0x0800366a       0x12 ./src/hw/driver/usb/usbd_conf.o
                0x0800366a                USBD_LL_SetUSBAddress
 .text.USBD_LL_Transmit
                0x0800367c       0x12 ./src/hw/driver/usb/usbd_conf.o
                0x0800367c                USBD_LL_Transmit
 .text.USBD_LL_PrepareReceive
                0x0800368e       0x12 ./src/hw/driver/usb/usbd_conf.o
                0x0800368e                USBD_LL_PrepareReceive
 .text.hwInit   0x080036a0       0x2c ./src/hw/hw.o
                0x080036a0                hwInit
 .text.HAL_InitTick
                0x080036cc       0x48 ./src/lib/cube_f411/Drivers/STM32F4xx_HAL_Driver/Src/stm32f4xx_hal.o
                0x080036cc                HAL_InitTick
 .text.HAL_Init
                0x08003714       0x34 ./src/lib/cube_f411/Drivers/STM32F4xx_HAL_Driver/Src/stm32f4xx_hal.o
                0x08003714                HAL_Init
 .text.HAL_IncTick
                0x08003748       0x18 ./src/lib/cube_f411/Drivers/STM32F4xx_HAL_Driver/Src/stm32f4xx_hal.o
                0x08003748                HAL_IncTick
 .text.HAL_GetTick
                0x08003760        0xc ./src/lib/cube_f411/Drivers/STM32F4xx_HAL_Driver/Src/stm32f4xx_hal.o
                0x08003760                HAL_GetTick
 .text.HAL_Delay
                0x0800376c       0x28 ./src/lib/cube_f411/Drivers/STM32F4xx_HAL_Driver/Src/stm32f4xx_hal.o
                0x0800376c                HAL_Delay
 .text.HAL_NVIC_SetPriorityGrouping
                0x08003794       0x24 ./src/lib/cube_f411/Drivers/STM32F4xx_HAL_Driver/Src/stm32f4xx_hal_cortex.o
                0x08003794                HAL_NVIC_SetPriorityGrouping
 .text.HAL_NVIC_SetPriority
                0x080037b8       0x64 ./src/lib/cube_f411/Drivers/STM32F4xx_HAL_Driver/Src/stm32f4xx_hal_cortex.o
                0x080037b8                HAL_NVIC_SetPriority
 .text.HAL_NVIC_EnableIRQ
                0x0800381c       0x1c ./src/lib/cube_f411/Drivers/STM32F4xx_HAL_Driver/Src/stm32f4xx_hal_cortex.o
                0x0800381c                HAL_NVIC_EnableIRQ
 .text.HAL_SYSTICK_Config
                0x08003838       0x28 ./src/lib/cube_f411/Drivers/STM32F4xx_HAL_Driver/Src/stm32f4xx_hal_cortex.o
                0x08003838                HAL_SYSTICK_Config
 .text.FLASH_Program_DoubleWord
                0x08003860       0x2c ./src/lib/cube_f411/Drivers/STM32F4xx_HAL_Driver/Src/stm32f4xx_hal_flash.o
 .text.FLASH_Program_Word
                0x0800388c       0x24 ./src/lib/cube_f411/Drivers/STM32F4xx_HAL_Driver/Src/stm32f4xx_hal_flash.o
 .text.FLASH_Program_HalfWord
                0x080038b0       0x24 ./src/lib/cube_f411/Drivers/STM32F4xx_HAL_Driver/Src/stm32f4xx_hal_flash.o
 .text.FLASH_SetErrorCode
                0x080038d4       0x8c ./src/lib/cube_f411/Drivers/STM32F4xx_HAL_Driver/Src/stm32f4xx_hal_flash.o
 .text.HAL_FLASH_Unlock
                0x08003960       0x24 ./src/lib/cube_f411/Drivers/STM32F4xx_HAL_Driver/Src/stm32f4xx_hal_flash.o
                0x08003960                HAL_FLASH_Unlock
 .text.HAL_FLASH_Lock
                0x08003984       0x14 ./src/lib/cube_f411/Drivers/STM32F4xx_HAL_Driver/Src/stm32f4xx_hal_flash.o
                0x08003984                HAL_FLASH_Lock
 .text.FLASH_WaitForLastOperation
                0x08003998       0x50 ./src/lib/cube_f411/Drivers/STM32F4xx_HAL_Driver/Src/stm32f4xx_hal_flash.o
                0x08003998                FLASH_WaitForLastOperation
 .text.HAL_FLASH_Program
                0x080039e8       0x8c ./src/lib/cube_f411/Drivers/STM32F4xx_HAL_Driver/Src/stm32f4xx_hal_flash.o
                0x080039e8                HAL_FLASH_Program
 .text.FLASH_MassErase.isra.0
                0x08003a74       0x24 ./src/lib/cube_f411/Drivers/STM32F4xx_HAL_Driver/Src/stm32f4xx_hal_flash_ex.o
 .text.FLASH_Erase_Sector
                0x08003a98       0x3c ./src/lib/cube_f411/Drivers/STM32F4xx_HAL_Driver/Src/stm32f4xx_hal_flash_ex.o
                0x08003a98                FLASH_Erase_Sector
 .text.FLASH_FlushCaches
                0x08003ad4       0x58 ./src/lib/cube_f411/Drivers/STM32F4xx_HAL_Driver/Src/stm32f4xx_hal_flash_ex.o
                0x08003ad4                FLASH_FlushCaches
 .text.HAL_FLASHEx_Erase
                0x08003b2c       0xa0 ./src/lib/cube_f411/Drivers/STM32F4xx_HAL_Driver/Src/stm32f4xx_hal_flash_ex.o
                0x08003b2c                HAL_FLASHEx_Erase
 .text.HAL_GPIO_Init
                0x08003bcc      0x18c ./src/lib/cube_f411/Drivers/STM32F4xx_HAL_Driver/Src/stm32f4xx_hal_gpio.o
                0x08003bcc                HAL_GPIO_Init
 .text.HAL_GPIO_ReadPin
                0x08003d58        0xc ./src/lib/cube_f411/Drivers/STM32F4xx_HAL_Driver/Src/stm32f4xx_hal_gpio.o
                0x08003d58                HAL_GPIO_ReadPin
 .text.HAL_GPIO_WritePin
                0x08003d64        0xa ./src/lib/cube_f411/Drivers/STM32F4xx_HAL_Driver/Src/stm32f4xx_hal_gpio.o
                0x08003d64                HAL_GPIO_WritePin
 .text.HAL_GPIO_TogglePin
                0x08003d6e       0x12 ./src/lib/cube_f411/Drivers/STM32F4xx_HAL_Driver/Src/stm32f4xx_hal_gpio.o
                0x08003d6e                HAL_GPIO_TogglePin
 .text.HAL_PCD_Init
                0x08003d80       0xde ./src/lib/cube_f411/Drivers/STM32F4xx_HAL_Driver/Src/stm32f4xx_hal_pcd.o
                0x08003d80                HAL_PCD_Init
 .text.HAL_PCD_Start
                0x08003e5e       0x3e ./src/lib/cube_f411/Drivers/STM32F4xx_HAL_Driver/Src/stm32f4xx_hal_pcd.o
                0x08003e5e                HAL_PCD_Start
 .text.HAL_PCD_SetAddress
                0x08003e9c       0x26 ./src/lib/cube_f411/Drivers/STM32F4xx_HAL_Driver/Src/stm32f4xx_hal_pcd.o
                0x08003e9c                HAL_PCD_SetAddress
 .text.HAL_PCD_EP_Open
                0x08003ec2       0x72 ./src/lib/cube_f411/Drivers/STM32F4xx_HAL_Driver/Src/stm32f4xx_hal_pcd.o
                0x08003ec2                HAL_PCD_EP_Open
 .text.HAL_PCD_EP_Close
                0x08003f34       0x5c ./src/lib/cube_f411/Drivers/STM32F4xx_HAL_Driver/Src/stm32f4xx_hal_pcd.o
                0x08003f34                HAL_PCD_EP_Close
 .text.HAL_PCD_EP_Receive
                0x08003f90       0x3c ./src/lib/cube_f411/Drivers/STM32F4xx_HAL_Driver/Src/stm32f4xx_hal_pcd.o
                0x08003f90                HAL_PCD_EP_Receive
 .text.HAL_PCD_EP_GetRxCount
                0x08003fcc       0x10 ./src/lib/cube_f411/Drivers/STM32F4xx_HAL_Driver/Src/stm32f4xx_hal_pcd.o
                0x08003fcc                HAL_PCD_EP_GetRxCount
 .text.HAL_PCD_EP_Transmit
                0x08003fdc       0x36 ./src/lib/cube_f411/Drivers/STM32F4xx_HAL_Driver/Src/stm32f4xx_hal_pcd.o
                0x08003fdc                HAL_PCD_EP_Transmit
 .text.HAL_PCD_EP_SetStall
                0x08004012       0x6e ./src/lib/cube_f411/Drivers/STM32F4xx_HAL_Driver/Src/stm32f4xx_hal_pcd.o
                0x08004012                HAL_PCD_EP_SetStall
 .text.HAL_PCD_EP_ClrStall
                0x08004080       0x6a ./src/lib/cube_f411/Drivers/STM32F4xx_HAL_Driver/Src/stm32f4xx_hal_pcd.o
                0x08004080                HAL_PCD_EP_ClrStall
 .text.HAL_PCD_EP_Abort
                0x080040ea       0x20 ./src/lib/cube_f411/Drivers/STM32F4xx_HAL_Driver/Src/stm32f4xx_hal_pcd.o
                0x080040ea                HAL_PCD_EP_Abort
 *fill*         0x0800410a        0x2 
 .text.HAL_PCD_IRQHandler
                0x0800410c      0x690 ./src/lib/cube_f411/Drivers/STM32F4xx_HAL_Driver/Src/stm32f4xx_hal_pcd.o
                0x0800410c                HAL_PCD_IRQHandler
 .text.HAL_PCDEx_SetTxFiFo
                0x0800479c       0x3e ./src/lib/cube_f411/Drivers/STM32F4xx_HAL_Driver/Src/stm32f4xx_hal_pcd_ex.o
                0x0800479c                HAL_PCDEx_SetTxFiFo
 .text.HAL_PCDEx_SetRxFiFo
                0x080047da        0x8 ./src/lib/cube_f411/Drivers/STM32F4xx_HAL_Driver/Src/stm32f4xx_hal_pcd_ex.o
                0x080047da                HAL_PCDEx_SetRxFiFo
 .text.HAL_PCDEx_LPM_Callback
                0x080047e2        0x2 ./src/lib/cube_f411/Drivers/STM32F4xx_HAL_Driver/Src/stm32f4xx_hal_pcd_ex.o
                0x080047e2                HAL_PCDEx_LPM_Callback
 .text.HAL_RCC_OscConfig
                0x080047e4      0x35c ./src/lib/cube_f411/Drivers/STM32F4xx_HAL_Driver/Src/stm32f4xx_hal_rcc.o
                0x080047e4                HAL_RCC_OscConfig
 .text.HAL_RCC_GetSysClockFreq
                0x08004b40       0x5c ./src/lib/cube_f411/Drivers/STM32F4xx_HAL_Driver/Src/stm32f4xx_hal_rcc.o
                0x08004b40                HAL_RCC_GetSysClockFreq
 .text.HAL_RCC_ClockConfig
                0x08004b9c      0x134 ./src/lib/cube_f411/Drivers/STM32F4xx_HAL_Driver/Src/stm32f4xx_hal_rcc.o
                0x08004b9c                HAL_RCC_ClockConfig
 .text.HAL_RCC_GetHCLKFreq
                0x08004cd0        0xc ./src/lib/cube_f411/Drivers/STM32F4xx_HAL_Driver/Src/stm32f4xx_hal_rcc.o
                0x08004cd0                HAL_RCC_GetHCLKFreq
 .text.USB_CoreReset
                0x08004cdc       0x50 ./src/lib/cube_f411/Drivers/STM32F4xx_HAL_Driver/Src/stm32f4xx_ll_usb.o
 .text.USB_CoreInit
                0x08004d2c       0x88 ./src/lib/cube_f411/Drivers/STM32F4xx_HAL_Driver/Src/stm32f4xx_ll_usb.o
                0x08004d2c                USB_CoreInit
 .text.USB_SetTurnaroundTime
                0x08004db4       0xe0 ./src/lib/cube_f411/Drivers/STM32F4xx_HAL_Driver/Src/stm32f4xx_ll_usb.o
                0x08004db4                USB_SetTurnaroundTime
 .text.USB_EnableGlobalInt
                0x08004e94        0xc ./src/lib/cube_f411/Drivers/STM32F4xx_HAL_Driver/Src/stm32f4xx_ll_usb.o
                0x08004e94                USB_EnableGlobalInt
 .text.USB_DisableGlobalInt
                0x08004ea0        0xc ./src/lib/cube_f411/Drivers/STM32F4xx_HAL_Driver/Src/stm32f4xx_ll_usb.o
                0x08004ea0                USB_DisableGlobalInt
 .text.USB_SetCurrentMode
                0x08004eac       0x60 ./src/lib/cube_f411/Drivers/STM32F4xx_HAL_Driver/Src/stm32f4xx_ll_usb.o
                0x08004eac                USB_SetCurrentMode
 .text.USB_FlushTxFifo
                0x08004f0c       0x46 ./src/lib/cube_f411/Drivers/STM32F4xx_HAL_Driver/Src/stm32f4xx_ll_usb.o
                0x08004f0c                USB_FlushTxFifo
 .text.USB_FlushRxFifo
                0x08004f52       0x42 ./src/lib/cube_f411/Drivers/STM32F4xx_HAL_Driver/Src/stm32f4xx_ll_usb.o
                0x08004f52                USB_FlushRxFifo
 .text.USB_SetDevSpeed
                0x08004f94        0xe ./src/lib/cube_f411/Drivers/STM32F4xx_HAL_Driver/Src/stm32f4xx_ll_usb.o
                0x08004f94                USB_SetDevSpeed
 *fill*         0x08004fa2        0x2 
 .text.USB_DevInit
                0x08004fa4      0x174 ./src/lib/cube_f411/Drivers/STM32F4xx_HAL_Driver/Src/stm32f4xx_ll_usb.o
                0x08004fa4                USB_DevInit
 .text.USB_GetDevSpeed
                0x08005118       0x16 ./src/lib/cube_f411/Drivers/STM32F4xx_HAL_Driver/Src/stm32f4xx_ll_usb.o
                0x08005118                USB_GetDevSpeed
 .text.USB_ActivateEndpoint
                0x0800512e       0x7e ./src/lib/cube_f411/Drivers/STM32F4xx_HAL_Driver/Src/stm32f4xx_ll_usb.o
                0x0800512e                USB_ActivateEndpoint
 .text.USB_DeactivateEndpoint
                0x080051ac       0xac ./src/lib/cube_f411/Drivers/STM32F4xx_HAL_Driver/Src/stm32f4xx_ll_usb.o
                0x080051ac                USB_DeactivateEndpoint
 .text.USB_EPStopXfer
                0x08005258       0x84 ./src/lib/cube_f411/Drivers/STM32F4xx_HAL_Driver/Src/stm32f4xx_ll_usb.o
                0x08005258                USB_EPStopXfer
 .text.USB_WritePacket
                0x080052dc       0x26 ./src/lib/cube_f411/Drivers/STM32F4xx_HAL_Driver/Src/stm32f4xx_ll_usb.o
                0x080052dc                USB_WritePacket
 *fill*         0x08005302        0x2 
 .text.USB_EPStartXfer
                0x08005304      0x204 ./src/lib/cube_f411/Drivers/STM32F4xx_HAL_Driver/Src/stm32f4xx_ll_usb.o
                0x08005304                USB_EPStartXfer
 .text.USB_ReadPacket
                0x08005508       0x40 ./src/lib/cube_f411/Drivers/STM32F4xx_HAL_Driver/Src/stm32f4xx_ll_usb.o
                0x08005508                USB_ReadPacket
 .text.USB_EPSetStall
                0x08005548       0x56 ./src/lib/cube_f411/Drivers/STM32F4xx_HAL_Driver/Src/stm32f4xx_ll_usb.o
                0x08005548                USB_EPSetStall
 .text.USB_EPClearStall
                0x0800559e       0x52 ./src/lib/cube_f411/Drivers/STM32F4xx_HAL_Driver/Src/stm32f4xx_ll_usb.o
                0x0800559e                USB_EPClearStall
 .text.USB_SetDevAddress
                0x080055f0       0x20 ./src/lib/cube_f411/Drivers/STM32F4xx_HAL_Driver/Src/stm32f4xx_ll_usb.o
                0x080055f0                USB_SetDevAddress
 .text.USB_DevConnect
                0x08005610       0x1c ./src/lib/cube_f411/Drivers/STM32F4xx_HAL_Driver/Src/stm32f4xx_ll_usb.o
                0x08005610                USB_DevConnect
 .text.USB_DevDisconnect
                0x0800562c       0x1c ./src/lib/cube_f411/Drivers/STM32F4xx_HAL_Driver/Src/stm32f4xx_ll_usb.o
                0x0800562c                USB_DevDisconnect
 .text.USB_ReadInterrupts
                0x08005648        0x8 ./src/lib/cube_f411/Drivers/STM32F4xx_HAL_Driver/Src/stm32f4xx_ll_usb.o
                0x08005648                USB_ReadInterrupts
 .text.USB_ReadDevAllOutEpInterrupt
                0x08005650       0x10 ./src/lib/cube_f411/Drivers/STM32F4xx_HAL_Driver/Src/stm32f4xx_ll_usb.o
                0x08005650                USB_ReadDevAllOutEpInterrupt
 .text.USB_ReadDevAllInEpInterrupt
                0x08005660       0x10 ./src/lib/cube_f411/Drivers/STM32F4xx_HAL_Driver/Src/stm32f4xx_ll_usb.o
                0x08005660                USB_ReadDevAllInEpInterrupt
 .text.USB_ReadDevOutEPInterrupt
                0x08005670       0x12 ./src/lib/cube_f411/Drivers/STM32F4xx_HAL_Driver/Src/stm32f4xx_ll_usb.o
                0x08005670                USB_ReadDevOutEPInterrupt
 .text.USB_ReadDevInEPInterrupt
                0x08005682       0x22 ./src/lib/cube_f411/Drivers/STM32F4xx_HAL_Driver/Src/stm32f4xx_ll_usb.o
                0x08005682                USB_ReadDevInEPInterrupt
 .text.USB_GetMode
                0x080056a4        0x8 ./src/lib/cube_f411/Drivers/STM32F4xx_HAL_Driver/Src/stm32f4xx_ll_usb.o
                0x080056a4                USB_GetMode
 .text.USB_ActivateSetup
                0x080056ac       0x1c ./src/lib/cube_f411/Drivers/STM32F4xx_HAL_Driver/Src/stm32f4xx_ll_usb.o
                0x080056ac                USB_ActivateSetup
 .text.USB_EP0_OutStart
                0x080056c8       0x4c ./src/lib/cube_f411/Drivers/STM32F4xx_HAL_Driver/Src/stm32f4xx_ll_usb.o
                0x080056c8                USB_EP0_OutStart
 .text.startup.main
                0x08005714       0x12 ./src/main.o
                0x08005714                main
 .text.sulp     0x08005726       0x3c C:/ST/STM32CubeIDE_1.19.0/STM32CubeIDE/plugins/com.st.stm32cube.ide.mcu.externaltools.gnu-tools-for-stm32.13.3.rel1.win32_1.0.0.202411081344/tools/bin/../lib/gcc/arm-none-eabi/13.3.1/../../../../arm-none-eabi/lib/thumb/v7e-m+fp/hard\libc_nano.a(libc_a-strtod.o)
 *fill*         0x08005762        0x6 
 .text._strtod_l
                0x08005768      0xbc8 C:/ST/STM32CubeIDE_1.19.0/STM32CubeIDE/plugins/com.st.stm32cube.ide.mcu.externaltools.gnu-tools-for-stm32.13.3.rel1.win32_1.0.0.202411081344/tools/bin/../lib/gcc/arm-none-eabi/13.3.1/../../../../arm-none-eabi/lib/thumb/v7e-m+fp/hard\libc_nano.a(libc_a-strtod.o)
                0x08005768                _strtod_l
 .text.strtof   0x08006330       0xc8 C:/ST/STM32CubeIDE_1.19.0/STM32CubeIDE/plugins/com.st.stm32cube.ide.mcu.externaltools.gnu-tools-for-stm32.13.3.rel1.win32_1.0.0.202411081344/tools/bin/../lib/gcc/arm-none-eabi/13.3.1/../../../../arm-none-eabi/lib/thumb/v7e-m+fp/hard\libc_nano.a(libc_a-strtod.o)
                0x08006330                strtof
 .text._strtoul_l.isra.0
                0x080063f8       0xdc C:/ST/STM32CubeIDE_1.19.0/STM32CubeIDE/plugins/com.st.stm32cube.ide.mcu.externaltools.gnu-tools-for-stm32.13.3.rel1.win32_1.0.0.202411081344/tools/bin/../lib/gcc/arm-none-eabi/13.3.1/../../../../arm-none-eabi/lib/thumb/v7e-m+fp/hard\libc_nano.a(libc_a-strtoul.o)
 .text.strtoul  0x080064d4       0x14 C:/ST/STM32CubeIDE_1.19.0/STM32CubeIDE/plugins/com.st.stm32cube.ide.mcu.externaltools.gnu-tools-for-stm32.13.3.rel1.win32_1.0.0.202411081344/tools/bin/../lib/gcc/arm-none-eabi/13.3.1/../../../../arm-none-eabi/lib/thumb/v7e-m+fp/hard\libc_nano.a(libc_a-strtoul.o)
                0x080064d4                strtoul
 .text.std      0x080064e8       0x6c C:/ST/STM32CubeIDE_1.19.0/STM32CubeIDE/plugins/com.st.stm32cube.ide.mcu.externaltools.gnu-tools-for-stm32.13.3.rel1.win32_1.0.0.202411081344/tools/bin/../lib/gcc/arm-none-eabi/13.3.1/../../../../arm-none-eabi/lib/thumb/v7e-m+fp/hard\libc_nano.a(libc_a-findfp.o)
 .text.stdio_exit_handler
                0x08006554       0x18 C:/ST/STM32CubeIDE_1.19.0/STM32CubeIDE/plugins/com.st.stm32cube.ide.mcu.externaltools.gnu-tools-for-stm32.13.3.rel1.win32_1.0.0.202411081344/tools/bin/../lib/gcc/arm-none-eabi/13.3.1/../../../../arm-none-eabi/lib/thumb/v7e-m+fp/hard\libc_nano.a(libc_a-findfp.o)
 .text.cleanup_stdio
                0x0800656c       0x40 C:/ST/STM32CubeIDE_1.19.0/STM32CubeIDE/plugins/com.st.stm32cube.ide.mcu.externaltools.gnu-tools-for-stm32.13.3.rel1.win32_1.0.0.202411081344/tools/bin/../lib/gcc/arm-none-eabi/13.3.1/../../../../arm-none-eabi/lib/thumb/v7e-m+fp/hard\libc_nano.a(libc_a-findfp.o)
 .text.global_stdio_init.part.0
                0x080065ac       0x3c C:/ST/STM32CubeIDE_1.19.0/STM32CubeIDE/plugins/com.st.stm32cube.ide.mcu.externaltools.gnu-tools-for-stm32.13.3.rel1.win32_1.0.0.202411081344/tools/bin/../lib/gcc/arm-none-eabi/13.3.1/../../../../arm-none-eabi/lib/thumb/v7e-m+fp/hard\libc_nano.a(libc_a-findfp.o)
 .text.__sfp_lock_acquire
                0x080065e8        0xc C:/ST/STM32CubeIDE_1.19.0/STM32CubeIDE/plugins/com.st.stm32cube.ide.mcu.externaltools.gnu-tools-for-stm32.13.3.rel1.win32_1.0.0.202411081344/tools/bin/../lib/gcc/arm-none-eabi/13.3.1/../../../../arm-none-eabi/lib/thumb/v7e-m+fp/hard\libc_nano.a(libc_a-findfp.o)
                0x080065e8                __sfp_lock_acquire
 .text.__sfp_lock_release
                0x080065f4        0xc C:/ST/STM32CubeIDE_1.19.0/STM32CubeIDE/plugins/com.st.stm32cube.ide.mcu.externaltools.gnu-tools-for-stm32.13.3.rel1.win32_1.0.0.202411081344/tools/bin/../lib/gcc/arm-none-eabi/13.3.1/../../../../arm-none-eabi/lib/thumb/v7e-m+fp/hard\libc_nano.a(libc_a-findfp.o)
                0x080065f4                __sfp_lock_release
 .text.__sinit  0x08006600       0x30 C:/ST/STM32CubeIDE_1.19.0/STM32CubeIDE/plugins/com.st.stm32cube.ide.mcu.externaltools.gnu-tools-for-stm32.13.3.rel1.win32_1.0.0.202411081344/tools/bin/../lib/gcc/arm-none-eabi/13.3.1/../../../../arm-none-eabi/lib/thumb/v7e-m+fp/hard\libc_nano.a(libc_a-findfp.o)
                0x08006600                __sinit
 .text._fwalk_sglue
                0x08006630       0x3c C:/ST/STM32CubeIDE_1.19.0/STM32CubeIDE/plugins/com.st.stm32cube.ide.mcu.externaltools.gnu-tools-for-stm32.13.3.rel1.win32_1.0.0.202411081344/tools/bin/../lib/gcc/arm-none-eabi/13.3.1/../../../../arm-none-eabi/lib/thumb/v7e-m+fp/hard\libc_nano.a(libc_a-fwalk.o)
                0x08006630                _fwalk_sglue
 .text.__sread  0x0800666c       0x22 C:/ST/STM32CubeIDE_1.19.0/STM32CubeIDE/plugins/com.st.stm32cube.ide.mcu.externaltools.gnu-tools-for-stm32.13.3.rel1.win32_1.0.0.202411081344/tools/bin/../lib/gcc/arm-none-eabi/13.3.1/../../../../arm-none-eabi/lib/thumb/v7e-m+fp/hard\libc_nano.a(libc_a-stdio.o)
                0x0800666c                __sread
 .text.__swrite
                0x0800668e       0x38 C:/ST/STM32CubeIDE_1.19.0/STM32CubeIDE/plugins/com.st.stm32cube.ide.mcu.externaltools.gnu-tools-for-stm32.13.3.rel1.win32_1.0.0.202411081344/tools/bin/../lib/gcc/arm-none-eabi/13.3.1/../../../../arm-none-eabi/lib/thumb/v7e-m+fp/hard\libc_nano.a(libc_a-stdio.o)
                0x0800668e                __swrite
 .text.__sseek  0x080066c6       0x24 C:/ST/STM32CubeIDE_1.19.0/STM32CubeIDE/plugins/com.st.stm32cube.ide.mcu.externaltools.gnu-tools-for-stm32.13.3.rel1.win32_1.0.0.202411081344/tools/bin/../lib/gcc/arm-none-eabi/13.3.1/../../../../arm-none-eabi/lib/thumb/v7e-m+fp/hard\libc_nano.a(libc_a-stdio.o)
                0x080066c6                __sseek
 .text.__sclose
                0x080066ea        0x8 C:/ST/STM32CubeIDE_1.19.0/STM32CubeIDE/plugins/com.st.stm32cube.ide.mcu.externaltools.gnu-tools-for-stm32.13.3.rel1.win32_1.0.0.202411081344/tools/bin/../lib/gcc/arm-none-eabi/13.3.1/../../../../arm-none-eabi/lib/thumb/v7e-m+fp/hard\libc_nano.a(libc_a-stdio.o)
                0x080066ea                __sclose
 .text._vsnprintf_r
                0x080066f2       0x5c C:/ST/STM32CubeIDE_1.19.0/STM32CubeIDE/plugins/com.st.stm32cube.ide.mcu.externaltools.gnu-tools-for-stm32.13.3.rel1.win32_1.0.0.202411081344/tools/bin/../lib/gcc/arm-none-eabi/13.3.1/../../../../arm-none-eabi/lib/thumb/v7e-m+fp/hard\libc_nano.a(libc_a-vsnprintf.o)
                0x080066f2                _vsniprintf_r
                0x080066f2                _vsnprintf_r
 *fill*         0x0800674e        0x2 
 .text.vsnprintf
                0x08006750       0x1c C:/ST/STM32CubeIDE_1.19.0/STM32CubeIDE/plugins/com.st.stm32cube.ide.mcu.externaltools.gnu-tools-for-stm32.13.3.rel1.win32_1.0.0.202411081344/tools/bin/../lib/gcc/arm-none-eabi/13.3.1/../../../../arm-none-eabi/lib/thumb/v7e-m+fp/hard\libc_nano.a(libc_a-vsnprintf.o)
                0x08006750                vsniprintf
                0x08006750                vsnprintf
 .text.memmove  0x0800676c       0x34 C:/ST/STM32CubeIDE_1.19.0/STM32CubeIDE/plugins/com.st.stm32cube.ide.mcu.externaltools.gnu-tools-for-stm32.13.3.rel1.win32_1.0.0.202411081344/tools/bin/../lib/gcc/arm-none-eabi/13.3.1/../../../../arm-none-eabi/lib/thumb/v7e-m+fp/hard\libc_nano.a(libc_a-memmove.o)
                0x0800676c                memmove
 .text.memset   0x080067a0       0x10 C:/ST/STM32CubeIDE_1.19.0/STM32CubeIDE/plugins/com.st.stm32cube.ide.mcu.externaltools.gnu-tools-for-stm32.13.3.rel1.win32_1.0.0.202411081344/tools/bin/../lib/gcc/arm-none-eabi/13.3.1/../../../../arm-none-eabi/lib/thumb/v7e-m+fp/hard\libc_nano.a(libc_a-memset.o)
                0x080067a0                memset
 .text.strncmp  0x080067b0       0x24 C:/ST/STM32CubeIDE_1.19.0/STM32CubeIDE/plugins/com.st.stm32cube.ide.mcu.externaltools.gnu-tools-for-stm32.13.3.rel1.win32_1.0.0.202411081344/tools/bin/../lib/gcc/arm-none-eabi/13.3.1/../../../../arm-none-eabi/lib/thumb/v7e-m+fp/hard\libc_nano.a(libc_a-strncmp.o)
                0x080067b0                strncmp
 .text.__strtok_r
                0x080067d4       0x50 C:/ST/STM32CubeIDE_1.19.0/STM32CubeIDE/plugins/com.st.stm32cube.ide.mcu.externaltools.gnu-tools-for-stm32.13.3.rel1.win32_1.0.0.202411081344/tools/bin/../lib/gcc/arm-none-eabi/13.3.1/../../../../arm-none-eabi/lib/thumb/v7e-m+fp/hard\libc_nano.a(libc_a-strtok_r.o)
                0x080067d4                __strtok_r
 .text.strtok_r
                0x08006824        0x6 C:/ST/STM32CubeIDE_1.19.0/STM32CubeIDE/plugins/com.st.stm32cube.ide.mcu.externaltools.gnu-tools-for-stm32.13.3.rel1.win32_1.0.0.202411081344/tools/bin/../lib/gcc/arm-none-eabi/13.3.1/../../../../arm-none-eabi/lib/thumb/v7e-m+fp/hard\libc_nano.a(libc_a-strtok_r.o)
                0x08006824                strtok_r
 *fill*         0x0800682a        0x2 
 .text._close_r
                0x0800682c       0x20 C:/ST/STM32CubeIDE_1.19.0/STM32CubeIDE/plugins/com.st.stm32cube.ide.mcu.externaltools.gnu-tools-for-stm32.13.3.rel1.win32_1.0.0.202411081344/tools/bin/../lib/gcc/arm-none-eabi/13.3.1/../../../../arm-none-eabi/lib/thumb/v7e-m+fp/hard\libc_nano.a(libc_a-closer.o)
                0x0800682c                _close_r
 .text._lseek_r
                0x0800684c       0x24 C:/ST/STM32CubeIDE_1.19.0/STM32CubeIDE/plugins/com.st.stm32cube.ide.mcu.externaltools.gnu-tools-for-stm32.13.3.rel1.win32_1.0.0.202411081344/tools/bin/../lib/gcc/arm-none-eabi/13.3.1/../../../../arm-none-eabi/lib/thumb/v7e-m+fp/hard\libc_nano.a(libc_a-lseekr.o)
                0x0800684c                _lseek_r
 .text._read_r  0x08006870       0x24 C:/ST/STM32CubeIDE_1.19.0/STM32CubeIDE/plugins/com.st.stm32cube.ide.mcu.externaltools.gnu-tools-for-stm32.13.3.rel1.win32_1.0.0.202411081344/tools/bin/../lib/gcc/arm-none-eabi/13.3.1/../../../../arm-none-eabi/lib/thumb/v7e-m+fp/hard\libc_nano.a(libc_a-readr.o)
                0x08006870                _read_r
 .text._write_r
                0x08006894       0x24 C:/ST/STM32CubeIDE_1.19.0/STM32CubeIDE/plugins/com.st.stm32cube.ide.mcu.externaltools.gnu-tools-for-stm32.13.3.rel1.win32_1.0.0.202411081344/tools/bin/../lib/gcc/arm-none-eabi/13.3.1/../../../../arm-none-eabi/lib/thumb/v7e-m+fp/hard\libc_nano.a(libc_a-writer.o)
                0x08006894                _write_r
 .text.__errno  0x080068b8        0xc C:/ST/STM32CubeIDE_1.19.0/STM32CubeIDE/plugins/com.st.stm32cube.ide.mcu.externaltools.gnu-tools-for-stm32.13.3.rel1.win32_1.0.0.202411081344/tools/bin/../lib/gcc/arm-none-eabi/13.3.1/../../../../arm-none-eabi/lib/thumb/v7e-m+fp/hard\libc_nano.a(libc_a-errno.o)
                0x080068b8                __errno
 .text.__libc_init_array
                0x080068c4       0x48 C:/ST/STM32CubeIDE_1.19.0/STM32CubeIDE/plugins/com.st.stm32cube.ide.mcu.externaltools.gnu-tools-for-stm32.13.3.rel1.win32_1.0.0.202411081344/tools/bin/../lib/gcc/arm-none-eabi/13.3.1/../../../../arm-none-eabi/lib/thumb/v7e-m+fp/hard\libc_nano.a(libc_a-init.o)
                0x080068c4                __libc_init_array
 .text.__retarget_lock_init_recursive
                0x0800690c        0x2 C:/ST/STM32CubeIDE_1.19.0/STM32CubeIDE/plugins/com.st.stm32cube.ide.mcu.externaltools.gnu-tools-for-stm32.13.3.rel1.win32_1.0.0.202411081344/tools/bin/../lib/gcc/arm-none-eabi/13.3.1/../../../../arm-none-eabi/lib/thumb/v7e-m+fp/hard\libc_nano.a(libc_a-lock.o)
                0x0800690c                __retarget_lock_init_recursive
 .text.__retarget_lock_acquire_recursive
                0x0800690e        0x2 C:/ST/STM32CubeIDE_1.19.0/STM32CubeIDE/plugins/com.st.stm32cube.ide.mcu.externaltools.gnu-tools-for-stm32.13.3.rel1.win32_1.0.0.202411081344/tools/bin/../lib/gcc/arm-none-eabi/13.3.1/../../../../arm-none-eabi/lib/thumb/v7e-m+fp/hard\libc_nano.a(libc_a-lock.o)
                0x0800690e                __retarget_lock_acquire_recursive
 .text.__retarget_lock_release_recursive
                0x08006910        0x2 C:/ST/STM32CubeIDE_1.19.0/STM32CubeIDE/plugins/com.st.stm32cube.ide.mcu.externaltools.gnu-tools-for-stm32.13.3.rel1.win32_1.0.0.202411081344/tools/bin/../lib/gcc/arm-none-eabi/13.3.1/../../../../arm-none-eabi/lib/thumb/v7e-m+fp/hard\libc_nano.a(libc_a-lock.o)
                0x08006910                __retarget_lock_release_recursive
 .text.strcpy   0x08006912       0x10 C:/ST/STM32CubeIDE_1.19.0/STM32CubeIDE/plugins/com.st.stm32cube.ide.mcu.externaltools.gnu-tools-for-stm32.13.3.rel1.win32_1.0.0.202411081344/tools/bin/../lib/gcc/arm-none-eabi/13.3.1/../../../../arm-none-eabi/lib/thumb/v7e-m+fp/hard\libc_nano.a(libc_a-strcpy.o)
                0x08006912                strcpy
 .text.memcpy   0x08006922       0x1c C:/ST/STM32CubeIDE_1.19.0/STM32CubeIDE/plugins/com.st.stm32cube.ide.mcu.externaltools.gnu-tools-for-stm32.13.3.rel1.win32_1.0.0.202411081344/tools/bin/../lib/gcc/arm-none-eabi/13.3.1/../../../../arm-none-eabi/lib/thumb/v7e-m+fp/hard\libc_nano.a(libc_a-memcpy-stub.o)
                0x08006922                memcpy
 *fill*         0x0800693e        0x2 
 .text.nan      0x08006940       0x10 C:/ST/STM32CubeIDE_1.19.0/STM32CubeIDE/plugins/com.st.stm32cube.ide.mcu.externaltools.gnu-tools-for-stm32.13.3.rel1.win32_1.0.0.202411081344/tools/bin/../lib/gcc/arm-none-eabi/13.3.1/../../../../arm-none-eabi/lib/thumb/v7e-m+fp/hard\libc_nano.a(libm_a-s_nan.o)
                0x08006940                nan
 .text.nanf     0x08006950        0xc C:/ST/STM32CubeIDE_1.19.0/STM32CubeIDE/plugins/com.st.stm32cube.ide.mcu.externaltools.gnu-tools-for-stm32.13.3.rel1.win32_1.0.0.202411081344/tools/bin/../lib/gcc/arm-none-eabi/13.3.1/../../../../arm-none-eabi/lib/thumb/v7e-m+fp/hard\libc_nano.a(libm_a-sf_nan.o)
                0x08006950                nanf
 .text._free_r  0x0800695c       0x94 C:/ST/STM32CubeIDE_1.19.0/STM32CubeIDE/plugins/com.st.stm32cube.ide.mcu.externaltools.gnu-tools-for-stm32.13.3.rel1.win32_1.0.0.202411081344/tools/bin/../lib/gcc/arm-none-eabi/13.3.1/../../../../arm-none-eabi/lib/thumb/v7e-m+fp/hard\libc_nano.a(libc_a-freer.o)
                0x0800695c                _free_r
 .text.rshift   0x080069f0       0xa4 C:/ST/STM32CubeIDE_1.19.0/STM32CubeIDE/plugins/com.st.stm32cube.ide.mcu.externaltools.gnu-tools-for-stm32.13.3.rel1.win32_1.0.0.202411081344/tools/bin/../lib/gcc/arm-none-eabi/13.3.1/../../../../arm-none-eabi/lib/thumb/v7e-m+fp/hard\libc_nano.a(libc_a-gdtoa-gethex.o)
 .text.__hexdig_fun
                0x08006a94       0x2a C:/ST/STM32CubeIDE_1.19.0/STM32CubeIDE/plugins/com.st.stm32cube.ide.mcu.externaltools.gnu-tools-for-stm32.13.3.rel1.win32_1.0.0.202411081344/tools/bin/../lib/gcc/arm-none-eabi/13.3.1/../../../../arm-none-eabi/lib/thumb/v7e-m+fp/hard\libc_nano.a(libc_a-gdtoa-gethex.o)
                0x08006a94                __hexdig_fun
 *fill*         0x08006abe        0x2 
 .text.__gethex
                0x08006ac0      0x420 C:/ST/STM32CubeIDE_1.19.0/STM32CubeIDE/plugins/com.st.stm32cube.ide.mcu.externaltools.gnu-tools-for-stm32.13.3.rel1.win32_1.0.0.202411081344/tools/bin/../lib/gcc/arm-none-eabi/13.3.1/../../../../arm-none-eabi/lib/thumb/v7e-m+fp/hard\libc_nano.a(libc_a-gdtoa-gethex.o)
                0x08006ac0                __gethex
 .text.L_shift  0x08006ee0       0x24 C:/ST/STM32CubeIDE_1.19.0/STM32CubeIDE/plugins/com.st.stm32cube.ide.mcu.externaltools.gnu-tools-for-stm32.13.3.rel1.win32_1.0.0.202411081344/tools/bin/../lib/gcc/arm-none-eabi/13.3.1/../../../../arm-none-eabi/lib/thumb/v7e-m+fp/hard\libc_nano.a(libc_a-gdtoa-hexnan.o)
 .text.__match  0x08006f04       0x28 C:/ST/STM32CubeIDE_1.19.0/STM32CubeIDE/plugins/com.st.stm32cube.ide.mcu.externaltools.gnu-tools-for-stm32.13.3.rel1.win32_1.0.0.202411081344/tools/bin/../lib/gcc/arm-none-eabi/13.3.1/../../../../arm-none-eabi/lib/thumb/v7e-m+fp/hard\libc_nano.a(libc_a-gdtoa-hexnan.o)
                0x08006f04                __match
 .text.__hexnan
                0x08006f2c      0x136 C:/ST/STM32CubeIDE_1.19.0/STM32CubeIDE/plugins/com.st.stm32cube.ide.mcu.externaltools.gnu-tools-for-stm32.13.3.rel1.win32_1.0.0.202411081344/tools/bin/../lib/gcc/arm-none-eabi/13.3.1/../../../../arm-none-eabi/lib/thumb/v7e-m+fp/hard\libc_nano.a(libc_a-gdtoa-hexnan.o)
                0x08006f2c                __hexnan
 *fill*         0x08007062        0x2 
 .text.sbrk_aligned
                0x08007064       0x44 C:/ST/STM32CubeIDE_1.19.0/STM32CubeIDE/plugins/com.st.stm32cube.ide.mcu.externaltools.gnu-tools-for-stm32.13.3.rel1.win32_1.0.0.202411081344/tools/bin/../lib/gcc/arm-none-eabi/13.3.1/../../../../arm-none-eabi/lib/thumb/v7e-m+fp/hard\libc_nano.a(libc_a-mallocr.o)
 .text._malloc_r
                0x080070a8      0x100 C:/ST/STM32CubeIDE_1.19.0/STM32CubeIDE/plugins/com.st.stm32cube.ide.mcu.externaltools.gnu-tools-for-stm32.13.3.rel1.win32_1.0.0.202411081344/tools/bin/../lib/gcc/arm-none-eabi/13.3.1/../../../../arm-none-eabi/lib/thumb/v7e-m+fp/hard\libc_nano.a(libc_a-mallocr.o)
                0x080070a8                _malloc_r
 .text.__ascii_mbtowc
                0x080071a8       0x24 C:/ST/STM32CubeIDE_1.19.0/STM32CubeIDE/plugins/com.st.stm32cube.ide.mcu.externaltools.gnu-tools-for-stm32.13.3.rel1.win32_1.0.0.202411081344/tools/bin/../lib/gcc/arm-none-eabi/13.3.1/../../../../arm-none-eabi/lib/thumb/v7e-m+fp/hard\libc_nano.a(libc_a-mbtowc_r.o)
                0x080071a8                __ascii_mbtowc
 .text.__malloc_lock
                0x080071cc        0xc C:/ST/STM32CubeIDE_1.19.0/STM32CubeIDE/plugins/com.st.stm32cube.ide.mcu.externaltools.gnu-tools-for-stm32.13.3.rel1.win32_1.0.0.202411081344/tools/bin/../lib/gcc/arm-none-eabi/13.3.1/../../../../arm-none-eabi/lib/thumb/v7e-m+fp/hard\libc_nano.a(libc_a-mlock.o)
                0x080071cc                __malloc_lock
 .text.__malloc_unlock
                0x080071d8        0xc C:/ST/STM32CubeIDE_1.19.0/STM32CubeIDE/plugins/com.st.stm32cube.ide.mcu.externaltools.gnu-tools-for-stm32.13.3.rel1.win32_1.0.0.202411081344/tools/bin/../lib/gcc/arm-none-eabi/13.3.1/../../../../arm-none-eabi/lib/thumb/v7e-m+fp/hard\libc_nano.a(libc_a-mlock.o)
                0x080071d8                __malloc_unlock
 .text._Balloc  0x080071e4       0x80 C:/ST/STM32CubeIDE_1.19.0/STM32CubeIDE/plugins/com.st.stm32cube.ide.mcu.externaltools.gnu-tools-for-stm32.13.3.rel1.win32_1.0.0.202411081344/tools/bin/../lib/gcc/arm-none-eabi/13.3.1/../../../../arm-none-eabi/lib/thumb/v7e-m+fp/hard\libc_nano.a(libc_a-mprec.o)
                0x080071e4                _Balloc
 .text._Bfree   0x08007264       0x44 C:/ST/STM32CubeIDE_1.19.0/STM32CubeIDE/plugins/com.st.stm32cube.ide.mcu.externaltools.gnu-tools-for-stm32.13.3.rel1.win32_1.0.0.202411081344/tools/bin/../lib/gcc/arm-none-eabi/13.3.1/../../../../arm-none-eabi/lib/thumb/v7e-m+fp/hard\libc_nano.a(libc_a-mprec.o)
                0x08007264                _Bfree
 .text.__multadd
                0x080072a8       0x8c C:/ST/STM32CubeIDE_1.19.0/STM32CubeIDE/plugins/com.st.stm32cube.ide.mcu.externaltools.gnu-tools-for-stm32.13.3.rel1.win32_1.0.0.202411081344/tools/bin/../lib/gcc/arm-none-eabi/13.3.1/../../../../arm-none-eabi/lib/thumb/v7e-m+fp/hard\libc_nano.a(libc_a-mprec.o)
                0x080072a8                __multadd
 .text.__s2b    0x08007334       0x94 C:/ST/STM32CubeIDE_1.19.0/STM32CubeIDE/plugins/com.st.stm32cube.ide.mcu.externaltools.gnu-tools-for-stm32.13.3.rel1.win32_1.0.0.202411081344/tools/bin/../lib/gcc/arm-none-eabi/13.3.1/../../../../arm-none-eabi/lib/thumb/v7e-m+fp/hard\libc_nano.a(libc_a-mprec.o)
                0x08007334                __s2b
 .text.__hi0bits
                0x080073c8       0x3e C:/ST/STM32CubeIDE_1.19.0/STM32CubeIDE/plugins/com.st.stm32cube.ide.mcu.externaltools.gnu-tools-for-stm32.13.3.rel1.win32_1.0.0.202411081344/tools/bin/../lib/gcc/arm-none-eabi/13.3.1/../../../../arm-none-eabi/lib/thumb/v7e-m+fp/hard\libc_nano.a(libc_a-mprec.o)
                0x080073c8                __hi0bits
 .text.__lo0bits
                0x08007406       0x5a C:/ST/STM32CubeIDE_1.19.0/STM32CubeIDE/plugins/com.st.stm32cube.ide.mcu.externaltools.gnu-tools-for-stm32.13.3.rel1.win32_1.0.0.202411081344/tools/bin/../lib/gcc/arm-none-eabi/13.3.1/../../../../arm-none-eabi/lib/thumb/v7e-m+fp/hard\libc_nano.a(libc_a-mprec.o)
                0x08007406                __lo0bits
 .text.__i2b    0x08007460       0x2c C:/ST/STM32CubeIDE_1.19.0/STM32CubeIDE/plugins/com.st.stm32cube.ide.mcu.externaltools.gnu-tools-for-stm32.13.3.rel1.win32_1.0.0.202411081344/tools/bin/../lib/gcc/arm-none-eabi/13.3.1/../../../../arm-none-eabi/lib/thumb/v7e-m+fp/hard\libc_nano.a(libc_a-mprec.o)
                0x08007460                __i2b
 .text.__multiply
                0x0800748c      0x144 C:/ST/STM32CubeIDE_1.19.0/STM32CubeIDE/plugins/com.st.stm32cube.ide.mcu.externaltools.gnu-tools-for-stm32.13.3.rel1.win32_1.0.0.202411081344/tools/bin/../lib/gcc/arm-none-eabi/13.3.1/../../../../arm-none-eabi/lib/thumb/v7e-m+fp/hard\libc_nano.a(libc_a-mprec.o)
                0x0800748c                __multiply
 .text.__pow5mult
                0x080075d0       0xb4 C:/ST/STM32CubeIDE_1.19.0/STM32CubeIDE/plugins/com.st.stm32cube.ide.mcu.externaltools.gnu-tools-for-stm32.13.3.rel1.win32_1.0.0.202411081344/tools/bin/../lib/gcc/arm-none-eabi/13.3.1/../../../../arm-none-eabi/lib/thumb/v7e-m+fp/hard\libc_nano.a(libc_a-mprec.o)
                0x080075d0                __pow5mult
 .text.__lshift
                0x08007684       0xd8 C:/ST/STM32CubeIDE_1.19.0/STM32CubeIDE/plugins/com.st.stm32cube.ide.mcu.externaltools.gnu-tools-for-stm32.13.3.rel1.win32_1.0.0.202411081344/tools/bin/../lib/gcc/arm-none-eabi/13.3.1/../../../../arm-none-eabi/lib/thumb/v7e-m+fp/hard\libc_nano.a(libc_a-mprec.o)
                0x08007684                __lshift
 .text.__mcmp   0x0800775c       0x36 C:/ST/STM32CubeIDE_1.19.0/STM32CubeIDE/plugins/com.st.stm32cube.ide.mcu.externaltools.gnu-tools-for-stm32.13.3.rel1.win32_1.0.0.202411081344/tools/bin/../lib/gcc/arm-none-eabi/13.3.1/../../../../arm-none-eabi/lib/thumb/v7e-m+fp/hard\libc_nano.a(libc_a-mprec.o)
                0x0800775c                __mcmp
 *fill*         0x08007792        0x2 
 .text.__mdiff  0x08007794      0x128 C:/ST/STM32CubeIDE_1.19.0/STM32CubeIDE/plugins/com.st.stm32cube.ide.mcu.externaltools.gnu-tools-for-stm32.13.3.rel1.win32_1.0.0.202411081344/tools/bin/../lib/gcc/arm-none-eabi/13.3.1/../../../../arm-none-eabi/lib/thumb/v7e-m+fp/hard\libc_nano.a(libc_a-mprec.o)
                0x08007794                __mdiff
 .text.__ulp    0x080078bc       0x4c C:/ST/STM32CubeIDE_1.19.0/STM32CubeIDE/plugins/com.st.stm32cube.ide.mcu.externaltools.gnu-tools-for-stm32.13.3.rel1.win32_1.0.0.202411081344/tools/bin/../lib/gcc/arm-none-eabi/13.3.1/../../../../arm-none-eabi/lib/thumb/v7e-m+fp/hard\libc_nano.a(libc_a-mprec.o)
                0x080078bc                __ulp
 .text.__b2d    0x08007908       0x94 C:/ST/STM32CubeIDE_1.19.0/STM32CubeIDE/plugins/com.st.stm32cube.ide.mcu.externaltools.gnu-tools-for-stm32.13.3.rel1.win32_1.0.0.202411081344/tools/bin/../lib/gcc/arm-none-eabi/13.3.1/../../../../arm-none-eabi/lib/thumb/v7e-m+fp/hard\libc_nano.a(libc_a-mprec.o)
                0x08007908                __b2d
 .text.__d2b    0x0800799c       0xb0 C:/ST/STM32CubeIDE_1.19.0/STM32CubeIDE/plugins/com.st.stm32cube.ide.mcu.externaltools.gnu-tools-for-stm32.13.3.rel1.win32_1.0.0.202411081344/tools/bin/../lib/gcc/arm-none-eabi/13.3.1/../../../../arm-none-eabi/lib/thumb/v7e-m+fp/hard\libc_nano.a(libc_a-mprec.o)
                0x0800799c                __d2b
 .text.__ratio  0x08007a4c       0x64 C:/ST/STM32CubeIDE_1.19.0/STM32CubeIDE/plugins/com.st.stm32cube.ide.mcu.externaltools.gnu-tools-for-stm32.13.3.rel1.win32_1.0.0.202411081344/tools/bin/../lib/gcc/arm-none-eabi/13.3.1/../../../../arm-none-eabi/lib/thumb/v7e-m+fp/hard\libc_nano.a(libc_a-mprec.o)
                0x08007a4c                __ratio
 .text.__copybits
                0x08007ab0       0x46 C:/ST/STM32CubeIDE_1.19.0/STM32CubeIDE/plugins/com.st.stm32cube.ide.mcu.externaltools.gnu-tools-for-stm32.13.3.rel1.win32_1.0.0.202411081344/tools/bin/../lib/gcc/arm-none-eabi/13.3.1/../../../../arm-none-eabi/lib/thumb/v7e-m+fp/hard\libc_nano.a(libc_a-mprec.o)
                0x08007ab0                __copybits
 .text.__any_on
                0x08007af6       0x42 C:/ST/STM32CubeIDE_1.19.0/STM32CubeIDE/plugins/com.st.stm32cube.ide.mcu.externaltools.gnu-tools-for-stm32.13.3.rel1.win32_1.0.0.202411081344/tools/bin/../lib/gcc/arm-none-eabi/13.3.1/../../../../arm-none-eabi/lib/thumb/v7e-m+fp/hard\libc_nano.a(libc_a-mprec.o)
                0x08007af6                __any_on
 .text.__ascii_wctomb
                0x08007b38       0x1a C:/ST/STM32CubeIDE_1.19.0/STM32CubeIDE/plugins/com.st.stm32cube.ide.mcu.externaltools.gnu-tools-for-stm32.13.3.rel1.win32_1.0.0.202411081344/tools/bin/../lib/gcc/arm-none-eabi/13.3.1/../../../../arm-none-eabi/lib/thumb/v7e-m+fp/hard\libc_nano.a(libc_a-wctomb_r.o)
                0x08007b38                __ascii_wctomb
 .text.__ssputs_r
                0x08007b52       0xb6 C:/ST/STM32CubeIDE_1.19.0/STM32CubeIDE/plugins/com.st.stm32cube.ide.mcu.externaltools.gnu-tools-for-stm32.13.3.rel1.win32_1.0.0.202411081344/tools/bin/../lib/gcc/arm-none-eabi/13.3.1/../../../../arm-none-eabi/lib/thumb/v7e-m+fp/hard\libc_nano.a(libc_a-nano-svfprintf.o)
                0x08007b52                __ssputs_r
 .text._svfprintf_r
                0x08007c08      0x1f8 C:/ST/STM32CubeIDE_1.19.0/STM32CubeIDE/plugins/com.st.stm32cube.ide.mcu.externaltools.gnu-tools-for-stm32.13.3.rel1.win32_1.0.0.202411081344/tools/bin/../lib/gcc/arm-none-eabi/13.3.1/../../../../arm-none-eabi/lib/thumb/v7e-m+fp/hard\libc_nano.a(libc_a-nano-svfprintf.o)
                0x08007c08                _svfiprintf_r
                0x08007c08                _svfprintf_r
 .text._printf_common
                0x08007e00       0xda C:/ST/STM32CubeIDE_1.19.0/STM32CubeIDE/plugins/com.st.stm32cube.ide.mcu.externaltools.gnu-tools-for-stm32.13.3.rel1.win32_1.0.0.202411081344/tools/bin/../lib/gcc/arm-none-eabi/13.3.1/../../../../arm-none-eabi/lib/thumb/v7e-m+fp/hard\libc_nano.a(libc_a-nano-vfprintf_i.o)
                0x08007e00                _printf_common
 *fill*         0x08007eda        0x2 
 .text._printf_i
                0x08007edc      0x23c C:/ST/STM32CubeIDE_1.19.0/STM32CubeIDE/plugins/com.st.stm32cube.ide.mcu.externaltools.gnu-tools-for-stm32.13.3.rel1.win32_1.0.0.202411081344/tools/bin/../lib/gcc/arm-none-eabi/13.3.1/../../../../arm-none-eabi/lib/thumb/v7e-m+fp/hard\libc_nano.a(libc_a-nano-vfprintf_i.o)
                0x08007edc                _printf_i
 .text.__sflush_r
                0x08008118      0x108 C:/ST/STM32CubeIDE_1.19.0/STM32CubeIDE/plugins/com.st.stm32cube.ide.mcu.externaltools.gnu-tools-for-stm32.13.3.rel1.win32_1.0.0.202411081344/tools/bin/../lib/gcc/arm-none-eabi/13.3.1/../../../../arm-none-eabi/lib/thumb/v7e-m+fp/hard\libc_nano.a(libc_a-fflush.o)
                0x08008118                __sflush_r
 .text._fflush_r
                0x08008220       0x50 C:/ST/STM32CubeIDE_1.19.0/STM32CubeIDE/plugins/com.st.stm32cube.ide.mcu.externaltools.gnu-tools-for-stm32.13.3.rel1.win32_1.0.0.202411081344/tools/bin/../lib/gcc/arm-none-eabi/13.3.1/../../../../arm-none-eabi/lib/thumb/v7e-m+fp/hard\libc_nano.a(libc_a-fflush.o)
                0x08008220                _fflush_r
 .text._sbrk_r  0x08008270       0x20 C:/ST/STM32CubeIDE_1.19.0/STM32CubeIDE/plugins/com.st.stm32cube.ide.mcu.externaltools.gnu-tools-for-stm32.13.3.rel1.win32_1.0.0.202411081344/tools/bin/../lib/gcc/arm-none-eabi/13.3.1/../../../../arm-none-eabi/lib/thumb/v7e-m+fp/hard\libc_nano.a(libc_a-sbrkr.o)
                0x08008270                _sbrk_r
 .text.__assert_func
                0x08008290       0x3c C:/ST/STM32CubeIDE_1.19.0/STM32CubeIDE/plugins/com.st.stm32cube.ide.mcu.externaltools.gnu-tools-for-stm32.13.3.rel1.win32_1.0.0.202411081344/tools/bin/../lib/gcc/arm-none-eabi/13.3.1/../../../../arm-none-eabi/lib/thumb/v7e-m+fp/hard\libc_nano.a(libc_a-assert.o)
                0x08008290                __assert_func
 .text._calloc_r
                0x080082cc       0x28 C:/ST/STM32CubeIDE_1.19.0/STM32CubeIDE/plugins/com.st.stm32cube.ide.mcu.externaltools.gnu-tools-for-stm32.13.3.rel1.win32_1.0.0.202411081344/tools/bin/../lib/gcc/arm-none-eabi/13.3.1/../../../../arm-none-eabi/lib/thumb/v7e-m+fp/hard\libc_nano.a(libc_a-callocr.o)
                0x080082cc                _calloc_r
 .text.malloc   0x080082f4       0x10 C:/ST/STM32CubeIDE_1.19.0/STM32CubeIDE/plugins/com.st.stm32cube.ide.mcu.externaltools.gnu-tools-for-stm32.13.3.rel1.win32_1.0.0.202411081344/tools/bin/../lib/gcc/arm-none-eabi/13.3.1/../../../../arm-none-eabi/lib/thumb/v7e-m+fp/hard\libc_nano.a(libc_a-malloc.o)
                0x080082f4                malloc
 .text._realloc_r
                0x08008304       0x5c C:/ST/STM32CubeIDE_1.19.0/STM32CubeIDE/plugins/com.st.stm32cube.ide.mcu.externaltools.gnu-tools-for-stm32.13.3.rel1.win32_1.0.0.202411081344/tools/bin/../lib/gcc/arm-none-eabi/13.3.1/../../../../arm-none-eabi/lib/thumb/v7e-m+fp/hard\libc_nano.a(libc_a-reallocr.o)
                0x08008304                _realloc_r
 .text.fprintf  0x08008360       0x24 C:/ST/STM32CubeIDE_1.19.0/STM32CubeIDE/plugins/com.st.stm32cube.ide.mcu.externaltools.gnu-tools-for-stm32.13.3.rel1.win32_1.0.0.202411081344/tools/bin/../lib/gcc/arm-none-eabi/13.3.1/../../../../arm-none-eabi/lib/thumb/v7e-m+fp/hard\libc_nano.a(libc_a-fprintf.o)
                0x08008360                fiprintf
                0x08008360                fprintf
 .text.abort    0x08008384        0xe C:/ST/STM32CubeIDE_1.19.0/STM32CubeIDE/plugins/com.st.stm32cube.ide.mcu.externaltools.gnu-tools-for-stm32.13.3.rel1.win32_1.0.0.202411081344/tools/bin/../lib/gcc/arm-none-eabi/13.3.1/../../../../arm-none-eabi/lib/thumb/v7e-m+fp/hard\libc_nano.a(libc_a-abort.o)
                0x08008384                abort
 .text._malloc_usable_size_r
                0x08008392       0x10 C:/ST/STM32CubeIDE_1.19.0/STM32CubeIDE/plugins/com.st.stm32cube.ide.mcu.externaltools.gnu-tools-for-stm32.13.3.rel1.win32_1.0.0.202411081344/tools/bin/../lib/gcc/arm-none-eabi/13.3.1/../../../../arm-none-eabi/lib/thumb/v7e-m+fp/hard\libc_nano.a(libc_a-msizer.o)
                0x08008392                _malloc_usable_size_r
 .text.__sfputc_r
                0x080083a2       0x2e C:/ST/STM32CubeIDE_1.19.0/STM32CubeIDE/plugins/com.st.stm32cube.ide.mcu.externaltools.gnu-tools-for-stm32.13.3.rel1.win32_1.0.0.202411081344/tools/bin/../lib/gcc/arm-none-eabi/13.3.1/../../../../arm-none-eabi/lib/thumb/v7e-m+fp/hard\libc_nano.a(libc_a-nano-vfprintf.o)
 .text.__sfputs_r
                0x080083d0       0x24 C:/ST/STM32CubeIDE_1.19.0/STM32CubeIDE/plugins/com.st.stm32cube.ide.mcu.externaltools.gnu-tools-for-stm32.13.3.rel1.win32_1.0.0.202411081344/tools/bin/../lib/gcc/arm-none-eabi/13.3.1/../../../../arm-none-eabi/lib/thumb/v7e-m+fp/hard\libc_nano.a(libc_a-nano-vfprintf.o)
                0x080083d0                __sfputs_r
 .text._vfprintf_r
                0x080083f4      0x230 C:/ST/STM32CubeIDE_1.19.0/STM32CubeIDE/plugins/com.st.stm32cube.ide.mcu.externaltools.gnu-tools-for-stm32.13.3.rel1.win32_1.0.0.202411081344/tools/bin/../lib/gcc/arm-none-eabi/13.3.1/../../../../arm-none-eabi/lib/thumb/v7e-m+fp/hard\libc_nano.a(libc_a-nano-vfprintf.o)
                0x080083f4                _vfprintf_r
                0x080083f4                _vfiprintf_r
 .text.__swbuf_r
                0x08008624       0x7c C:/ST/STM32CubeIDE_1.19.0/STM32CubeIDE/plugins/com.st.stm32cube.ide.mcu.externaltools.gnu-tools-for-stm32.13.3.rel1.win32_1.0.0.202411081344/tools/bin/../lib/gcc/arm-none-eabi/13.3.1/../../../../arm-none-eabi/lib/thumb/v7e-m+fp/hard\libc_nano.a(libc_a-wbuf.o)
                0x08008624                __swbuf_r
 .text.__swsetup_r
                0x080086a0       0xac C:/ST/STM32CubeIDE_1.19.0/STM32CubeIDE/plugins/com.st.stm32cube.ide.mcu.externaltools.gnu-tools-for-stm32.13.3.rel1.win32_1.0.0.202411081344/tools/bin/../lib/gcc/arm-none-eabi/13.3.1/../../../../arm-none-eabi/lib/thumb/v7e-m+fp/hard\libc_nano.a(libc_a-wsetup.o)
                0x080086a0                __swsetup_r
 .text._raise_r
                0x0800874c       0x50 C:/ST/STM32CubeIDE_1.19.0/STM32CubeIDE/plugins/com.st.stm32cube.ide.mcu.externaltools.gnu-tools-for-stm32.13.3.rel1.win32_1.0.0.202411081344/tools/bin/../lib/gcc/arm-none-eabi/13.3.1/../../../../arm-none-eabi/lib/thumb/v7e-m+fp/hard\libc_nano.a(libc_a-signal.o)
                0x0800874c                _raise_r
 .text.raise    0x0800879c       0x10 C:/ST/STM32CubeIDE_1.19.0/STM32CubeIDE/plugins/com.st.stm32cube.ide.mcu.externaltools.gnu-tools-for-stm32.13.3.rel1.win32_1.0.0.202411081344/tools/bin/../lib/gcc/arm-none-eabi/13.3.1/../../../../arm-none-eabi/lib/thumb/v7e-m+fp/hard\libc_nano.a(libc_a-signal.o)
                0x0800879c                raise
 .text._kill_r  0x080087ac       0x24 C:/ST/STM32CubeIDE_1.19.0/STM32CubeIDE/plugins/com.st.stm32cube.ide.mcu.externaltools.gnu-tools-for-stm32.13.3.rel1.win32_1.0.0.202411081344/tools/bin/../lib/gcc/arm-none-eabi/13.3.1/../../../../arm-none-eabi/lib/thumb/v7e-m+fp/hard\libc_nano.a(libc_a-signalr.o)
                0x080087ac                _kill_r
 .text._getpid_r
                0x080087d0        0x4 C:/ST/STM32CubeIDE_1.19.0/STM32CubeIDE/plugins/com.st.stm32cube.ide.mcu.externaltools.gnu-tools-for-stm32.13.3.rel1.win32_1.0.0.202411081344/tools/bin/../lib/gcc/arm-none-eabi/13.3.1/../../../../arm-none-eabi/lib/thumb/v7e-m+fp/hard\libc_nano.a(libc_a-signalr.o)
                0x080087d0                _getpid_r
 .text.__swhatbuf_r
                0x080087d4       0x4c C:/ST/STM32CubeIDE_1.19.0/STM32CubeIDE/plugins/com.st.stm32cube.ide.mcu.externaltools.gnu-tools-for-stm32.13.3.rel1.win32_1.0.0.202411081344/tools/bin/../lib/gcc/arm-none-eabi/13.3.1/../../../../arm-none-eabi/lib/thumb/v7e-m+fp/hard\libc_nano.a(libc_a-makebuf.o)
                0x080087d4                __swhatbuf_r
 .text.__smakebuf_r
                0x08008820       0x78 C:/ST/STM32CubeIDE_1.19.0/STM32CubeIDE/plugins/com.st.stm32cube.ide.mcu.externaltools.gnu-tools-for-stm32.13.3.rel1.win32_1.0.0.202411081344/tools/bin/../lib/gcc/arm-none-eabi/13.3.1/../../../../arm-none-eabi/lib/thumb/v7e-m+fp/hard\libc_nano.a(libc_a-makebuf.o)
                0x08008820                __smakebuf_r
 .text._fstat_r
                0x08008898       0x24 C:/ST/STM32CubeIDE_1.19.0/STM32CubeIDE/plugins/com.st.stm32cube.ide.mcu.externaltools.gnu-tools-for-stm32.13.3.rel1.win32_1.0.0.202411081344/tools/bin/../lib/gcc/arm-none-eabi/13.3.1/../../../../arm-none-eabi/lib/thumb/v7e-m+fp/hard\libc_nano.a(libc_a-fstatr.o)
                0x08008898                _fstat_r
 .text._isatty_r
                0x080088bc       0x20 C:/ST/STM32CubeIDE_1.19.0/STM32CubeIDE/plugins/com.st.stm32cube.ide.mcu.externaltools.gnu-tools-for-stm32.13.3.rel1.win32_1.0.0.202411081344/tools/bin/../lib/gcc/arm-none-eabi/13.3.1/../../../../arm-none-eabi/lib/thumb/v7e-m+fp/hard\libc_nano.a(libc_a-isattyr.o)
                0x080088bc                _isatty_r
 *(.glue_7)
 .glue_7        0x080088dc        0x0 linker stubs
 *(.glue_7t)
 .glue_7t       0x080088dc        0x0 linker stubs
 *(.eh_frame)
 .eh_frame      0x080088dc        0x0 C:/ST/STM32CubeIDE_1.19.0/STM32CubeIDE/plugins/com.st.stm32cube.ide.mcu.externaltools.gnu-tools-for-stm32.13.3.rel1.win32_1.0.0.202411081344/tools/bin/../lib/gcc/arm-none-eabi/13.3.1/thumb/v7e-m+fp/hard/crtbegin.o
 *(.init)
 .init          0x080088dc        0x4 C:/ST/STM32CubeIDE_1.19.0/STM32CubeIDE/plugins/com.st.stm32cube.ide.mcu.externaltools.gnu-tools-for-stm32.13.3.rel1.win32_1.0.0.202411081344/tools/bin/../lib/gcc/arm-none-eabi/13.3.1/thumb/v7e-m+fp/hard/crti.o
                0x080088dc                _init
 .init          0x080088e0        0x8 C:/ST/STM32CubeIDE_1.19.0/STM32CubeIDE/plugins/com.st.stm32cube.ide.mcu.externaltools.gnu-tools-for-stm32.13.3.rel1.win32_1.0.0.202411081344/tools/bin/../lib/gcc/arm-none-eabi/13.3.1/thumb/v7e-m+fp/hard/crtn.o
 *(.fini)
 .fini          0x080088e8        0x4 C:/ST/STM32CubeIDE_1.19.0/STM32CubeIDE/plugins/com.st.stm32cube.ide.mcu.externaltools.gnu-tools-for-stm32.13.3.rel1.win32_1.0.0.202411081344/tools/bin/../lib/gcc/arm-none-eabi/13.3.1/thumb/v7e-m+fp/hard/crti.o
                0x080088e8                _fini
 .fini          0x080088ec        0x8 C:/ST/STM32CubeIDE_1.19.0/STM32CubeIDE/plugins/com.st.stm32cube.ide.mcu.externaltools.gnu-tools-for-stm32.13.3.rel1.win32_1.0.0.202411081344/tools/bin/../lib/gcc/arm-none-eabi/13.3.1/thumb/v7e-m+fp/hard/crtn.o
                0x080088f4                        . = ALIGN (0x4)
                0x080088f4                        _etext = .

.vfp11_veneer   0x080088f4        0x0
 .vfp11_veneer  0x080088f4        0x0 linker stubs

.v4_bx          0x080088f4        0x0
 .v4_bx         0x080088f4        0x0 linker stubs

.iplt           0x080088f4        0x0
 .iplt          0x080088f4        0x0 C:/ST/STM32CubeIDE_1.19.0/STM32CubeIDE/plugins/com.st.stm32cube.ide.mcu.externaltools.gnu-tools-for-stm32.13.3.rel1.win32_1.0.0.202411081344/tools/bin/../lib/gcc/arm-none-eabi/13.3.1/thumb/v7e-m+fp/hard/crtbegin.o

.rodata         0x080088f8      0x750
                0x080088f8                        . = ALIGN (0x4)
 *(.rodata)
 *(.rodata*)
 .rodata.apInit.str1.1
                0x080088f8      0x4ab ./src/ap/ap.o
                                  0x5 (size before relaxing)
 .rodata.bootDownload.str1.1
                0x08008da3       0x1a ./src/ap/ap.o
 .rodata.cliBoot.str1.1
                0x08008da3       0x4e ./src/ap/ap.o
 .rodata.AHBPrescTable
                0x08008da3       0x10 ./src/bsp/system_stm32f4xx.o
                0x08008da3                AHBPrescTable
 .rodata.buttonInit.str1.1
                0x08008db3        0x7 ./src/hw/driver/button.o
 .rodata.cliButton.str1.1
                0x08008db3       0x18 ./src/hw/driver/button.o
 .rodata.cliLineChange.constprop.0.str1.1
                0x08008db3        0xc ./src/hw/driver/cli.o
 .rodata.cliShowLog.str1.1
                0x08008db3       0x73 ./src/hw/driver/cli.o
 .rodata.cliShowList.str1.1
                0x08008db3       0x43 ./src/hw/driver/cli.o
 .rodata.cliMemoryDump.str1.1
                0x08008db3       0x3a ./src/hw/driver/cli.o
 .rodata.cliMain.str1.1
                0x08008db3       0x2e ./src/hw/driver/cli.o
 .rodata.cliInit.str1.1
                0x08008db3        0x8 ./src/hw/driver/cli.o
 .rodata.flashInit.str1.1
                0x08008db3        0x6 ./src/hw/driver/flash.o
 .rodata.cliFlash.str1.1
                0x08008db3       0xb0 ./src/hw/driver/flash.o
 *fill*         0x08008db3        0x1 
 .rodata.flash_tbl
                0x08008db4       0x40 ./src/hw/driver/flash.o
 .rodata.ledInit.str1.1
                0x08008df4        0x4 ./src/hw/driver/led.o
 .rodata.cliLed.str1.1
                0x08008df4       0x24 ./src/hw/driver/led.o
 .rodata.ymodemInit.str1.1
                0x08008df4        0x7 ./src/hw/driver/ymodem.o
 .rodata.cliYmodem.part.0.str1.1
                0x08008df4       0x6f ./src/hw/driver/ymodem.o
 .rodata.cliYmodem.str1.1