Archive member included to satisfy reference by file (symbol)

C:/ST/STM32CubeIDE_1.19.0/STM32CubeIDE/plugins/com.st.stm32cube.ide.mcu.externaltools.gnu-tools-for-stm32.13.3.rel1.win32_1.0.0.202411081344/tools/bin/../lib/gcc/arm-none-eabi/13.3.1/../../../../arm-none-eabi/lib/thumb/v7e-m+fp/hard\libc_nano.a(libc_a-exit.o)
                              C:/ST/STM32CubeIDE_1.19.0/STM32CubeIDE/plugins/com.st.stm32cube.ide.mcu.externaltools.gnu-tools-for-stm32.13.3.rel1.win32_1.0.0.202411081344/tools/bin/../lib/gcc/arm-none-eabi/13.3.1/../../../../arm-none-eabi/lib/thumb/v7e-m+fp/hard/crt0.o (exit)
C:/ST/STM32CubeIDE_1.19.0/STM32CubeIDE/plugins/com.st.stm32cube.ide.mcu.externaltools.gnu-tools-for-stm32.13.3.rel1.win32_1.0.0.202411081344/tools/bin/../lib/gcc/arm-none-eabi/13.3.1/../../../../arm-none-eabi/lib/thumb/v7e-m+fp/hard\libc_nano.a(libc_a-strtod.o)
                              ./src/hw/driver/cli.o (strtof)
C:/ST/STM32CubeIDE_1.19.0/STM32CubeIDE/plugins/com.st.stm32cube.ide.mcu.externaltools.gnu-tools-for-stm32.13.3.rel1.win32_1.0.0.202411081344/tools/bin/../lib/gcc/arm-none-eabi/13.3.1/../../../../arm-none-eabi/lib/thumb/v7e-m+fp/hard\libc_nano.a(libc_a-strtoul.o)
                              ./src/hw/driver/cli.o (strtoul)
C:/ST/STM32CubeIDE_1.19.0/STM32CubeIDE/plugins/com.st.stm32cube.ide.mcu.externaltools.gnu-tools-for-stm32.13.3.rel1.win32_1.0.0.202411081344/tools/bin/../lib/gcc/arm-none-eabi/13.3.1/../../../../arm-none-eabi/lib/thumb/v7e-m+fp/hard\libc_nano.a(libc_a-ctype_.o)
                              C:/ST/STM32CubeIDE_1.19.0/STM32CubeIDE/plugins/com.st.stm32cube.ide.mcu.externaltools.gnu-tools-for-stm32.13.3.rel1.win32_1.0.0.202411081344/tools/bin/../lib/gcc/arm-none-eabi/13.3.1/../../../../arm-none-eabi/lib/thumb/v7e-m+fp/hard\libc_nano.a(libc_a-strtoul.o) (_ctype_)
C:/ST/STM32CubeIDE_1.19.0/STM32CubeIDE/plugins/com.st.stm32cube.ide.mcu.externaltools.gnu-tools-for-stm32.13.3.rel1.win32_1.0.0.202411081344/tools/bin/../lib/gcc/arm-none-eabi/13.3.1/../../../../arm-none-eabi/lib/thumb/v7e-m+fp/hard\libc_nano.a(libc_a-findfp.o)
                              C:/ST/STM32CubeIDE_1.19.0/STM32CubeIDE/plugins/com.st.stm32cube.ide.mcu.externaltools.gnu-tools-for-stm32.13.3.rel1.win32_1.0.0.202411081344/tools/bin/../lib/gcc/arm-none-eabi/13.3.1/../../../../arm-none-eabi/lib/thumb/v7e-m+fp/hard\libc_nano.a(libc_a-exit.o) (__stdio_exit_handler)
C:/ST/STM32CubeIDE_1.19.0/STM32CubeIDE/plugins/com.st.stm32cube.ide.mcu.externaltools.gnu-tools-for-stm32.13.3.rel1.win32_1.0.0.202411081344/tools/bin/../lib/gcc/arm-none-eabi/13.3.1/../../../../arm-none-eabi/lib/thumb/v7e-m+fp/hard\libc_nano.a(libc_a-fwalk.o)
                              C:/ST/STM32CubeIDE_1.19.0/STM32CubeIDE/plugins/com.st.stm32cube.ide.mcu.externaltools.gnu-tools-for-stm32.13.3.rel1.win32_1.0.0.202411081344/tools/bin/../lib/gcc/arm-none-eabi/13.3.1/../../../../arm-none-eabi/lib/thumb/v7e-m+fp/hard\libc_nano.a(libc_a-findfp.o) (_fwalk_sglue)
C:/ST/STM32CubeIDE_1.19.0/STM32CubeIDE/plugins/com.st.stm32cube.ide.mcu.externaltools.gnu-tools-for-stm32.13.3.rel1.win32_1.0.0.202411081344/tools/bin/../lib/gcc/arm-none-eabi/13.3.1/../../../../arm-none-eabi/lib/thumb/v7e-m+fp/hard\libc_nano.a(libc_a-stdio.o)
                              C:/ST/STM32CubeIDE_1.19.0/STM32CubeIDE/plugins/com.st.stm32cube.ide.mcu.externaltools.gnu-tools-for-stm32.13.3.rel1.win32_1.0.0.202411081344/tools/bin/../lib/gcc/arm-none-eabi/13.3.1/../../../../arm-none-eabi/lib/thumb/v7e-m+fp/hard\libc_nano.a(libc_a-findfp.o) (__sread)
C:/ST/STM32CubeIDE_1.19.0/STM32CubeIDE/plugins/com.st.stm32cube.ide.mcu.externaltools.gnu-tools-for-stm32.13.3.rel1.win32_1.0.0.202411081344/tools/bin/../lib/gcc/arm-none-eabi/13.3.1/../../../../arm-none-eabi/lib/thumb/v7e-m+fp/hard\libc_nano.a(libc_a-vsnprintf.o)
                              ./src/hw/driver/cli.o (vsnprintf)
C:/ST/STM32CubeIDE_1.19.0/STM32CubeIDE/plugins/com.st.stm32cube.ide.mcu.externaltools.gnu-tools-for-stm32.13.3.rel1.win32_1.0.0.202411081344/tools/bin/../lib/gcc/arm-none-eabi/13.3.1/../../../../arm-none-eabi/lib/thumb/v7e-m+fp/hard\libc_nano.a(libc_a-memmove.o)
                              ./src/hw/driver/cli.o (memmove)
C:/ST/STM32CubeIDE_1.19.0/STM32CubeIDE/plugins/com.st.stm32cube.ide.mcu.externaltools.gnu-tools-for-stm32.13.3.rel1.win32_1.0.0.202411081344/tools/bin/../lib/gcc/arm-none-eabi/13.3.1/../../../../arm-none-eabi/lib/thumb/v7e-m+fp/hard\libc_nano.a(libc_a-memset.o)
                              C:/ST/STM32CubeIDE_1.19.0/STM32CubeIDE/plugins/com.st.stm32cube.ide.mcu.externaltools.gnu-tools-for-stm32.13.3.rel1.win32_1.0.0.202411081344/tools/bin/../lib/gcc/arm-none-eabi/13.3.1/../../../../arm-none-eabi/lib/thumb/v7e-m+fp/hard/crt0.o (memset)
C:/ST/STM32CubeIDE_1.19.0/STM32CubeIDE/plugins/com.st.stm32cube.ide.mcu.externaltools.gnu-tools-for-stm32.13.3.rel1.win32_1.0.0.202411081344/tools/bin/../lib/gcc/arm-none-eabi/13.3.1/../../../../arm-none-eabi/lib/thumb/v7e-m+fp/hard\libc_nano.a(libc_a-strncmp.o)
[...]
Memory Configuration

Name             Origin             Length             Attributes
RAM              0x20000000         0x00020000         xrw
FLASH            0x08000000         0x00080000         xr
*default*        0x00000000         0xffffffff

Linker script and memory map

LOAD C:/ST/STM32CubeIDE_1.19.0/STM32CubeIDE/plugins/com.st.stm32cube.ide.mcu.externaltools.gnu-tools-for-stm32.13.3.rel1.win32_1.0.0.202411081344/tools/bin/../lib/gcc/arm-none-eabi/13.3.1/thumb/v7e-m+fp/hard/crti.o
LOAD C:/ST/STM32CubeIDE_1.19.0/STM32CubeIDE/plugins/com.st.stm32cube.ide.mcu.externaltools.gnu-tools-for-stm32.13.3.rel1.win32_1.0.0.202411081344/tools/bin/../lib/gcc/arm-none-eabi/13.3.1/thumb/v7e-m+fp/hard/crtbegin.o
LOAD C:/ST/STM32CubeIDE_1.19.0/STM32CubeIDE/plugins/com.st.stm32cube.ide.mcu.externaltools.gnu-tools-for-stm32.13.3.rel1.win32_1.0.0.202411081344/tools/bin/../lib/gcc/arm-none-eabi/13.3.1/../../../../arm-none-eabi/lib/thumb/v7e-m+fp/hard/crt0.o
LOAD ./.metadata/.plugins/org.eclipse.cdt.make.core/specs.o
LOAD ./.metadata/.plugins/org.eclipse.cdt.managedbuilder.core/spec.o
LOAD ./src/ap/ap.o
LOAD ./src/bsp/bsp.o
LOAD ./src/bsp/stm32f4xx_hal_msp.o
LOAD ./src/bsp/stm32f4xx_it.o
LOAD ./src/bsp/syscalls.o
LOAD ./src/bsp/sysmem.o
LOAD ./src/bsp/system_stm32f4xx.o
LOAD ./src/bsp/startup/startup_stm32f411ceux.o
LOAD ./src/common/core/qbuffer.o
LOAD ./src/hw/driver/button.o
LOAD ./src/hw/driver/cdc.o
LOAD ./src/hw/driver/cli.o
LOAD ./src/hw/driver/fatfs.o
LOAD ./src/hw/driver/flash.o
LOAD ./src/hw/driver/gpio.o
LOAD ./src/hw/driver/lcd.o
LOAD ./src/hw/driver/led.o
LOAD ./src/hw/driver/reset.o
LOAD ./src/hw/driver/rtc.o
LOAD ./src/hw/driver/sd.o
LOAD ./src/hw/driver/spi.o
LOAD ./src/hw/driver/uart.o
LOAD ./src/hw/driver/usb.o
LOAD ./src/hw/driver/ymodem.o
LOAD ./src/hw/driver/usb/core/usbd_core.o
LOAD ./src/hw/driver/usb/core/usbd_ctlreq.o
LOAD ./src/hw/driver/usb/core/usbd_ioreq.o
LOAD ./src/hw/driver/usb/usb_cdc/usbd_cdc.o
LOAD ./src/hw/driver/usb/usb_cdc/usbd_cdc_if.o
LOAD ./src/hw/driver/usb/usb_cdc/usbd_desc.o
LOAD ./src/hw/driver/usb/usbd_conf.o
LOAD ./src/hw/hw.o
LOAD ./src/lib/cube_f411/Drivers/STM32F4xx_HAL_Driver/Src/stm32f4xx_hal.o
LOAD ./src/lib/cube_f411/Drivers/STM32F4xx_HAL_Driver/Src/stm32f4xx_hal_cortex.o
LOAD ./src/lib/cube_f411/Drivers/STM32F4xx_HAL_Driver/Src/stm32f4xx_hal_dma.o
LOAD ./src/lib/cube_f411/Drivers/STM32F4xx_HAL_Driver/Src/stm32f4xx_hal_dma_ex.o
LOAD ./src/lib/cube_f411/Drivers/STM32F4xx_HAL_Driver/Src/stm32f4xx_hal_exti.o
LOAD ./src/lib/cube_f411/Drivers/STM32F4xx_HAL_Driver/Src/stm32f4xx_hal_flash.o
LOAD ./src/lib/cube_f411/Drivers/STM32F4xx_HAL_Driver/Src/stm32f4xx_hal_flash_ex.o
LOAD ./src/lib/cube_f411/Drivers/STM32F4xx_HAL_Driver/Src/stm32f4xx_hal_flash_ramfunc.o
LOAD ./src/lib/cube_f411/Drivers/STM32F4xx_HAL_Driver/Src/stm32f4xx_hal_gpio.o
LOAD ./src/lib/cube_f411/Drivers/STM32F4xx_HAL_Driver/Src/stm32f4xx_hal_mmc.o
LOAD ./src/lib/cube_f411/Drivers/STM32F4xx_HAL_Driver/Src/stm32f4xx_hal_pcd.o
LOAD ./src/lib/cube_f411/Drivers/STM32F4xx_HAL_Driver/Src/stm32f4xx_hal_pcd_ex.o
LOAD ./src/lib/cube_f411/Drivers/STM32F4xx_HAL_Driver/Src/stm32f4xx_hal_pwr.o
LOAD ./src/lib/cube_f411/Drivers/STM32F4xx_HAL_Driver/Src/stm32f4xx_hal_pwr_ex.o
LOAD ./src/lib/cube_f411/Drivers/STM32F4xx_HAL_Driver/Src/stm32f4xx_hal_rcc.o
LOAD ./src/lib/cube_f411/Drivers/STM32F4xx_HAL_Driver/Src/stm32f4xx_hal_rcc_ex.o
LOAD ./src/lib/cube_f411/Drivers/STM32F4xx_HAL_Driver/Src/stm32f4xx_hal_sd.o
LOAD ./src/lib/cube_f411/Drivers/STM32F4xx_HAL_Driver/Src/stm32f4xx_hal_spi.o
LOAD ./src/lib/cube_f411/Drivers/STM32F4xx_HAL_Driver/Src/stm32f4xx_ll_sdmmc.o
LOAD ./src/lib/cube_f411/Drivers/STM32F4xx_HAL_Driver/Src/stm32f4xx_ll_usb.o
LOAD ./src/main.o
START GROUP
LOAD C:/ST/STM32CubeIDE_1.19.0/STM32CubeIDE/plugins/com.st.stm32cube.ide.mcu.externaltools.gnu-tools-for-stm32.13.3.rel1.win32_1.0.0.202411081344/tools/bin/../lib/gcc/arm-none-eabi/13.3.1/../../../../arm-none-eabi/lib/thumb/v7e-m+fp/hard\libc_nano.a
LOAD C:/ST/STM32CubeIDE_1.19.0/STM32CubeIDE/plugins/com.st.stm32cube.ide.mcu.externaltools.gnu-tools-for-stm32.13.3.rel1.win32_1.0.0.202411081344/tools/bin/../lib/gcc/arm-none-eabi/13.3.1/../../../../arm-none-eabi/lib/thumb/v7e-m+fp/hard\libm.a
END GROUP
START GROUP
LOAD C:/ST/STM32CubeIDE_1.19.0/STM32CubeIDE/plugins/com.st.stm32cube.ide.mcu.externaltools.gnu-tools-for-stm32.13.3.rel1.win32_1.0.0.202411081344/tools/bin/../lib/gcc/arm-none-eabi/13.3.1/thumb/v7e-m+fp/hard\libgcc.a
LOAD C:/ST/STM32CubeIDE_1.19.0/STM32CubeIDE/plugins/com.st.stm32cube.ide.mcu.externaltools.gnu-tools-for-stm32.13.3.rel1.win32_1.0.0.202411081344/tools/bin/../lib/gcc/arm-none-eabi/13.3.1/../../../../arm-none-eabi/lib/thumb/v7e-m+fp/hard\libc_nano.a
END GROUP
START GROUP
LOAD C:/ST/STM32CubeIDE_1.19.0/STM32CubeIDE/plugins/com.st.stm32cube.ide.mcu.externaltools.gnu-tools-for-stm32.13.3.rel1.win32_1.0.0.202411081344/tools/bin/../lib/gcc/arm-none-eabi/13.3.1/thumb/v7e-m+fp/hard\libgcc.a
LOAD C:/ST/STM32CubeIDE_1.19.0/STM32CubeIDE/plugins/com.st.stm32cube.ide.mcu.externaltools.gnu-tools-for-stm32.13.3.rel1.win32_1.0.0.202411081344/tools/bin/../lib/gcc/arm-none-eabi/13.3.1/../../../../arm-none-eabi/lib/thumb/v7e-m+fp/hard\libc_nano.a
LOAD C:/ST/STM32CubeIDE_1.19.0/STM32CubeIDE/plugins/com.st.stm32cube.ide.mcu.externaltools.gnu-tools-for-stm32.13.3.rel1.win32_1.0.0.202411081344/tools/bin/../lib/gcc/arm-none-eabi/13.3.1/../../../../arm-none-eabi/lib/thumb/v7e-m+fp/hard\libnosys.a
END GROUP
START GROUP
LOAD C:/ST/STM32CubeIDE_1.19.0/STM32CubeIDE/plugins/com.st.stm32cube.ide.mcu.externaltools.gnu-tools-for-stm32.13.3.rel1.win32_1.0.0.202411081344/tools/bin/../lib/gcc/arm-none-eabi/13.3.1/thumb/v7e-m+fp/hard\libgcc.a
LOAD C:/ST/STM32CubeIDE_1.19.0/STM32CubeIDE/plugins/com.st.stm32cube.ide.mcu.externaltools.gnu-tools-for-stm32.13.3.rel1.win32_1.0.0.202411081344/tools/bin/../lib/gcc/arm-none-eabi/13.3.1/../../../../arm-none-eabi/lib/thumb/v7e-m+fp/hard\libc_nano.a
LOAD C:/ST/STM32CubeIDE_1.19.0/STM32CubeIDE/plugins/com.st.stm32cube.ide.mcu.externaltools.gnu-tools-for-stm32.13.3.rel1.win32_1.0.0.202411081344/tools/bin/../lib/gcc/arm-none-eabi/13.3.1/../../../../arm-none-eabi/lib/thumb/v7e-m+fp/hard\libnosys.a
END GROUP
LOAD C:/ST/STM32CubeIDE_1.19.0/STM32CubeIDE/plugins/com.st.stm32cube.ide.mcu.externaltools.gnu-tools-for-stm32.13.3.rel1.win32_1.0.0.202411081344/tools/bin/../lib/gcc/arm-none-eabi/13.3.1/thumb/v7e-m+fp/hard/crtend.o
LOAD C:/ST/STM32CubeIDE_1.19.0/STM32CubeIDE/plugins/com.st.stm32cube.ide.mcu.externaltools.gnu-tools-for-stm32.13.3.rel1.win32_1.0.0.202411081344/tools/bin/../lib/gcc/arm-none-eabi/13.3.1/thumb/v7e-m+fp/hard/crtn.o
                0x20020000                        _estack = (ORIGIN (RAM) + LENGTH (RAM))
                0x00000200                        _Min_Heap_Size = 0x200
                0x00000400                        _Min_Stack_Size = 0x400

.isr_vector     0x08000000      0x198
                0x08000000                        . = ALIGN (0x4)
 *(.isr_vector)
 .isr_vector    0x08000000      0x198 ./src/bsp/startup/startup_stm32f411ceux.o
                0x08000000                g_pfnVectors
                0x08000198                        . = ALIGN (0x4)

.text           0x080001a0     0x85bc
                0x080001a0                        . = ALIGN (0x4)
 *(.text)
 .text          0x080001a0       0x40 C:/ST/STM32CubeIDE_1.19.0/STM32CubeIDE/plugins/com.st.stm32cube.ide.mcu.externaltools.gnu-tools-for-stm32.13.3.rel1.win32_1.0.0.202411081344/tools/bin/../lib/gcc/arm-none-eabi/13.3.1/thumb/v7e-m+fp/hard/crtbegin.o
 .text          0x080001e0       0x14 C:/ST/STM32CubeIDE_1.19.0/STM32CubeIDE/plugins/com.st.stm32cube.ide.mcu.externaltools.gnu-tools-for-stm32.13.3.rel1.win32_1.0.0.202411081344/tools/bin/../lib/gcc/arm-none-eabi/13.3.1/../../../../arm-none-eabi/lib/thumb/v7e-m+fp/hard\libc_nano.a(libc_a-strcmp.o)
                0x080001e0                strcmp
 .text          0x080001f4       0x10 C:/ST/STM32CubeIDE_1.19.0/STM32CubeIDE/plugins/com.st.stm32cube.ide.mcu.externaltools.gnu-tools-for-stm32.13.3.rel1.win32_1.0.0.202411081344/tools/bin/../lib/gcc/arm-none-eabi/13.3.1/../../../../arm-none-eabi/lib/thumb/v7e-m+fp/hard\libc_nano.a(libc_a-strlen.o)
                0x080001f4                strlen
 *fill*         0x08000204        0xc 
 .text          0x08000210       0xa0 C:/ST/STM32CubeIDE_1.19.0/STM32CubeIDE/plugins/com.st.stm32cube.ide.mcu.externaltools.gnu-tools-for-stm32.13.3.rel1.win32_1.0.0.202411081344/tools/bin/../lib/gcc/arm-none-eabi/13.3.1/../../../../arm-none-eabi/lib/thumb/v7e-m+fp/hard\libc_nano.a(libc_a-memchr.o)
                0x08000210                memchr
 .text          0x080002b0      0x378 C:/ST/STM32CubeIDE_1.19.0/STM32CubeIDE/plugins/com.st.stm32cube.ide.mcu.externaltools.gnu-tools-for-stm32.13.3.rel1.win32_1.0.0.202411081344/tools/bin/../lib/gcc/arm-none-eabi/13.3.1/thumb/v7e-m+fp/hard\libgcc.a(_arm_addsubdf3.o)
                0x080002b0                __aeabi_drsub
                0x080002b8                __aeabi_dsub
                0x080002b8                __subdf3
                0x080002bc                __aeabi_dadd
                0x080002bc                __adddf3
                0x08000534                __floatunsidf
                0x08000534                __aeabi_ui2d
                0x08000554                __floatsidf
                0x08000554                __aeabi_i2d
                0x08000578                __aeabi_f2d
                0x08000578                __extendsfdf2
                0x080005bc                __floatundidf
                0x080005bc                __aeabi_ul2d
                0x080005cc                __floatdidf
                0x080005cc                __aeabi_l2d
 .text          0x08000628      0x424 C:/ST/STM32CubeIDE_1.19.0/STM32CubeIDE/plugins/com.st.stm32cube.ide.mcu.externaltools.gnu-tools-for-stm32.13.3.rel1.win32_1.0.0.202411081344/tools/bin/../lib/gcc/arm-none-eabi/13.3.1/thumb/v7e-m+fp/hard\libgcc.a(_arm_muldivdf3.o)
                0x08000628                __aeabi_dmul
                0x08000628                __muldf3
                0x0800087c                __divdf3
                0x0800087c                __aeabi_ddiv
 .text          0x08000a4c      0x110 C:/ST/STM32CubeIDE_1.19.0/STM32CubeIDE/plugins/com.st.stm32cube.ide.mcu.externaltools.gnu-tools-for-stm32.13.3.rel1.win32_1.0.0.202411081344/tools/bin/../lib/gcc/arm-none-eabi/13.3.1/thumb/v7e-m+fp/hard\libgcc.a(_arm_cmpdf2.o)
                0x08000a4c                __gtdf2
                0x08000a4c                __gedf2
                0x08000a54                __ltdf2
                0x08000a54                __ledf2
                0x08000a5c                __nedf2
                0x08000a5c                __eqdf2
                0x08000a5c                __cmpdf2
                0x08000ad8                __aeabi_cdrcmple
                0x08000ae8                __aeabi_cdcmpeq
                0x08000ae8                __aeabi_cdcmple
                0x08000af8                __aeabi_dcmpeq
                0x08000b0c                __aeabi_dcmplt
                0x08000b20                __aeabi_dcmple
                0x08000b34                __aeabi_dcmpge
                0x08000b48                __aeabi_dcmpgt
 .text          0x08000b5c       0x2c C:/ST/STM32CubeIDE_1.19.0/STM32CubeIDE/plugins/com.st.stm32cube.ide.mcu.externaltools.gnu-tools-for-stm32.13.3.rel1.win32_1.0.0.202411081344/tools/bin/../lib/gcc/arm-none-eabi/13.3.1/thumb/v7e-m+fp/hard\libgcc.a(_arm_unorddf2.o)
                0x08000b5c                __unorddf2
                0x08000b5c                __aeabi_dcmpun
 .text          0x08000b88       0x40 C:/ST/STM32CubeIDE_1.19.0/STM32CubeIDE/plugins/com.st.stm32cube.ide.mcu.externaltools.gnu-tools-for-stm32.13.3.rel1.win32_1.0.0.202411081344/tools/bin/../lib/gcc/arm-none-eabi/13.3.1/thumb/v7e-m+fp/hard\libgcc.a(_arm_fixunsdfsi.o)
                0x08000b88                __aeabi_d2uiz
                0x08000b88                __fixunsdfsi
 .text          0x08000bc8       0xa0 C:/ST/STM32CubeIDE_1.19.0/STM32CubeIDE/plugins/com.st.stm32cube.ide.mcu.externaltools.gnu-tools-for-stm32.13.3.rel1.win32_1.0.0.202411081344/tools/bin/../lib/gcc/arm-none-eabi/13.3.1/thumb/v7e-m+fp/hard\libgcc.a(_arm_truncdfsf2.o)
                0x08000bc8                __truncdfsf2
                0x08000bc8                __aeabi_d2f
 .text          0x08000c68       0x30 C:/ST/STM32CubeIDE_1.19.0/STM32CubeIDE/plugins/com.st.stm32cube.ide.mcu.externaltools.gnu-tools-for-stm32.13.3.rel1.win32_1.0.0.202411081344/tools/bin/../lib/gcc/arm-none-eabi/13.3.1/thumb/v7e-m+fp/hard\libgcc.a(_aeabi_uldivmod.o)
                0x08000c68                __aeabi_uldivmod
 .text          0x08000c98       0x30 C:/ST/STM32CubeIDE_1.19.0/STM32CubeIDE/plugins/com.st.stm32cube.ide.mcu.externaltools.gnu-tools-for-stm32.13.3.rel1.win32_1.0.0.202411081344/tools/bin/../lib/gcc/arm-none-eabi/13.3.1/thumb/v7e-m+fp/hard\libgcc.a(_fixdfdi.o)
                0x08000c98                __fixdfdi
                0x08000c98                __aeabi_d2lz
 .text          0x08000cc8       0x3c C:/ST/STM32CubeIDE_1.19.0/STM32CubeIDE/plugins/com.st.stm32cube.ide.mcu.externaltools.gnu-tools-for-stm32.13.3.rel1.win32_1.0.0.202411081344/tools/bin/../lib/gcc/arm-none-eabi/13.3.1/thumb/v7e-m+fp/hard\libgcc.a(_fixunsdfdi.o)
                0x08000cc8                __fixunsdfdi
                0x08000cc8                __aeabi_d2ulz
 .text          0x08000d04      0x2f8 C:/ST/STM32CubeIDE_1.19.0/STM32CubeIDE/plugins/com.st.stm32cube.ide.mcu.externaltools.gnu-tools-for-stm32.13.3.rel1.win32_1.0.0.202411081344/tools/bin/../lib/gcc/arm-none-eabi/13.3.1/thumb/v7e-m+fp/hard\libgcc.a(_udivmoddi4.o)
                0x08000d04                __udivmoddi4
 .text          0x08000ffc        0x4 C:/ST/STM32CubeIDE_1.19.0/STM32CubeIDE/plugins/com.st.stm32cube.ide.mcu.externaltools.gnu-tools-for-stm32.13.3.rel1.win32_1.0.0.202411081344/tools/bin/../lib/gcc/arm-none-eabi/13.3.1/thumb/v7e-m+fp/hard\libgcc.a(_dvmd_tls.o)
                0x08000ffc                __aeabi_idiv0
                0x08000ffc                __aeabi_ldiv0
 *(.text*)
 .text.apInit   0x08001000        0xa ./src/ap/ap.o
                0x08001000                apInit
 .text.apMain   0x0800100a       0x26 ./src/ap/ap.o
                0x0800100a                apMain
 .text.delay    0x08001030        0x4 ./src/bsp/bsp.o
                0x08001030                delay
 .text.millis   0x08001034        0x4 ./src/bsp/bsp.o
                0x08001034                millis
 .text.__io_putchar
                0x08001038        0x4 ./src/bsp/bsp.o
                0x08001038                __io_putchar
 .text.SystemClock_Config
                0x0800103c       0x94 ./src/bsp/bsp.o
                0x0800103c                SystemClock_Config
 .text.bspInit  0x080010d0       0x40 ./src/bsp/bsp.o
                0x080010d0                bspInit
 .text.Error_Handler
                0x08001110        0x2 ./src/bsp/bsp.o
                0x08001110                Error_Handler
 *fill*         0x08001112        0x2 
 .text.HAL_MspInit
                0x08001114       0x38 ./src/bsp/stm32f4xx_hal_msp.o
                0x08001114                HAL_MspInit
 .text.NMI_Handler
                0x0800114c        0x2 ./src/bsp/stm32f4xx_it.o
                0x0800114c                NMI_Handler
 .text.HardFault_Handler
                0x0800114e        0x2 ./src/bsp/stm32f4xx_it.o
                0x0800114e                HardFault_Handler
 .text.MemManage_Handler
                0x08001150        0x2 ./src/bsp/stm32f4xx_it.o
                0x08001150                MemManage_Handler
 .text.BusFault_Handler
                0x08001152        0x2 ./src/bsp/stm32f4xx_it.o
                0x08001152                BusFault_Handler
 .text.UsageFault_Handler
                0x08001154        0x2 ./src/bsp/stm32f4xx_it.o
                0x08001154                UsageFault_Handler
 .text.SVC_Handler
                0x08001156        0x2 ./src/bsp/stm32f4xx_it.o
                0x08001156                SVC_Handler
 .text.DebugMon_Handler
                0x08001158        0x2 ./src/bsp/stm32f4xx_it.o
                0x08001158                DebugMon_Handler
 .text.PendSV_Handler
                0x0800115a        0x2 ./src/bsp/stm32f4xx_it.o
                0x0800115a                PendSV_Handler
 .text.SysTick_Handler
                0x0800115c        0x4 ./src/bsp/stm32f4xx_it.o
                0x0800115c                SysTick_Handler
 .text.OTG_FS_IRQHandler
                0x08001160        0xc ./src/bsp/stm32f4xx_it.o
                0x08001160                OTG_FS_IRQHandler
 .text._getpid  0x0800116c        0x4 ./src/bsp/syscalls.o
                0x0800116c                _getpid
 .text._kill    0x08001170       0x10 ./src/bsp/syscalls.o
                0x08001170                _kill
 .text._exit    0x08001180        0xc ./src/bsp/syscalls.o
                0x08001180                _exit
 .text._read    0x0800118c       0x1c ./src/bsp/syscalls.o
                0x0800118c                _read
 .text._write   0x080011a8       0x1c ./src/bsp/syscalls.o
                0x080011a8                _write
 .text._close   0x080011c4        0x6 ./src/bsp/syscalls.o
                0x080011c4                _close
 .text._fstat   0x080011ca        0xa ./src/bsp/syscalls.o
                0x080011ca                _fstat
 .text._isatty  0x080011d4        0x4 ./src/bsp/syscalls.o
                0x080011d4                _isatty
 .text._lseek   0x080011d8        0x4 ./src/bsp/syscalls.o
                0x080011d8                _lseek
 .text._sbrk    0x080011dc       0x40 ./src/bsp/sysmem.o
                0x080011dc                _sbrk
 .text.SystemInit
                0x0800121c       0x1c ./src/bsp/system_stm32f4xx.o
                0x0800121c                SystemInit
 .text.Reset_Handler
                0x08001238       0x50 ./src/bsp/startup/startup_stm32f411ceux.o
                0x08001238                Reset_Handler
 .text.Default_Handler
                0x08001288        0x2 ./src/bsp/startup/startup_stm32f411ceux.o
                0x08001288                RTC_Alarm_IRQHandler
                0x08001288                EXTI2_IRQHandler
                0x08001288                SPI4_IRQHandler
                0x08001288                TIM1_CC_IRQHandler
                0x08001288                DMA2_Stream5_IRQHandler
                0x08001288                DMA1_Stream5_IRQHandler
                0x08001288                PVD_IRQHandler
                0x08001288                SDIO_IRQHandler
                0x08001288                TAMP_STAMP_IRQHandler
                0x08001288                EXTI3_IRQHandler
                0x08001288                TIM1_UP_TIM10_IRQHandler
                0x08001288                I2C3_ER_IRQHandler
                0x08001288                EXTI0_IRQHandler
                0x08001288                I2C2_EV_IRQHandler
                0x08001288                DMA1_Stream2_IRQHandler
                0x08001288                FPU_IRQHandler
                0x08001288                DMA2_Stream2_IRQHandler
                0x08001288                SPI1_IRQHandler
                0x08001288                TIM1_BRK_TIM9_IRQHandler
                0x08001288                DMA2_Stream3_IRQHandler
                0x08001288                USART6_IRQHandler
                0x08001288                DMA2_Stream0_IRQHandler
                0x08001288                TIM4_IRQHandler
                0x08001288                I2C1_EV_IRQHandler
                0x08001288                DMA1_Stream6_IRQHandler
                0x08001288                DMA1_Stream1_IRQHandler
                0x08001288                TIM3_IRQHandler
                0x08001288                RCC_IRQHandler
                0x08001288                Default_Handler
                0x08001288                EXTI15_10_IRQHandler
                0x08001288                ADC_IRQHandler
                0x08001288                DMA1_Stream7_IRQHandler
                0x08001288                SPI5_IRQHandler
                0x08001288                TIM5_IRQHandler
                0x08001288                DMA2_Stream7_IRQHandler
                0x08001288                I2C3_EV_IRQHandler
                0x08001288                EXTI9_5_IRQHandler
                0x08001288                RTC_WKUP_IRQHandler
                0x08001288                SPI2_IRQHandler
                0x08001288                DMA1_Stream0_IRQHandler
                0x08001288                EXTI4_IRQHandler
                0x08001288                WWDG_IRQHandler
                0x08001288                TIM2_IRQHandler
                0x08001288                OTG_FS_WKUP_IRQHandler
                0x08001288                TIM1_TRG_COM_TIM11_IRQHandler
                0x08001288                EXTI1_IRQHandler
                0x08001288                USART2_IRQHandler
                0x08001288                I2C2_ER_IRQHandler
                0x08001288                DMA2_Stream1_IRQHandler
                0x08001288                FLASH_IRQHandler
                0x08001288                DMA2_Stream4_IRQHandler
                0x08001288                USART1_IRQHandler
                0x08001288                SPI3_IRQHandler
                0x08001288                DMA1_Stream4_IRQHandler
                0x08001288                I2C1_ER_IRQHandler
                0x08001288                DMA2_Stream6_IRQHandler
                0x08001288                DMA1_Stream3_IRQHandler
 *fill*         0x0800128a        0x2 
 .text.buttonInit
                0x0800128c       0x58 ./src/hw/driver/button.o
                0x0800128c                buttonInit
 .text.buttonGetPressed
                0x080012e4       0x20 ./src/hw/driver/button.o
                0x080012e4                buttonGetPressed
 .text.cliButton
                0x08001304       0x54 ./src/hw/driver/button.o
 .text.cdcInit  0x08001358        0xc ./src/hw/driver/cdc.o
                0x08001358                cdcInit
 .text.cdcIsInit
                0x08001364        0xc ./src/hw/driver/cdc.o
                0x08001364                cdcIsInit
 .text.cliToUpper
                0x08001370       0x2a ./src/hw/driver/cli.o
 *fill*         0x0800139a        0x2 
 .text.cliArgsGetStr
                0x0800139c       0x1c ./src/hw/driver/cli.o
 .text.cliArgsIsStr
                0x080013b8       0x2c ./src/hw/driver/cli.o
 .text.cliArgsGetFloat
                0x080013e4       0x28 ./src/hw/driver/cli.o
 .text.cliArgsGetData
                0x0800140c       0x24 ./src/hw/driver/cli.o
 .text.cliLineChange.constprop.0
                0x08001430       0x90 ./src/hw/driver/cli.o
 .text.cliOpen  0x080014c0       0x14 ./src/hw/driver/cli.o
                0x080014c0                cliOpen
 .text.cliShowLog
                0x080014d4       0xb8 ./src/hw/driver/cli.o
                0x080014d4                cliShowLog
 .text.cliPrintf
                0x0800158c       0x34 ./src/hw/driver/cli.o
                0x0800158c                cliPrintf
 .text.cliShowList
                0x080015c0       0x4c ./src/hw/driver/cli.o
                0x080015c0                cliShowList
 .text.cliMemoryDump
                0x0800160c       0xd8 ./src/hw/driver/cli.o
                0x0800160c                cliMemoryDump
 .text.cliMain  0x080016e4      0x3bc ./src/hw/driver/cli.o
                0x080016e4                cliMain
 .text.cliKeepLoop
                0x08001aa0       0x18 ./src/hw/driver/cli.o
                0x08001aa0                cliKeepLoop
 .text.cliAdd   0x08001ab8       0x40 ./src/hw/driver/cli.o
                0x08001ab8                cliAdd
 .text.cliInit  0x08001af8       0x6c ./src/hw/driver/cli.o
                0x08001af8                cliInit
 .text.flashInit
                0x08001b64       0x18 ./src/hw/driver/flash.o
                0x08001b64                flashInit
 .text.flashErase
                0x08001b7c       0xa0 ./src/hw/driver/flash.o
                0x08001b7c                flashErase
 .text.flashWrite
                0x08001c1c       0x36 ./src/hw/driver/flash.o
                0x08001c1c                flashWrite
 *fill*         0x08001c52        0x2 
 .text.cliFlash
                0x08001c54      0x148 ./src/hw/driver/flash.o
 .text.ledOff.part.0
                0x08001d9c       0x10 ./src/hw/driver/led.o
 .text.ledInit  0x08001dac       0x58 ./src/hw/driver/led.o
                0x08001dac                ledInit
 .text.ledToggle
                0x08001e04       0x14 ./src/hw/driver/led.o
                0x08001e04                ledToggle
 .text.cliLed   0x08001e18       0x64 ./src/hw/driver/led.o
 .text.uartInit
                0x08001e7c        0x4 ./src/hw/driver/uart.o
                0x08001e7c                uartInit
 .text.uartOpen
                0x08001e80        0x8 ./src/hw/driver/uart.o
                0x08001e80                uartOpen
 .text.uartAvailable
                0x08001e88        0xa ./src/hw/driver/uart.o
                0x08001e88                uartAvailable
 .text.uartRead
                0x08001e92        0xa ./src/hw/driver/uart.o
                0x08001e92                uartRead
 .text.uartWrite
                0x08001e9c       0x10 ./src/hw/driver/uart.o
                0x08001e9c                uartWrite
 .text.uartPrintf
                0x08001eac       0x2e ./src/hw/driver/uart.o
                0x08001eac                uartPrintf
 .text.usbInit  0x08001eda        0x4 ./src/hw/driver/usb.o
                0x08001eda                usbInit
 *fill*         0x08001ede        0x2 
 .text.usbBegin
                0x08001ee0       0x68 ./src/hw/driver/usb.o
                0x08001ee0                usbBegin
 .text.ymodemInit
                0x08001f48       0x18 ./src/hw/driver/ymodem.o
                0x08001f48                ymodemInit
 .text.ymodemOpen
                0x08001f60       0x32 ./src/hw/driver/ymodem.o
                0x08001f60                ymodemOpen
 .text.ymodemPutch
                0x08001f92       0x1e ./src/hw/driver/ymodem.o
                0x08001f92                ymodemPutch
 .text.ymodemGetFileInfo
                0x08001fb0       0x4e ./src/hw/driver/ymodem.o
                0x08001fb0                ymodemGetFileInfo
 .text.crc_update
                0x08001ffe       0x1e ./src/hw/driver/ymodem.o
                0x08001ffe                crc_update
 .text.ymodemReceive
                0x0800201c      0x230 ./src/hw/driver/ymodem.o
                0x0800201c                ymodemReceive
 .text.cliYmodem.part.0
                0x0800224c       0x7c ./src/hw/driver/ymodem.o
 .text.cliYmodem
                0x080022c8       0x2c ./src/hw/driver/ymodem.o
 .text.USBD_Init
                0x080022f4       0x26 ./src/hw/driver/usb/core/usbd_core.o
                0x080022f4                USBD_Init
 .text.USBD_RegisterClass
                0x0800231a       0x32 ./src/hw/driver/usb/core/usbd_core.o
                0x0800231a                USBD_RegisterClass
 .text.USBD_Start
                0x0800234c        0x4 ./src/hw/driver/usb/core/usbd_core.o
                0x0800234c                USBD_Start
 .text.USBD_SetClassConfig
                0x08002350        0xe ./src/hw/driver/usb/core/usbd_core.o
                0x08002350                USBD_SetClassConfig
 .text.USBD_ClrClassConfig
                0x0800235e       0x12 ./src/hw/driver/usb/core/usbd_core.o
                0x0800235e                USBD_ClrClassConfig
 .text.USBD_LL_SetupStage
                0x08002370       0x60 ./src/hw/driver/usb/core/usbd_core.o
                0x08002370                USBD_LL_SetupStage
 .text.USBD_LL_DataOutStage
                0x080023d0       0x74 ./src/hw/driver/usb/core/usbd_core.o
                0x080023d0                USBD_LL_DataOutStage
 .text.USBD_LL_DataInStage
                0x08002444       0xa8 ./src/hw/driver/usb/core/usbd_core.o
                0x08002444                USBD_LL_DataInStage
 .text.USBD_LL_Reset
                0x080024ec       0x60 ./src/hw/driver/usb/core/usbd_core.o
                0x080024ec                USBD_LL_Reset
 .text.USBD_LL_SetSpeed
                0x0800254c        0x6 ./src/hw/driver/usb/core/usbd_core.o
                0x0800254c                USBD_LL_SetSpeed
 .text.USBD_LL_Suspend
                0x08002552       0x1c ./src/hw/driver/usb/core/usbd_core.o
                0x08002552                USBD_LL_Suspend
 .text.USBD_LL_Resume
                0x0800256e       0x16 ./src/hw/driver/usb/core/usbd_core.o
                0x0800256e                USBD_LL_Resume
 .text.USBD_LL_SOF
                0x08002584       0x1a ./src/hw/driver/usb/core/usbd_core.o
                0x08002584                USBD_LL_SOF
 .text.USBD_LL_IsoINIncomplete
                0x0800259e       0x26 ./src/hw/driver/usb/core/usbd_core.o
                0x0800259e                USBD_LL_IsoINIncomplete
 .text.USBD_LL_IsoOUTIncomplete
                0x080025c4       0x26 ./src/hw/driver/usb/core/usbd_core.o
                0x080025c4                USBD_LL_IsoOUTIncomplete
 .text.USBD_LL_DevConnected
                0x080025ea        0x4 ./src/hw/driver/usb/core/usbd_core.o
                0x080025ea                USBD_LL_DevConnected
 .text.USBD_LL_DevDisconnected
                0x080025ee       0x20 ./src/hw/driver/usb/core/usbd_core.o
                0x080025ee                USBD_LL_DevDisconnected
 .text.USBD_CoreFindIF
                0x0800260e        0x4 ./src/hw/driver/usb/core/usbd_core.o
                0x0800260e                USBD_CoreFindIF
 .text.USBD_CoreFindEP
                0x08002612        0x4 ./src/hw/driver/usb/core/usbd_core.o
                0x08002612                USBD_CoreFindEP
 .text.USBD_GetEpDesc
                0x08002616       0x24 ./src/hw/driver/usb/core/usbd_core.o
                0x08002616                USBD_GetEpDesc
 .text.USBD_CtlError.constprop.0
                0x0800263a       0x16 ./src/hw/driver/usb/core/usbd_ctlreq.o
 .text.USBD_StdDevReq
                0x08002650      0x2c8 ./src/hw/driver/usb/core/usbd_ctlreq.o
                0x08002650                USBD_StdDevReq
 .text.USBD_StdItfReq
                0x08002918       0x5e ./src/hw/driver/usb/core/usbd_ctlreq.o
                0x08002918                USBD_StdItfReq
 .text.USBD_StdEPReq
                0x08002976      0x148 ./src/hw/driver/usb/core/usbd_ctlreq.o
                0x08002976                USBD_StdEPReq
 .text.USBD_ParseSetupRequest
                0x08002abe       0x16 ./src/hw/driver/usb/core/usbd_ctlreq.o
                0x08002abe                USBD_ParseSetupRequest
 .text.USBD_CtlError
                0x08002ad4       0x16 ./src/hw/driver/usb/core/usbd_ctlreq.o
                0x08002ad4                USBD_CtlError
 .text.USBD_GetString
                0x08002aea       0x38 ./src/hw/driver/usb/core/usbd_ctlreq.o
                0x08002aea                USBD_GetString
 .text.USBD_CtlSendData
                0x08002b22       0x1c ./src/hw/driver/usb/core/usbd_ioreq.o
                0x08002b22                USBD_CtlSendData
 .text.USBD_CtlContinueSendData
                0x08002b3e       0x10 ./src/hw/driver/usb/core/usbd_ioreq.o
                0x08002b3e                USBD_CtlContinueSendData
 .text.USBD_CtlPrepareRx
                0x08002b4e       0x22 ./src/hw/driver/usb/core/usbd_ioreq.o
                0x08002b4e                USBD_CtlPrepareRx
 .text.USBD_CtlContinueRx
                0x08002b70       0x10 ./src/hw/driver/usb/core/usbd_ioreq.o
                0x08002b70                USBD_CtlContinueRx
 .text.USBD_CtlSendStatus
                0x08002b80       0x16 ./src/hw/driver/usb/core/usbd_ioreq.o
                0x08002b80                USBD_CtlSendStatus
 .text.USBD_CtlReceiveStatus
                0x08002b96       0x16 ./src/hw/driver/usb/core/usbd_ioreq.o
                0x08002b96                USBD_CtlReceiveStatus
 .text.USBD_CDC_EP0_RxReady
                0x08002bac       0x38 ./src/hw/driver/usb/usb_cdc/usbd_cdc.o
 .text.USBD_CDC_GetDeviceQualifierDescriptor
                0x08002be4        0xc ./src/hw/driver/usb/usb_cdc/usbd_cdc.o
                0x08002be4                USBD_CDC_GetDeviceQualifierDescriptor
 .text.USBD_CDC_GetFSCfgDesc
                0x08002bf0       0x48 ./src/hw/driver/usb/usb_cdc/usbd_cdc.o
 .text.USBD_CDC_GetOtherSpeedCfgDesc
                0x08002c38        0x4 ./src/hw/driver/usb/usb_cdc/usbd_cdc.o
 .text.USBD_CDC_GetHSCfgDesc
                0x08002c3c       0x48 ./src/hw/driver/usb/usb_cdc/usbd_cdc.o
 .text.USBD_CDC_DataOut
                0x08002c84       0x38 ./src/hw/driver/usb/usb_cdc/usbd_cdc.o
 .text.USBD_CDC_DataIn
                0x08002cbc       0x64 ./src/hw/driver/usb/usb_cdc/usbd_cdc.o
 .text.USBD_CDC_Setup
                0x08002d20       0xf0 ./src/hw/driver/usb/usb_cdc/usbd_cdc.o
 .text.USBD_CDC_DeInit
                0x08002e10       0x60 ./src/hw/driver/usb/usb_cdc/usbd_cdc.o
 .text.USBD_CDC_Init
                0x08002e70       0xc8 ./src/hw/driver/usb/usb_cdc/usbd_cdc.o
 .text.USBD_CDC_RegisterInterface
                0x08002f38       0x16 ./src/hw/driver/usb/usb_cdc/usbd_cdc.o
                0x08002f38                USBD_CDC_RegisterInterface
 .text.USBD_CDC_SetTxBuffer
                0x08002f4e       0x1c ./src/hw/driver/usb/usb_cdc/usbd_cdc.o
                0x08002f4e                USBD_CDC_SetTxBuffer
 .text.USBD_CDC_SetRxBuffer
                0x08002f6a       0x18 ./src/hw/driver/usb/usb_cdc/usbd_cdc.o
                0x08002f6a                USBD_CDC_SetRxBuffer
 .text.USBD_CDC_TransmitPacket
                0x08002f82       0x36 ./src/hw/driver/usb/usb_cdc/usbd_cdc.o
                0x08002f82                USBD_CDC_TransmitPacket
 .text.USBD_CDC_ReceivePacket
                0x08002fb8       0x2c ./src/hw/driver/usb/usb_cdc/usbd_cdc.o
                0x08002fb8                USBD_CDC_ReceivePacket
 .text.CDC_DeInit_FS
                0x08002fe4        0x4 ./src/hw/driver/usb/usb_cdc/usbd_cdc_if.o
 .text.CDC_Control_FS
                0x08002fe8       0x60 ./src/hw/driver/usb/usb_cdc/usbd_cdc_if.o
 .text.CDC_TransmitCplt_FS
                0x08003048        0x4 ./src/hw/driver/usb/usb_cdc/usbd_cdc_if.o
 .text.CDC_Init_FS
                0x0800304c       0x28 ./src/hw/driver/usb/usb_cdc/usbd_cdc_if.o
 .text.cdcAvailable
                0x08003074       0x24 ./src/hw/driver/usb/usb_cdc/usbd_cdc_if.o
                0x08003074                cdcAvailable
 .text.cdcRead  0x08003098       0x34 ./src/hw/driver/usb/usb_cdc/usbd_cdc_if.o
                0x08003098                cdcRead
 .text.cdcDataIn
                0x080030cc       0x34 ./src/hw/driver/usb/usb_cdc/usbd_cdc_if.o
                0x080030cc                cdcDataIn
 .text.CDC_Receive_FS
                0x08003100       0x50 ./src/hw/driver/usb/usb_cdc/usbd_cdc_if.o
 .text.CDC_Transmit_FS
                0x08003150       0x2c ./src/hw/driver/usb/usb_cdc/usbd_cdc_if.o
                0x08003150                CDC_Transmit_FS
 .text.cdcWrite
                0x0800317c       0x32 ./src/hw/driver/usb/usb_cdc/usbd_cdc_if.o
                0x0800317c                cdcWrite
 *fill*         0x080031ae        0x2 
 .text.USBD_FS_DeviceDescriptor
                0x080031b0        0xc ./src/hw/driver/usb/usb_cdc/usbd_desc.o
                0x080031b0                USBD_FS_DeviceDescriptor
 .text.USBD_FS_LangIDStrDescriptor
                0x080031bc        0xc ./src/hw/driver/usb/usb_cdc/usbd_desc.o
                0x080031bc                USBD_FS_LangIDStrDescriptor
 .text.IntToUnicode
                0x080031c8       0x2a ./src/hw/driver/usb/usb_cdc/usbd_desc.o
 *fill*         0x080031f2        0x2 
 .text.USBD_FS_SerialStrDescriptor
                0x080031f4       0x3c ./src/hw/driver/usb/usb_cdc/usbd_desc.o
                0x080031f4                USBD_FS_SerialStrDescriptor
 .text.USBD_FS_ManufacturerStrDescriptor
                0x08003230       0x1c ./src/hw/driver/usb/usb_cdc/usbd_desc.o
                0x08003230                USBD_FS_ManufacturerStrDescriptor
 .text.USBD_FS_ProductStrDescriptor
                0x0800324c       0x1c ./src/hw/driver/usb/usb_cdc/usbd_desc.o
                0x0800324c                USBD_FS_ProductStrDescriptor
 .text.USBD_FS_ConfigStrDescriptor
                0x08003268       0x1c ./src/hw/driver/usb/usb_cdc/usbd_desc.o
                0x08003268                USBD_FS_ConfigStrDescriptor
 .text.USBD_FS_InterfaceStrDescriptor
                0x08003284       0x1c ./src/hw/driver/usb/usb_cdc/usbd_desc.o
                0x08003284                USBD_FS_InterfaceStrDescriptor
 .text.HAL_PCD_MspInit
                0x080032a0       0x84 ./src/hw/driver/usb/usbd_conf.o
                0x080032a0                HAL_PCD_MspInit
 .text.HAL_PCD_SetupStageCallback
                0x08003324        0xc ./src/hw/driver/usb/usbd_conf.o
                0x08003324                HAL_PCD_SetupStageCallback
 .text.HAL_PCD_DataOutStageCallback
                0x08003330       0x12 ./src/hw/driver/usb/usbd_conf.o
                0x08003330                HAL_PCD_DataOutStageCallback
 .text.HAL_PCD_DataInStageCallback
                0x08003342       0x10 ./src/hw/driver/usb/usbd_conf.o
                0x08003342                HAL_PCD_DataInStageCallback
 .text.HAL_PCD_SOFCallback
                0x08003352        0x8 ./src/hw/driver/usb/usbd_conf.o
                0x08003352                HAL_PCD_SOFCallback
 .text.HAL_PCD_ResetCallback
                0x0800335a       0x24 ./src/hw/driver/usb/usbd_conf.o
                0x0800335a                HAL_PCD_ResetCallback
 *fill*         0x0800337e        0x2 
 .text.HAL_PCD_SuspendCallback
                0x08003380       0x30 ./src/hw/driver/usb/usbd_conf.o
                0x08003380                HAL_PCD_SuspendCallback
 .text.HAL_PCD_ResumeCallback
                0x080033b0        0x8 ./src/hw/driver/usb/usbd_conf.o
                0x080033b0                HAL_PCD_ResumeCallback
 .text.HAL_PCD_ISOOUTIncompleteCallback
                0x080033b8        0x8 ./src/hw/driver/usb/usbd_conf.o
                0x080033b8                HAL_PCD_ISOOUTIncompleteCallback
 .text.HAL_PCD_ISOINIncompleteCallback
                0x080033c0        0x8 ./src/hw/driver/usb/usbd_conf.o
                0x080033c0                HAL_PCD_ISOINIncompleteCallback
 .text.HAL_PCD_ConnectCallback
                0x080033c8        0x8 ./src/hw/driver/usb/usbd_conf.o
                0x080033c8                HAL_PCD_ConnectCallback
 .text.HAL_PCD_DisconnectCallback
                0x080033d0        0x8 ./src/hw/driver/usb/usbd_conf.o
                0x080033d0                HAL_PCD_DisconnectCallback
 .text.USBD_LL_Init
                0x080033d8       0x5c ./src/hw/driver/usb/usbd_conf.o
                0x080033d8                USBD_LL_Init
 .text.USBD_LL_IsStallEP
                0x08003434       0x24 ./src/hw/driver/usb/usbd_conf.o
                0x08003434                USBD_LL_IsStallEP
 .text.USBD_LL_GetRxDataSize
                0x08003458        0x8 ./src/hw/driver/usb/usbd_conf.o
                0x08003458                USBD_LL_GetRxDataSize
 .text.USBD_static_malloc
                0x08003460        0x8 ./src/hw/driver/usb/usbd_conf.o
                0x08003460                USBD_static_malloc
 .text.USBD_static_free
                0x08003468        0x2 ./src/hw/driver/usb/usbd_conf.o
                0x08003468                USBD_static_free
 .text.USBD_Get_USB_Status
                0x0800346a        0xc ./src/hw/driver/usb/usbd_conf.o
                0x0800346a                USBD_Get_USB_Status
 .text.USBD_LL_Start
                0x08003476       0x12 ./src/hw/driver/usb/usbd_conf.o
                0x08003476                USBD_LL_Start
 .text.USBD_LL_OpenEP
                0x08003488       0x18 ./src/hw/driver/usb/usbd_conf.o
                0x08003488                USBD_LL_OpenEP
 .text.USBD_LL_CloseEP
                0x080034a0       0x12 ./src/hw/driver/usb/usbd_conf.o
                0x080034a0                USBD_LL_CloseEP
 .text.USBD_LL_StallEP
                0x080034b2       0x12 ./src/hw/driver/usb/usbd_conf.o
                0x080034b2                USBD_LL_StallEP
 .text.USBD_LL_ClearStallEP
                0x080034c4       0x12 ./src/hw/driver/usb/usbd_conf.o
                0x080034c4                USBD_LL_ClearStallEP
 .text.USBD_LL_SetUSBAddress
                0x080034d6       0x12 ./src/hw/driver/usb/usbd_conf.o
                0x080034d6                USBD_LL_SetUSBAddress
 .text.USBD_LL_Transmit
                0x080034e8       0x12 ./src/hw/driver/usb/usbd_conf.o
                0x080034e8                USBD_LL_Transmit
 .text.USBD_LL_PrepareReceive
                0x080034fa       0x12 ./src/hw/driver/usb/usbd_conf.o
                0x080034fa                USBD_LL_PrepareReceive
 .text.hwInit   0x0800350c       0x2c ./src/hw/hw.o
                0x0800350c                hwInit
 .text.HAL_InitTick
                0x08003538       0x48 ./src/lib/cube_f411/Drivers/STM32F4xx_HAL_Driver/Src/stm32f4xx_hal.o
                0x08003538                HAL_InitTick
 .text.HAL_Init
                0x08003580       0x34 ./src/lib/cube_f411/Drivers/STM32F4xx_HAL_Driver/Src/stm32f4xx_hal.o
                0x08003580                HAL_Init
 .text.HAL_IncTick
                0x080035b4       0x18 ./src/lib/cube_f411/Drivers/STM32F4xx_HAL_Driver/Src/stm32f4xx_hal.o
                0x080035b4                HAL_IncTick
 .text.HAL_GetTick
                0x080035cc        0xc ./src/lib/cube_f411/Drivers/STM32F4xx_HAL_Driver/Src/stm32f4xx_hal.o
                0x080035cc                HAL_GetTick
 .text.HAL_Delay
                0x080035d8       0x28 ./src/lib/cube_f411/Drivers/STM32F4xx_HAL_Driver/Src/stm32f4xx_hal.o
                0x080035d8                HAL_Delay
 .text.HAL_NVIC_SetPriorityGrouping
                0x08003600       0x24 ./src/lib/cube_f411/Drivers/STM32F4xx_HAL_Driver/Src/stm32f4xx_hal_cortex.o
                0x08003600                HAL_NVIC_SetPriorityGrouping
 .text.HAL_NVIC_SetPriority
                0x08003624       0x64 ./src/lib/cube_f411/Drivers/STM32F4xx_HAL_Driver/Src/stm32f4xx_hal_cortex.o
                0x08003624                HAL_NVIC_SetPriority
 .text.HAL_NVIC_EnableIRQ
                0x08003688       0x1c ./src/lib/cube_f411/Drivers/STM32F4xx_HAL_Driver/Src/stm32f4xx_hal_cortex.o
                0x08003688                HAL_NVIC_EnableIRQ
 .text.HAL_SYSTICK_Config
                0x080036a4       0x28 ./src/lib/cube_f411/Drivers/STM32F4xx_HAL_Driver/Src/stm32f4xx_hal_cortex.o
                0x080036a4                HAL_SYSTICK_Config
 .text.FLASH_Program_DoubleWord
                0x080036cc       0x2c ./src/lib/cube_f411/Drivers/STM32F4xx_HAL_Driver/Src/stm32f4xx_hal_flash.o
 .text.FLASH_Program_Word
                0x080036f8       0x24 ./src/lib/cube_f411/Drivers/STM32F4xx_HAL_Driver/Src/stm32f4xx_hal_flash.o
 .text.FLASH_Program_HalfWord
                0x0800371c       0x24 ./src/lib/cube_f411/Drivers/STM32F4xx_HAL_Driver/Src/stm32f4xx_hal_flash.o
 .text.FLASH_SetErrorCode
                0x08003740       0x8c ./src/lib/cube_f411/Drivers/STM32F4xx_HAL_Driver/Src/stm32f4xx_hal_flash.o
 .text.HAL_FLASH_Unlock
                0x080037cc       0x24 ./src/lib/cube_f411/Drivers/STM32F4xx_HAL_Driver/Src/stm32f4xx_hal_flash.o
                0x080037cc                HAL_FLASH_Unlock
 .text.HAL_FLASH_Lock
                0x080037f0       0x14 ./src/lib/cube_f411/Drivers/STM32F4xx_HAL_Driver/Src/stm32f4xx_hal_flash.o
                0x080037f0                HAL_FLASH_Lock
 .text.FLASH_WaitForLastOperation
                0x08003804       0x50 ./src/lib/cube_f411/Drivers/STM32F4xx_HAL_Driver/Src/stm32f4xx_hal_flash.o
                0x08003804                FLASH_WaitForLastOperation
 .text.HAL_FLASH_Program
                0x08003854       0x8c ./src/lib/cube_f411/Drivers/STM32F4xx_HAL_Driver/Src/stm32f4xx_hal_flash.o
                0x08003854                HAL_FLASH_Program
 .text.FLASH_MassErase.isra.0
                0x080038e0       0x24 ./src/lib/cube_f411/Drivers/STM32F4xx_HAL_Driver/Src/stm32f4xx_hal_flash_ex.o
 .text.FLASH_Erase_Sector
                0x08003904       0x3c ./src/lib/cube_f411/Drivers/STM32F4xx_HAL_Driver/Src/stm32f4xx_hal_flash_ex.o
                0x08003904                FLASH_Erase_Sector
 .text.FLASH_FlushCaches
                0x08003940       0x58 ./src/lib/cube_f411/Drivers/STM32F4xx_HAL_Driver/Src/stm32f4xx_hal_flash_ex.o
                0x08003940                FLASH_FlushCaches
 .text.HAL_FLASHEx_Erase
                0x08003998       0xa0 ./src/lib/cube_f411/Drivers/STM32F4xx_HAL_Driver/Src/stm32f4xx_hal_flash_ex.o
                0x08003998                HAL_FLASHEx_Erase
 .text.HAL_GPIO_Init
                0x08003a38      0x18c ./src/lib/cube_f411/Drivers/STM32F4xx_HAL_Driver/Src/stm32f4xx_hal_gpio.o
                0x08003a38                HAL_GPIO_Init
 .text.HAL_GPIO_ReadPin
                0x08003bc4        0xc ./src/lib/cube_f411/Drivers/STM32F4xx_HAL_Driver/Src/stm32f4xx_hal_gpio.o
                0x08003bc4                HAL_GPIO_ReadPin
 .text.HAL_GPIO_WritePin
                0x08003bd0        0xa ./src/lib/cube_f411/Drivers/STM32F4xx_HAL_Driver/Src/stm32f4xx_hal_gpio.o
                0x08003bd0                HAL_GPIO_WritePin
 .text.HAL_GPIO_TogglePin
                0x08003bda       0x12 ./src/lib/cube_f411/Drivers/STM32F4xx_HAL_Driver/Src/stm32f4xx_hal_gpio.o
                0x08003bda                HAL_GPIO_TogglePin
 .text.HAL_PCD_Init
                0x08003bec       0xde ./src/lib/cube_f411/Drivers/STM32F4xx_HAL_Driver/Src/stm32f4xx_hal_pcd.o
                0x08003bec                HAL_PCD_Init
 .text.HAL_PCD_Start
                0x08003cca       0x3e ./src/lib/cube_f411/Drivers/STM32F4xx_HAL_Driver/Src/stm32f4xx_hal_pcd.o
                0x08003cca                HAL_PCD_Start
 .text.HAL_PCD_SetAddress
                0x08003d08       0x26 ./src/lib/cube_f411/Drivers/STM32F4xx_HAL_Driver/Src/stm32f4xx_hal_pcd.o
                0x08003d08                HAL_PCD_SetAddress
 .text.HAL_PCD_EP_Open
                0x08003d2e       0x72 ./src/lib/cube_f411/Drivers/STM32F4xx_HAL_Driver/Src/stm32f4xx_hal_pcd.o
                0x08003d2e                HAL_PCD_EP_Open
 .text.HAL_PCD_EP_Close
                0x08003da0       0x5c ./src/lib/cube_f411/Drivers/STM32F4xx_HAL_Driver/Src/stm32f4xx_hal_pcd.o
                0x08003da0                HAL_PCD_EP_Close
 .text.HAL_PCD_EP_Receive
                0x08003dfc       0x3c ./src/lib/cube_f411/Drivers/STM32F4xx_HAL_Driver/Src/stm32f4xx_hal_pcd.o
                0x08003dfc                HAL_PCD_EP_Receive
 .text.HAL_PCD_EP_GetRxCount
                0x08003e38       0x10 ./src/lib/cube_f411/Drivers/STM32F4xx_HAL_Driver/Src/stm32f4xx_hal_pcd.o
                0x08003e38                HAL_PCD_EP_GetRxCount
 .text.HAL_PCD_EP_Transmit
                0x08003e48       0x36 ./src/lib/cube_f411/Drivers/STM32F4xx_HAL_Driver/Src/stm32f4xx_hal_pcd.o
                0x08003e48                HAL_PCD_EP_Transmit
 .text.HAL_PCD_EP_SetStall
                0x08003e7e       0x6e ./src/lib/cube_f411/Drivers/STM32F4xx_HAL_Driver/Src/stm32f4xx_hal_pcd.o
                0x08003e7e                HAL_PCD_EP_SetStall
 .text.HAL_PCD_EP_ClrStall
                0x08003eec       0x6a ./src/lib/cube_f411/Drivers/STM32F4xx_HAL_Driver/Src/stm32f4xx_hal_pcd.o
                0x08003eec                HAL_PCD_EP_ClrStall
 .text.HAL_PCD_EP_Abort
                0x08003f56       0x20 ./src/lib/cube_f411/Drivers/STM32F4xx_HAL_Driver/Src/stm32f4xx_hal_pcd.o
                0x08003f56                HAL_PCD_EP_Abort
 *fill*         0x08003f76        0x2 
 .text.HAL_PCD_IRQHandler
                0x08003f78      0x690 ./src/lib/cube_f411/Drivers/STM32F4xx_HAL_Driver/Src/stm32f4xx_hal_pcd.o
                0x08003f78                HAL_PCD_IRQHandler
 .text.HAL_PCDEx_SetTxFiFo
                0x08004608       0x3e ./src/lib/cube_f411/Drivers/STM32F4xx_HAL_Driver/Src/stm32f4xx_hal_pcd_ex.o
                0x08004608                HAL_PCDEx_SetTxFiFo
 .text.HAL_PCDEx_SetRxFiFo
                0x08004646        0x8 ./src/lib/cube_f411/Drivers/STM32F4xx_HAL_Driver/Src/stm32f4xx_hal_pcd_ex.o
                0x08004646                HAL_PCDEx_SetRxFiFo
 .text.HAL_PCDEx_LPM_Callback
                0x0800464e        0x2 ./src/lib/cube_f411/Drivers/STM32F4xx_HAL_Driver/Src/stm32f4xx_hal_pcd_ex.o
                0x0800464e                HAL_PCDEx_LPM_Callback
 .text.HAL_RCC_OscConfig
                0x08004650      0x35c ./src/lib/cube_f411/Drivers/STM32F4xx_HAL_Driver/Src/stm32f4xx_hal_rcc.o
                0x08004650                HAL_RCC_OscConfig
 .text.HAL_RCC_GetSysClockFreq
                0x080049ac       0x5c ./src/lib/cube_f411/Drivers/STM32F4xx_HAL_Driver/Src/stm32f4xx_hal_rcc.o
                0x080049ac                HAL_RCC_GetSysClockFreq
 .text.HAL_RCC_ClockConfig
                0x08004a08      0x134 ./src/lib/cube_f411/Drivers/STM32F4xx_HAL_Driver/Src/stm32f4xx_hal_rcc.o
                0x08004a08                HAL_RCC_ClockConfig
 .text.HAL_RCC_GetHCLKFreq
                0x08004b3c        0xc ./src/lib/cube_f411/Drivers/STM32F4xx_HAL_Driver/Src/stm32f4xx_hal_rcc.o
                0x08004b3c                HAL_RCC_GetHCLKFreq
 .text.USB_CoreReset
                0x08004b48       0x50 ./src/lib/cube_f411/Drivers/STM32F4xx_HAL_Driver/Src/stm32f4xx_ll_usb.o
 .text.USB_CoreInit
                0x08004b98       0x88 ./src/lib/cube_f411/Drivers/STM32F4xx_HAL_Driver/Src/stm32f4xx_ll_usb.o
                0x08004b98                USB_CoreInit
 .text.USB_SetTurnaroundTime
                0x08004c20       0xe0 ./src/lib/cube_f411/Drivers/STM32F4xx_HAL_Driver/Src/stm32f4xx_ll_usb.o
                0x08004c20                USB_SetTurnaroundTime
 .text.USB_EnableGlobalInt
                0x08004d00        0xc ./src/lib/cube_f411/Drivers/STM32F4xx_HAL_Driver/Src/stm32f4xx_ll_usb.o
                0x08004d00                USB_EnableGlobalInt
 .text.USB_DisableGlobalInt
                0x08004d0c        0xc ./src/lib/cube_f411/Drivers/STM32F4xx_HAL_Driver/Src/stm32f4xx_ll_usb.o
                0x08004d0c                USB_DisableGlobalInt
 .text.USB_SetCurrentMode
                0x08004d18       0x60 ./src/lib/cube_f411/Drivers/STM32F4xx_HAL_Driver/Src/stm32f4xx_ll_usb.o
                0x08004d18                USB_SetCurrentMode
 .text.USB_FlushTxFifo
                0x08004d78       0x46 ./src/lib/cube_f411/Drivers/STM32F4xx_HAL_Driver/Src/stm32f4xx_ll_usb.o
                0x08004d78                USB_FlushTxFifo
 .text.USB_FlushRxFifo
                0x08004dbe       0x42 ./src/lib/cube_f411/Drivers/STM32F4xx_HAL_Driver/Src/stm32f4xx_ll_usb.o
                0x08004dbe                USB_FlushRxFifo
 .text.USB_SetDevSpeed
                0x08004e00        0xe ./src/lib/cube_f411/Drivers/STM32F4xx_HAL_Driver/Src/stm32f4xx_ll_usb.o
                0x08004e00                USB_SetDevSpeed
 *fill*         0x08004e0e        0x2 
 .text.USB_DevInit
                0x08004e10      0x174 ./src/lib/cube_f411/Drivers/STM32F4xx_HAL_Driver/Src/stm32f4xx_ll_usb.o
                0x08004e10                USB_DevInit
 .text.USB_GetDevSpeed
                0x08004f84       0x16 ./src/lib/cube_f411/Drivers/STM32F4xx_HAL_Driver/Src/stm32f4xx_ll_usb.o
                0x08004f84                USB_GetDevSpeed
 .text.USB_ActivateEndpoint
                0x08004f9a       0x7e ./src/lib/cube_f411/Drivers/STM32F4xx_HAL_Driver/Src/stm32f4xx_ll_usb.o
                0x08004f9a                USB_ActivateEndpoint
 .text.USB_DeactivateEndpoint
                0x08005018       0xac ./src/lib/cube_f411/Drivers/STM32F4xx_HAL_Driver/Src/stm32f4xx_ll_usb.o
                0x08005018                USB_DeactivateEndpoint
 .text.USB_EPStopXfer
                0x080050c4       0x84 ./src/lib/cube_f411/Drivers/STM32F4xx_HAL_Driver/Src/stm32f4xx_ll_usb.o
                0x080050c4                USB_EPStopXfer
 .text.USB_WritePacket
                0x08005148       0x26 ./src/lib/cube_f411/Drivers/STM32F4xx_HAL_Driver/Src/stm32f4xx_ll_usb.o
                0x08005148                USB_WritePacket
 *fill*         0x0800516e        0x2 
 .text.USB_EPStartXfer
                0x08005170      0x204 ./src/lib/cube_f411/Drivers/STM32F4xx_HAL_Driver/Src/stm32f4xx_ll_usb.o
                0x08005170                USB_EPStartXfer
 .text.USB_ReadPacket
                0x08005374       0x40 ./src/lib/cube_f411/Drivers/STM32F4xx_HAL_Driver/Src/stm32f4xx_ll_usb.o
                0x08005374                USB_ReadPacket
 .text.USB_EPSetStall
                0x080053b4       0x56 ./src/lib/cube_f411/Drivers/STM32F4xx_HAL_Driver/Src/stm32f4xx_ll_usb.o
                0x080053b4                USB_EPSetStall
 .text.USB_EPClearStall
                0x0800540a       0x52 ./src/lib/cube_f411/Drivers/STM32F4xx_HAL_Driver/Src/stm32f4xx_ll_usb.o
                0x0800540a                USB_EPClearStall
 .text.USB_SetDevAddress
                0x0800545c       0x20 ./src/lib/cube_f411/Drivers/STM32F4xx_HAL_Driver/Src/stm32f4xx_ll_usb.o
                0x0800545c                USB_SetDevAddress
 .text.USB_DevConnect
                0x0800547c       0x1c ./src/lib/cube_f411/Drivers/STM32F4xx_HAL_Driver/Src/stm32f4xx_ll_usb.o
                0x0800547c                USB_DevConnect
 .text.USB_DevDisconnect
                0x08005498       0x1c ./src/lib/cube_f411/Drivers/STM32F4xx_HAL_Driver/Src/stm32f4xx_ll_usb.o
                0x08005498                USB_DevDisconnect
 .text.USB_ReadInterrupts
                0x080054b4        0x8 ./src/lib/cube_f411/Drivers/STM32F4xx_HAL_Driver/Src/stm32f4xx_ll_usb.o
                0x080054b4                USB_ReadInterrupts
 .text.USB_ReadDevAllOutEpInterrupt
                0x080054bc       0x10 ./src/lib/cube_f411/Drivers/STM32F4xx_HAL_Driver/Src/stm32f4xx_ll_usb.o
                0x080054bc                USB_ReadDevAllOutEpInterrupt
 .text.USB_ReadDevAllInEpInterrupt
                0x080054cc       0x10 ./src/lib/cube_f411/Drivers/STM32F4xx_HAL_Driver/Src/stm32f4xx_ll_usb.o
                0x080054cc                USB_ReadDevAllInEpInterrupt
 .text.USB_ReadDevOutEPInterrupt
                0x080054dc       0x12 ./src/lib/cube_f411/Drivers/STM32F4xx_HAL_Driver/Src/stm32f4xx_ll_usb.o
                0x080054dc                USB_ReadDevOutEPInterrupt
 .text.USB_ReadDevInEPInterrupt
                0x080054ee       0x22 ./src/lib/cube_f411/Drivers/STM32F4xx_HAL_Driver/Src/stm32f4xx_ll_usb.o
                0x080054ee                USB_ReadDevInEPInterrupt
 .text.USB_GetMode
                0x08005510        0x8 ./src/lib/cube_f411/Drivers/STM32F4xx_HAL_Driver/Src/stm32f4xx_ll_usb.o
                0x08005510                USB_GetMode
 .text.USB_ActivateSetup
                0x08005518       0x1c ./src/lib/cube_f411/Drivers/STM32F4xx_HAL_Driver/Src/stm32f4xx_ll_usb.o
                0x08005518                USB_ActivateSetup
 .text.USB_EP0_OutStart
                0x08005534       0x4c ./src/lib/cube_f411/Drivers/STM32F4xx_HAL_Driver/Src/stm32f4xx_ll_usb.o
                0x08005534                USB_EP0_OutStart
 .text.startup.main
                0x08005580       0x12 ./src/main.o
                0x08005580                main
 .text.sulp     0x08005592       0x3c C:/ST/STM32CubeIDE_1.19.0/STM32CubeIDE/plugins/com.st.stm32cube.ide.mcu.externaltools.gnu-tools-for-stm32.13.3.rel1.win32_1.0.0.202411081344/tools/bin/../lib/gcc/arm-none-eabi/13.3.1/../../../../arm-none-eabi/lib/thumb/v7e-m+fp/hard\libc_nano.a(libc_a-strtod.o)
 *fill*         0x080055ce        0x2 
 .text._strtod_l
                0x080055d0      0xbc8 C:/ST/STM32CubeIDE_1.19.0/STM32CubeIDE/plugins/com.st.stm32cube.ide.mcu.externaltools.gnu-tools-for-stm32.13.3.rel1.win32_1.0.0.202411081344/tools/bin/../lib/gcc/arm-none-eabi/13.3.1/../../../../arm-none-eabi/lib/thumb/v7e-m+fp/hard\libc_nano.a(libc_a-strtod.o)
                0x080055d0                _strtod_l
 .text.strtof   0x08006198       0xc8 C:/ST/STM32CubeIDE_1.19.0/STM32CubeIDE/plugins/com.st.stm32cube.ide.mcu.externaltools.gnu-tools-for-stm32.13.3.rel1.win32_1.0.0.202411081344/tools/bin/../lib/gcc/arm-none-eabi/13.3.1/../../../../arm-none-eabi/lib/thumb/v7e-m+fp/hard\libc_nano.a(libc_a-strtod.o)
                0x08006198                strtof
 .text._strtoul_l.isra.0
                0x08006260       0xdc C:/ST/STM32CubeIDE_1.19.0/STM32CubeIDE/plugins/com.st.stm32cube.ide.mcu.externaltools.gnu-tools-for-stm32.13.3.rel1.win32_1.0.0.202411081344/tools/bin/../lib/gcc/arm-none-eabi/13.3.1/../../../../arm-none-eabi/lib/thumb/v7e-m+fp/hard\libc_nano.a(libc_a-strtoul.o)
 .text.strtoul  0x0800633c       0x14 C:/ST/STM32CubeIDE_1.19.0/STM32CubeIDE/plugins/com.st.stm32cube.ide.mcu.externaltools.gnu-tools-for-stm32.13.3.rel1.win32_1.0.0.202411081344/tools/bin/../lib/gcc/arm-none-eabi/13.3.1/../../../../arm-none-eabi/lib/thumb/v7e-m+fp/hard\libc_nano.a(libc_a-strtoul.o)
                0x0800633c                strtoul
 .text.std      0x08006350       0x6c C:/ST/STM32CubeIDE_1.19.0/STM32CubeIDE/plugins/com.st.stm32cube.ide.mcu.externaltools.gnu-tools-for-stm32.13.3.rel1.win32_1.0.0.202411081344/tools/bin/../lib/gcc/arm-none-eabi/13.3.1/../../../../arm-none-eabi/lib/thumb/v7e-m+fp/hard\libc_nano.a(libc_a-findfp.o)
 .text.stdio_exit_handler
                0x080063bc       0x18 C:/ST/STM32CubeIDE_1.19.0/STM32CubeIDE/plugins/com.st.stm32cube.ide.mcu.externaltools.gnu-tools-for-stm32.13.3.rel1.win32_1.0.0.202411081344/tools/bin/../lib/gcc/arm-none-eabi/13.3.1/../../../../arm-none-eabi/lib/thumb/v7e-m+fp/hard\libc_nano.a(libc_a-findfp.o)
 .text.cleanup_stdio
                0x080063d4       0x40 C:/ST/STM32CubeIDE_1.19.0/STM32CubeIDE/plugins/com.st.stm32cube.ide.mcu.externaltools.gnu-tools-for-stm32.13.3.rel1.win32_1.0.0.202411081344/tools/bin/../lib/gcc/arm-none-eabi/13.3.1/../../../../arm-none-eabi/lib/thumb/v7e-m+fp/hard\libc_nano.a(libc_a-findfp.o)
 .text.global_stdio_init.part.0
                0x08006414       0x3c C:/ST/STM32CubeIDE_1.19.0/STM32CubeIDE/plugins/com.st.stm32cube.ide.mcu.externaltools.gnu-tools-for-stm32.13.3.rel1.win32_1.0.0.202411081344/tools/bin/../lib/gcc/arm-none-eabi/13.3.1/../../../../arm-none-eabi/lib/thumb/v7e-m+fp/hard\libc_nano.a(libc_a-findfp.o)
 .text.__sfp_lock_acquire
                0x08006450        0xc C:/ST/STM32CubeIDE_1.19.0/STM32CubeIDE/plugins/com.st.stm32cube.ide.mcu.externaltools.gnu-tools-for-stm32.13.3.rel1.win32_1.0.0.202411081344/tools/bin/../lib/gcc/arm-none-eabi/13.3.1/../../../../arm-none-eabi/lib/thumb/v7e-m+fp/hard\libc_nano.a(libc_a-findfp.o)
                0x08006450                __sfp_lock_acquire
 .text.__sfp_lock_release
                0x0800645c        0xc C:/ST/STM32CubeIDE_1.19.0/STM32CubeIDE/plugins/com.st.stm32cube.ide.mcu.externaltools.gnu-tools-for-stm32.13.3.rel1.win32_1.0.0.202411081344/tools/bin/../lib/gcc/arm-none-eabi/13.3.1/../../../../arm-none-eabi/lib/thumb/v7e-m+fp/hard\libc_nano.a(libc_a-findfp.o)
                0x0800645c                __sfp_lock_release
 .text.__sinit  0x08006468       0x30 C:/ST/STM32CubeIDE_1.19.0/STM32CubeIDE/plugins/com.st.stm32cube.ide.mcu.externaltools.gnu-tools-for-stm32.13.3.rel1.win32_1.0.0.202411081344/tools/bin/../lib/gcc/arm-none-eabi/13.3.1/../../../../arm-none-eabi/lib/thumb/v7e-m+fp/hard\libc_nano.a(libc_a-findfp.o)
                0x08006468                __sinit
 .text._fwalk_sglue
                0x08006498       0x3c C:/ST/STM32CubeIDE_1.19.0/STM32CubeIDE/plugins/com.st.stm32cube.ide.mcu.externaltools.gnu-tools-for-stm32.13.3.rel1.win32_1.0.0.202411081344/tools/bin/../lib/gcc/arm-none-eabi/13.3.1/../../../../arm-none-eabi/lib/thumb/v7e-m+fp/hard\libc_nano.a(libc_a-fwalk.o)
                0x08006498                _fwalk_sglue
 .text.__sread  0x080064d4       0x22 C:/ST/STM32CubeIDE_1.19.0/STM32CubeIDE/plugins/com.st.stm32cube.ide.mcu.externaltools.gnu-tools-for-stm32.13.3.rel1.win32_1.0.0.202411081344/tools/bin/../lib/gcc/arm-none-eabi/13.3.1/../../../../arm-none-eabi/lib/thumb/v7e-m+fp/hard\libc_nano.a(libc_a-stdio.o)
                0x080064d4                __sread
 .text.__swrite
                0x080064f6       0x38 C:/ST/STM32CubeIDE_1.19.0/STM32CubeIDE/plugins/com.st.stm32cube.ide.mcu.externaltools.gnu-tools-for-stm32.13.3.rel1.win32_1.0.0.202411081344/tools/bin/../lib/gcc/arm-none-eabi/13.3.1/../../../../arm-none-eabi/lib/thumb/v7e-m+fp/hard\libc_nano.a(libc_a-stdio.o)
                0x080064f6                __swrite
 .text.__sseek  0x0800652e       0x24 C:/ST/STM32CubeIDE_1.19.0/STM32CubeIDE/plugins/com.st.stm32cube.ide.mcu.externaltools.gnu-tools-for-stm32.13.3.rel1.win32_1.0.0.202411081344/tools/bin/../lib/gcc/arm-none-eabi/13.3.1/../../../../arm-none-eabi/lib/thumb/v7e-m+fp/hard\libc_nano.a(libc_a-stdio.o)
                0x0800652e                __sseek
 .text.__sclose
                0x08006552        0x8 C:/ST/STM32CubeIDE_1.19.0/STM32CubeIDE/plugins/com.st.stm32cube.ide.mcu.externaltools.gnu-tools-for-stm32.13.3.rel1.win32_1.0.0.202411081344/tools/bin/../lib/gcc/arm-none-eabi/13.3.1/../../../../arm-none-eabi/lib/thumb/v7e-m+fp/hard\libc_nano.a(libc_a-stdio.o)
                0x08006552                __sclose
 .text._vsnprintf_r
                0x0800655a       0x5c C:/ST/STM32CubeIDE_1.19.0/STM32CubeIDE/plugins/com.st.stm32cube.ide.mcu.externaltools.gnu-tools-for-stm32.13.3.rel1.win32_1.0.0.202411081344/tools/bin/../lib/gcc/arm-none-eabi/13.3.1/../../../../arm-none-eabi/lib/thumb/v7e-m+fp/hard\libc_nano.a(libc_a-vsnprintf.o)
                0x0800655a                _vsniprintf_r
                0x0800655a                _vsnprintf_r
 *fill*         0x080065b6        0x2 
 .text.vsnprintf
                0x080065b8       0x1c C:/ST/STM32CubeIDE_1.19.0/STM32CubeIDE/plugins/com.st.stm32cube.ide.mcu.externaltools.gnu-tools-for-stm32.13.3.rel1.win32_1.0.0.202411081344/tools/bin/../lib/gcc/arm-none-eabi/13.3.1/../../../../arm-none-eabi/lib/thumb/v7e-m+fp/hard\libc_nano.a(libc_a-vsnprintf.o)
                0x080065b8                vsniprintf
                0x080065b8                vsnprintf
 .text.memmove  0x080065d4       0x34 C:/ST/STM32CubeIDE_1.19.0/STM32CubeIDE/plugins/com.st.stm32cube.ide.mcu.externaltools.gnu-tools-for-stm32.13.3.rel1.win32_1.0.0.202411081344/tools/bin/../lib/gcc/arm-none-eabi/13.3.1/../../../../arm-none-eabi/lib/thumb/v7e-m+fp/hard\libc_nano.a(libc_a-memmove.o)
                0x080065d4                memmove
 .text.memset   0x08006608       0x10 C:/ST/STM32CubeIDE_1.19.0/STM32CubeIDE/plugins/com.st.stm32cube.ide.mcu.externaltools.gnu-tools-for-stm32.13.3.rel1.win32_1.0.0.202411081344/tools/bin/../lib/gcc/arm-none-eabi/13.3.1/../../../../arm-none-eabi/lib/thumb/v7e-m+fp/hard\libc_nano.a(libc_a-memset.o)
                0x08006608                memset
 .text.strncmp  0x08006618       0x24 C:/ST/STM32CubeIDE_1.19.0/STM32CubeIDE/plugins/com.st.stm32cube.ide.mcu.externaltools.gnu-tools-for-stm32.13.3.rel1.win32_1.0.0.202411081344/tools/bin/../lib/gcc/arm-none-eabi/13.3.1/../../../../arm-none-eabi/lib/thumb/v7e-m+fp/hard\libc_nano.a(libc_a-strncmp.o)
                0x08006618                strncmp
 .text.__strtok_r
                0x0800663c       0x50 C:/ST/STM32CubeIDE_1.19.0/STM32CubeIDE/plugins/com.st.stm32cube.ide.mcu.externaltools.gnu-tools-for-stm32.13.3.rel1.win32_1.0.0.202411081344/tools/bin/../lib/gcc/arm-none-eabi/13.3.1/../../../../arm-none-eabi/lib/thumb/v7e-m+fp/hard\libc_nano.a(libc_a-strtok_r.o)
                0x0800663c                __strtok_r
 .text.strtok_r
                0x0800668c        0x6 C:/ST/STM32CubeIDE_1.19.0/STM32CubeIDE/plugins/com.st.stm32cube.ide.mcu.externaltools.gnu-tools-for-stm32.13.3.rel1.win32_1.0.0.202411081344/tools/bin/../lib/gcc/arm-none-eabi/13.3.1/../../../../arm-none-eabi/lib/thumb/v7e-m+fp/hard\libc_nano.a(libc_a-strtok_r.o)
                0x0800668c                strtok_r
 *fill*         0x08006692        0x2 
 .text._close_r
                0x08006694       0x20 C:/ST/STM32CubeIDE_1.19.0/STM32CubeIDE/plugins/com.st.stm32cube.ide.mcu.externaltools.gnu-tools-for-stm32.13.3.rel1.win32_1.0.0.202411081344/tools/bin/../lib/gcc/arm-none-eabi/13.3.1/../../../../arm-none-eabi/lib/thumb/v7e-m+fp/hard\libc_nano.a(libc_a-closer.o)
                0x08006694                _close_r
 .text._lseek_r
                0x080066b4       0x24 C:/ST/STM32CubeIDE_1.19.0/STM32CubeIDE/plugins/com.st.stm32cube.ide.mcu.externaltools.gnu-tools-for-stm32.13.3.rel1.win32_1.0.0.202411081344/tools/bin/../lib/gcc/arm-none-eabi/13.3.1/../../../../arm-none-eabi/lib/thumb/v7e-m+fp/hard\libc_nano.a(libc_a-lseekr.o)
                0x080066b4                _lseek_r
 .text._read_r  0x080066d8       0x24 C:/ST/STM32CubeIDE_1.19.0/STM32CubeIDE/plugins/com.st.stm32cube.ide.mcu.externaltools.gnu-tools-for-stm32.13.3.rel1.win32_1.0.0.202411081344/tools/bin/../lib/gcc/arm-none-eabi/13.3.1/../../../../arm-none-eabi/lib/thumb/v7e-m+fp/hard\libc_nano.a(libc_a-readr.o)
                0x080066d8                _read_r
 .text._write_r
                0x080066fc       0x24 C:/ST/STM32CubeIDE_1.19.0/STM32CubeIDE/plugins/com.st.stm32cube.ide.mcu.externaltools.gnu-tools-for-stm32.13.3.rel1.win32_1.0.0.202411081344/tools/bin/../lib/gcc/arm-none-eabi/13.3.1/../../../../arm-none-eabi/lib/thumb/v7e-m+fp/hard\libc_nano.a(libc_a-writer.o)
                0x080066fc                _write_r
 .text.__errno  0x08006720        0xc C:/ST/STM32CubeIDE_1.19.0/STM32CubeIDE/plugins/com.st.stm32cube.ide.mcu.externaltools.gnu-tools-for-stm32.13.3.rel1.win32_1.0.0.202411081344/tools/bin/../lib/gcc/arm-none-eabi/13.3.1/../../../../arm-none-eabi/lib/thumb/v7e-m+fp/hard\libc_nano.a(libc_a-errno.o)
                0x08006720                __errno
 .text.__libc_init_array
                0x0800672c       0x48 C:/ST/STM32CubeIDE_1.19.0/STM32CubeIDE/plugins/com.st.stm32cube.ide.mcu.externaltools.gnu-tools-for-stm32.13.3.rel1.win32_1.0.0.202411081344/tools/bin/../lib/gcc/arm-none-eabi/13.3.1/../../../../arm-none-eabi/lib/thumb/v7e-m+fp/hard\libc_nano.a(libc_a-init.o)
                0x0800672c                __libc_init_array
 .text.__retarget_lock_init_recursive
                0x08006774        0x2 C:/ST/STM32CubeIDE_1.19.0/STM32CubeIDE/plugins/com.st.stm32cube.ide.mcu.externaltools.gnu-tools-for-stm32.13.3.rel1.win32_1.0.0.202411081344/tools/bin/../lib/gcc/arm-none-eabi/13.3.1/../../../../arm-none-eabi/lib/thumb/v7e-m+fp/hard\libc_nano.a(libc_a-lock.o)
                0x08006774                __retarget_lock_init_recursive
 .text.__retarget_lock_acquire_recursive
                0x08006776        0x2 C:/ST/STM32CubeIDE_1.19.0/STM32CubeIDE/plugins/com.st.stm32cube.ide.mcu.externaltools.gnu-tools-for-stm32.13.3.rel1.win32_1.0.0.202411081344/tools/bin/../lib/gcc/arm-none-eabi/13.3.1/../../../../arm-none-eabi/lib/thumb/v7e-m+fp/hard\libc_nano.a(libc_a-lock.o)
                0x08006776                __retarget_lock_acquire_recursive
 .text.__retarget_lock_release_recursive
                0x08006778        0x2 C:/ST/STM32CubeIDE_1.19.0/STM32CubeIDE/plugins/com.st.stm32cube.ide.mcu.externaltools.gnu-tools-for-stm32.13.3.rel1.win32_1.0.0.202411081344/tools/bin/../lib/gcc/arm-none-eabi/13.3.1/../../../../arm-none-eabi/lib/thumb/v7e-m+fp/hard\libc_nano.a(libc_a-lock.o)
                0x08006778                __retarget_lock_release_recursive
 .text.strcpy   0x0800677a       0x10 C:/ST/STM32CubeIDE_1.19.0/STM32CubeIDE/plugins/com.st.stm32cube.ide.mcu.externaltools.gnu-tools-for-stm32.13.3.rel1.win32_1.0.0.202411081344/tools/bin/../lib/gcc/arm-none-eabi/13.3.1/../../../../arm-none-eabi/lib/thumb/v7e-m+fp/hard\libc_nano.a(libc_a-strcpy.o)
                0x0800677a                strcpy
 .text.memcpy   0x0800678a       0x1c C:/ST/STM32CubeIDE_1.19.0/STM32CubeIDE/plugins/com.st.stm32cube.ide.mcu.externaltools.gnu-tools-for-stm32.13.3.rel1.win32_1.0.0.202411081344/tools/bin/../lib/gcc/arm-none-eabi/13.3.1/../../../../arm-none-eabi/lib/thumb/v7e-m+fp/hard\libc_nano.a(libc_a-memcpy-stub.o)
                0x0800678a                memcpy
 *fill*         0x080067a6        0x2 
 .text.nan      0x080067a8       0x10 C:/ST/STM32CubeIDE_1.19.0/STM32CubeIDE/plugins/com.st.stm32cube.ide.mcu.externaltools.gnu-tools-for-stm32.13.3.rel1.win32_1.0.0.202411081344/tools/bin/../lib/gcc/arm-none-eabi/13.3.1/../../../../arm-none-eabi/lib/thumb/v7e-m+fp/hard\libc_nano.a(libm_a-s_nan.o)
                0x080067a8                nan
 .text.nanf     0x080067b8        0xc C:/ST/STM32CubeIDE_1.19.0/STM32CubeIDE/plugins/com.st.stm32cube.ide.mcu.externaltools.gnu-tools-for-stm32.13.3.rel1.win32_1.0.0.202411081344/tools/bin/../lib/gcc/arm-none-eabi/13.3.1/../../../../arm-none-eabi/lib/thumb/v7e-m+fp/hard\libc_nano.a(libm_a-sf_nan.o)
                0x080067b8                nanf
 .text._free_r  0x080067c4       0x94 C:/ST/STM32CubeIDE_1.19.0/STM32CubeIDE/plugins/com.st.stm32cube.ide.mcu.externaltools.gnu-tools-for-stm32.13.3.rel1.win32_1.0.0.202411081344/tools/bin/../lib/gcc/arm-none-eabi/13.3.1/../../../../arm-none-eabi/lib/thumb/v7e-m+fp/hard\libc_nano.a(libc_a-freer.o)
                0x080067c4                _free_r
 .text.rshift   0x08006858       0xa4 C:/ST/STM32CubeIDE_1.19.0/STM32CubeIDE/plugins/com.st.stm32cube.ide.mcu.externaltools.gnu-tools-for-stm32.13.3.rel1.win32_1.0.0.202411081344/tools/bin/../lib/gcc/arm-none-eabi/13.3.1/../../../../arm-none-eabi/lib/thumb/v7e-m+fp/hard\libc_nano.a(libc_a-gdtoa-gethex.o)
 .text.__hexdig_fun
                0x080068fc       0x2a C:/ST/STM32CubeIDE_1.19.0/STM32CubeIDE/plugins/com.st.stm32cube.ide.mcu.externaltools.gnu-tools-for-stm32.13.3.rel1.win32_1.0.0.202411081344/tools/bin/../lib/gcc/arm-none-eabi/13.3.1/../../../../arm-none-eabi/lib/thumb/v7e-m+fp/hard\libc_nano.a(libc_a-gdtoa-gethex.o)
                0x080068fc                __hexdig_fun
 *fill*         0x08006926        0x2 
 .text.__gethex
                0x08006928      0x420 C:/ST/STM32CubeIDE_1.19.0/STM32CubeIDE/plugins/com.st.stm32cube.ide.mcu.externaltools.gnu-tools-for-stm32.13.3.rel1.win32_1.0.0.202411081344/tools/bin/../lib/gcc/arm-none-eabi/13.3.1/../../../../arm-none-eabi/lib/thumb/v7e-m+fp/hard\libc_nano.a(libc_a-gdtoa-gethex.o)
                0x08006928                __gethex
 .text.L_shift  0x08006d48       0x24 C:/ST/STM32CubeIDE_1.19.0/STM32CubeIDE/plugins/com.st.stm32cube.ide.mcu.externaltools.gnu-tools-for-stm32.13.3.rel1.win32_1.0.0.202411081344/tools/bin/../lib/gcc/arm-none-eabi/13.3.1/../../../../arm-none-eabi/lib/thumb/v7e-m+fp/hard\libc_nano.a(libc_a-gdtoa-hexnan.o)
 .text.__match  0x08006d6c       0x28 C:/ST/STM32CubeIDE_1.19.0/STM32CubeIDE/plugins/com.st.stm32cube.ide.mcu.externaltools.gnu-tools-for-stm32.13.3.rel1.win32_1.0.0.202411081344/tools/bin/../lib/gcc/arm-none-eabi/13.3.1/../../../../arm-none-eabi/lib/thumb/v7e-m+fp/hard\libc_nano.a(libc_a-gdtoa-hexnan.o)
                0x08006d6c                __match
 .text.__hexnan
                0x08006d94      0x136 C:/ST/STM32CubeIDE_1.19.0/STM32CubeIDE/plugins/com.st.stm32cube.ide.mcu.externaltools.gnu-tools-for-stm32.13.3.rel1.win32_1.0.0.202411081344/tools/bin/../lib/gcc/arm-none-eabi/13.3.1/../../../../arm-none-eabi/lib/thumb/v7e-m+fp/hard\libc_nano.a(libc_a-gdtoa-hexnan.o)
                0x08006d94                __hexnan
 *fill*         0x08006eca        0x2 
 .text.sbrk_aligned
                0x08006ecc       0x44 C:/ST/STM32CubeIDE_1.19.0/STM32CubeIDE/plugins/com.st.stm32cube.ide.mcu.externaltools.gnu-tools-for-stm32.13.3.rel1.win32_1.0.0.202411081344/tools/bin/../lib/gcc/arm-none-eabi/13.3.1/../../../../arm-none-eabi/lib/thumb/v7e-m+fp/hard\libc_nano.a(libc_a-mallocr.o)
 .text._malloc_r
                0x08006f10      0x100 C:/ST/STM32CubeIDE_1.19.0/STM32CubeIDE/plugins/com.st.stm32cube.ide.mcu.externaltools.gnu-tools-for-stm32.13.3.rel1.win32_1.0.0.202411081344/tools/bin/../lib/gcc/arm-none-eabi/13.3.1/../../../../arm-none-eabi/lib/thumb/v7e-m+fp/hard\libc_nano.a(libc_a-mallocr.o)
                0x08006f10                _malloc_r
 .text.__ascii_mbtowc
                0x08007010       0x24 C:/ST/STM32CubeIDE_1.19.0/STM32CubeIDE/plugins/com.st.stm32cube.ide.mcu.externaltools.gnu-tools-for-stm32.13.3.rel1.win32_1.0.0.202411081344/tools/bin/../lib/gcc/arm-none-eabi/13.3.1/../../../../arm-none-eabi/lib/thumb/v7e-m+fp/hard\libc_nano.a(libc_a-mbtowc_r.o)
                0x08007010                __ascii_mbtowc
 .text.__malloc_lock
                0x08007034        0xc C:/ST/STM32CubeIDE_1.19.0/STM32CubeIDE/plugins/com.st.stm32cube.ide.mcu.externaltools.gnu-tools-for-stm32.13.3.rel1.win32_1.0.0.202411081344/tools/bin/../lib/gcc/arm-none-eabi/13.3.1/../../../../arm-none-eabi/lib/thumb/v7e-m+fp/hard\libc_nano.a(libc_a-mlock.o)
                0x08007034                __malloc_lock
 .text.__malloc_unlock
                0x08007040        0xc C:/ST/STM32CubeIDE_1.19.0/STM32CubeIDE/plugins/com.st.stm32cube.ide.mcu.externaltools.gnu-tools-for-stm32.13.3.rel1.win32_1.0.0.202411081344/tools/bin/../lib/gcc/arm-none-eabi/13.3.1/../../../../arm-none-eabi/lib/thumb/v7e-m+fp/hard\libc_nano.a(libc_a-mlock.o)
                0x08007040                __malloc_unlock
 .text._Balloc  0x0800704c       0x80 C:/ST/STM32CubeIDE_1.19.0/STM32CubeIDE/plugins/com.st.stm32cube.ide.mcu.externaltools.gnu-tools-for-stm32.13.3.rel1.win32_1.0.0.202411081344/tools/bin/../lib/gcc/arm-none-eabi/13.3.1/../../../../arm-none-eabi/lib/thumb/v7e-m+fp/hard\libc_nano.a(libc_a-mprec.o)
                0x0800704c                _Balloc
 .text._Bfree   0x080070cc       0x44 C:/ST/STM32CubeIDE_1.19.0/STM32CubeIDE/plugins/com.st.stm32cube.ide.mcu.externaltools.gnu-tools-for-stm32.13.3.rel1.win32_1.0.0.202411081344/tools/bin/../lib/gcc/arm-none-eabi/13.3.1/../../../../arm-none-eabi/lib/thumb/v7e-m+fp/hard\libc_nano.a(libc_a-mprec.o)
                0x080070cc                _Bfree
 .text.__multadd
                0x08007110       0x8c C:/ST/STM32CubeIDE_1.19.0/STM32CubeIDE/plugins/com.st.stm32cube.ide.mcu.externaltools.gnu-tools-for-stm32.13.3.rel1.win32_1.0.0.202411081344/tools/bin/../lib/gcc/arm-none-eabi/13.3.1/../../../../arm-none-eabi/lib/thumb/v7e-m+fp/hard\libc_nano.a(libc_a-mprec.o)
                0x08007110                __multadd
 .text.__s2b    0x0800719c       0x94 C:/ST/STM32CubeIDE_1.19.0/STM32CubeIDE/plugins/com.st.stm32cube.ide.mcu.externaltools.gnu-tools-for-stm32.13.3.rel1.win32_1.0.0.202411081344/tools/bin/../lib/gcc/arm-none-eabi/13.3.1/../../../../arm-none-eabi/lib/thumb/v7e-m+fp/hard\libc_nano.a(libc_a-mprec.o)
                0x0800719c                __s2b
 .text.__hi0bits
                0x08007230       0x3e C:/ST/STM32CubeIDE_1.19.0/STM32CubeIDE/plugins/com.st.stm32cube.ide.mcu.externaltools.gnu-tools-for-stm32.13.3.rel1.win32_1.0.0.202411081344/tools/bin/../lib/gcc/arm-none-eabi/13.3.1/../../../../arm-none-eabi/lib/thumb/v7e-m+fp/hard\libc_nano.a(libc_a-mprec.o)
                0x08007230                __hi0bits
 .text.__lo0bits
                0x0800726e       0x5a C:/ST/STM32CubeIDE_1.19.0/STM32CubeIDE/plugins/com.st.stm32cube.ide.mcu.externaltools.gnu-tools-for-stm32.13.3.rel1.win32_1.0.0.202411081344/tools/bin/../lib/gcc/arm-none-eabi/13.3.1/../../../../arm-none-eabi/lib/thumb/v7e-m+fp/hard\libc_nano.a(libc_a-mprec.o)
                0x0800726e                __lo0bits
 .text.__i2b    0x080072c8       0x2c C:/ST/STM32CubeIDE_1.19.0/STM32CubeIDE/plugins/com.st.stm32cube.ide.mcu.externaltools.gnu-tools-for-stm32.13.3.rel1.win32_1.0.0.202411081344/tools/bin/../lib/gcc/arm-none-eabi/13.3.1/../../../../arm-none-eabi/lib/thumb/v7e-m+fp/hard\libc_nano.a(libc_a-mprec.o)
                0x080072c8                __i2b
 .text.__multiply
                0x080072f4      0x144 C:/ST/STM32CubeIDE_1.19.0/STM32CubeIDE/plugins/com.st.stm32cube.ide.mcu.externaltools.gnu-tools-for-stm32.13.3.rel1.win32_1.0.0.202411081344/tools/bin/../lib/gcc/arm-none-eabi/13.3.1/../../../../arm-none-eabi/lib/thumb/v7e-m+fp/hard\libc_nano.a(libc_a-mprec.o)
                0x080072f4                __multiply
 .text.__pow5mult
                0x08007438       0xb4 C:/ST/STM32CubeIDE_1.19.0/STM32CubeIDE/plugins/com.st.stm32cube.ide.mcu.externaltools.gnu-tools-for-stm32.13.3.rel1.win32_1.0.0.202411081344/tools/bin/../lib/gcc/arm-none-eabi/13.3.1/../../../../arm-none-eabi/lib/thumb/v7e-m+fp/hard\libc_nano.a(libc_a-mprec.o)
                0x08007438                __pow5mult
 .text.__lshift
                0x080074ec       0xd8 C:/ST/STM32CubeIDE_1.19.0/STM32CubeIDE/plugins/com.st.stm32cube.ide.mcu.externaltools.gnu-tools-for-stm32.13.3.rel1.win32_1.0.0.202411081344/tools/bin/../lib/gcc/arm-none-eabi/13.3.1/../../../../arm-none-eabi/lib/thumb/v7e-m+fp/hard\libc_nano.a(libc_a-mprec.o)
                0x080074ec                __lshift
 .text.__mcmp   0x080075c4       0x36 C:/ST/STM32CubeIDE_1.19.0/STM32CubeIDE/plugins/com.st.stm32cube.ide.mcu.externaltools.gnu-tools-for-stm32.13.3.rel1.win32_1.0.0.202411081344/tools/bin/../lib/gcc/arm-none-eabi/13.3.1/../../../../arm-none-eabi/lib/thumb/v7e-m+fp/hard\libc_nano.a(libc_a-mprec.o)
                0x080075c4                __mcmp
 *fill*         0x080075fa        0x2 
 .text.__mdiff  0x080075fc      0x128 C:/ST/STM32CubeIDE_1.19.0/STM32CubeIDE/plugins/com.st.stm32cube.ide.mcu.externaltools.gnu-tools-for-stm32.13.3.rel1.win32_1.0.0.202411081344/tools/bin/../lib/gcc/arm-none-eabi/13.3.1/../../../../arm-none-eabi/lib/thumb/v7e-m+fp/hard\libc_nano.a(libc_a-mprec.o)
                0x080075fc                __mdiff
 .text.__ulp    0x08007724       0x4c C:/ST/STM32CubeIDE_1.19.0/STM32CubeIDE/plugins/com.st.stm32cube.ide.mcu.externaltools.gnu-tools-for-stm32.13.3.rel1.win32_1.0.0.202411081344/tools/bin/../lib/gcc/arm-none-eabi/13.3.1/../../../../arm-none-eabi/lib/thumb/v7e-m+fp/hard\libc_nano.a(libc_a-mprec.o)
                0x08007724                __ulp
 .text.__b2d    0x08007770       0x94 C:/ST/STM32CubeIDE_1.19.0/STM32CubeIDE/plugins/com.st.stm32cube.ide.mcu.externaltools.gnu-tools-for-stm32.13.3.rel1.win32_1.0.0.202411081344/tools/bin/../lib/gcc/arm-none-eabi/13.3.1/../../../../arm-none-eabi/lib/thumb/v7e-m+fp/hard\libc_nano.a(libc_a-mprec.o)
                0x08007770                __b2d
 .text.__d2b    0x08007804       0xb0 C:/ST/STM32CubeIDE_1.19.0/STM32CubeIDE/plugins/com.st.stm32cube.ide.mcu.externaltools.gnu-tools-for-stm32.13.3.rel1.win32_1.0.0.202411081344/tools/bin/../lib/gcc/arm-none-eabi/13.3.1/../../../../arm-none-eabi/lib/thumb/v7e-m+fp/hard\libc_nano.a(libc_a-mprec.o)
                0x08007804                __d2b
 .text.__ratio  0x080078b4       0x64 C:/ST/STM32CubeIDE_1.19.0/STM32CubeIDE/plugins/com.st.stm32cube.ide.mcu.externaltools.gnu-tools-for-stm32.13.3.rel1.win32_1.0.0.202411081344/tools/bin/../lib/gcc/arm-none-eabi/13.3.1/../../../../arm-none-eabi/lib/thumb/v7e-m+fp/hard\libc_nano.a(libc_a-mprec.o)
                0x080078b4                __ratio
 .text.__copybits
                0x08007918       0x46 C:/ST/STM32CubeIDE_1.19.0/STM32CubeIDE/plugins/com.st.stm32cube.ide.mcu.externaltools.gnu-tools-for-stm32.13.3.rel1.win32_1.0.0.202411081344/tools/bin/../lib/gcc/arm-none-eabi/13.3.1/../../../../arm-none-eabi/lib/thumb/v7e-m+fp/hard\libc_nano.a(libc_a-mprec.o)
                0x08007918                __copybits
 .text.__any_on
                0x0800795e       0x42 C:/ST/STM32CubeIDE_1.19.0/STM32CubeIDE/plugins/com.st.stm32cube.ide.mcu.externaltools.gnu-tools-for-stm32.13.3.rel1.win32_1.0.0.202411081344/tools/bin/../lib/gcc/arm-none-eabi/13.3.1/../../../../arm-none-eabi/lib/thumb/v7e-m+fp/hard\libc_nano.a(libc_a-mprec.o)
                0x0800795e                __any_on
 .text.__ascii_wctomb
                0x080079a0       0x1a C:/ST/STM32CubeIDE_1.19.0/STM32CubeIDE/plugins/com.st.stm32cube.ide.mcu.externaltools.gnu-tools-for-stm32.13.3.rel1.win32_1.0.0.202411081344/tools/bin/../lib/gcc/arm-none-eabi/13.3.1/../../../../arm-none-eabi/lib/thumb/v7e-m+fp/hard\libc_nano.a(libc_a-wctomb_r.o)
                0x080079a0                __ascii_wctomb
 .text.__ssputs_r
                0x080079ba       0xb6 C:/ST/STM32CubeIDE_1.19.0/STM32CubeIDE/plugins/com.st.stm32cube.ide.mcu.externaltools.gnu-tools-for-stm32.13.3.rel1.win32_1.0.0.202411081344/tools/bin/../lib/gcc/arm-none-eabi/13.3.1/../../../../arm-none-eabi/lib/thumb/v7e-m+fp/hard\libc_nano.a(libc_a-nano-svfprintf.o)
                0x080079ba                __ssputs_r
 .text._svfprintf_r
                0x08007a70      0x1f8 C:/ST/STM32CubeIDE_1.19.0/STM32CubeIDE/plugins/com.st.stm32cube.ide.mcu.externaltools.gnu-tools-for-stm32.13.3.rel1.win32_1.0.0.202411081344/tools/bin/../lib/gcc/arm-none-eabi/13.3.1/../../../../arm-none-eabi/lib/thumb/v7e-m+fp/hard\libc_nano.a(libc_a-nano-svfprintf.o)
                0x08007a70                _svfiprintf_r
                0x08007a70                _svfprintf_r
 .text._printf_common
                0x08007c68       0xda C:/ST/STM32CubeIDE_1.19.0/STM32CubeIDE/plugins/com.st.stm32cube.ide.mcu.externaltools.gnu-tools-for-stm32.13.3.rel1.win32_1.0.0.202411081344/tools/bin/../lib/gcc/arm-none-eabi/13.3.1/../../../../arm-none-eabi/lib/thumb/v7e-m+fp/hard\libc_nano.a(libc_a-nano-vfprintf_i.o)
                0x08007c68                _printf_common
 *fill*         0x08007d42        0x2 
 .text._printf_i
                0x08007d44      0x23c C:/ST/STM32CubeIDE_1.19.0/STM32CubeIDE/plugins/com.st.stm32cube.ide.mcu.externaltools.gnu-tools-for-stm32.13.3.rel1.win32_1.0.0.202411081344/tools/bin/../lib/gcc/arm-none-eabi/13.3.1/../../../../arm-none-eabi/lib/thumb/v7e-m+fp/hard\libc_nano.a(libc_a-nano-vfprintf_i.o)
                0x08007d44                _printf_i
 .text.__sflush_r
                0x08007f80      0x108 C:/ST/STM32CubeIDE_1.19.0/STM32CubeIDE/plugins/com.st.stm32cube.ide.mcu.externaltools.gnu-tools-for-stm32.13.3.rel1.win32_1.0.0.202411081344/tools/bin/../lib/gcc/arm-none-eabi/13.3.1/../../../../arm-none-eabi/lib/thumb/v7e-m+fp/hard\libc_nano.a(libc_a-fflush.o)
                0x08007f80                __sflush_r
 .text._fflush_r
                0x08008088       0x50 C:/ST/STM32CubeIDE_1.19.0/STM32CubeIDE/plugins/com.st.stm32cube.ide.mcu.externaltools.gnu-tools-for-stm32.13.3.rel1.win32_1.0.0.202411081344/tools/bin/../lib/gcc/arm-none-eabi/13.3.1/../../../../arm-none-eabi/lib/thumb/v7e-m+fp/hard\libc_nano.a(libc_a-fflush.o)
                0x08008088                _fflush_r
 .text._sbrk_r  0x080080d8       0x20 C:/ST/STM32CubeIDE_1.19.0/STM32CubeIDE/plugins/com.st.stm32cube.ide.mcu.externaltools.gnu-tools-for-stm32.13.3.rel1.win32_1.0.0.202411081344/tools/bin/../lib/gcc/arm-none-eabi/13.3.1/../../../../arm-none-eabi/lib/thumb/v7e-m+fp/hard\libc_nano.a(libc_a-sbrkr.o)
                0x080080d8                _sbrk_r
 .text.__assert_func
                0x080080f8       0x3c C:/ST/STM32CubeIDE_1.19.0/STM32CubeIDE/plugins/com.st.stm32cube.ide.mcu.externaltools.gnu-tools-for-stm32.13.3.rel1.win32_1.0.0.202411081344/tools/bin/../lib/gcc/arm-none-eabi/13.3.1/../../../../arm-none-eabi/lib/thumb/v7e-m+fp/hard\libc_nano.a(libc_a-assert.o)
                0x080080f8                __assert_func
 .text._calloc_r
                0x08008134       0x28 C:/ST/STM32CubeIDE_1.19.0/STM32CubeIDE/plugins/com.st.stm32cube.ide.mcu.externaltools.gnu-tools-for-stm32.13.3.rel1.win32_1.0.0.202411081344/tools/bin/../lib/gcc/arm-none-eabi/13.3.1/../../../../arm-none-eabi/lib/thumb/v7e-m+fp/hard\libc_nano.a(libc_a-callocr.o)
                0x08008134                _calloc_r
 .text.malloc   0x0800815c       0x10 C:/ST/STM32CubeIDE_1.19.0/STM32CubeIDE/plugins/com.st.stm32cube.ide.mcu.externaltools.gnu-tools-for-stm32.13.3.rel1.win32_1.0.0.202411081344/tools/bin/../lib/gcc/arm-none-eabi/13.3.1/../../../../arm-none-eabi/lib/thumb/v7e-m+fp/hard\libc_nano.a(libc_a-malloc.o)
                0x0800815c                malloc
 .text._realloc_r
                0x0800816c       0x5c C:/ST/STM32CubeIDE_1.19.0/STM32CubeIDE/plugins/com.st.stm32cube.ide.mcu.externaltools.gnu-tools-for-stm32.13.3.rel1.win32_1.0.0.202411081344/tools/bin/../lib/gcc/arm-none-eabi/13.3.1/../../../../arm-none-eabi/lib/thumb/v7e-m+fp/hard\libc_nano.a(libc_a-reallocr.o)
                0x0800816c                _realloc_r
 .text.fprintf  0x080081c8       0x24 C:/ST/STM32CubeIDE_1.19.0/STM32CubeIDE/plugins/com.st.stm32cube.ide.mcu.externaltools.gnu-tools-for-stm32.13.3.rel1.win32_1.0.0.202411081344/tools/bin/../lib/gcc/arm-none-eabi/13.3.1/../../../../arm-none-eabi/lib/thumb/v7e-m+fp/hard\libc_nano.a(libc_a-fprintf.o)
                0x080081c8                fiprintf
                0x080081c8                fprintf
 .text.abort    0x080081ec        0xe C:/ST/STM32CubeIDE_1.19.0/STM32CubeIDE/plugins/com.st.stm32cube.ide.mcu.externaltools.gnu-tools-for-stm32.13.3.rel1.win32_1.0.0.202411081344/tools/bin/../lib/gcc/arm-none-eabi/13.3.1/../../../../arm-none-eabi/lib/thumb/v7e-m+fp/hard\libc_nano.a(libc_a-abort.o)
                0x080081ec                abort
 .text._malloc_usable_size_r
                0x080081fa       0x10 C:/ST/STM32CubeIDE_1.19.0/STM32CubeIDE/plugins/com.st.stm32cube.ide.mcu.externaltools.gnu-tools-for-stm32.13.3.rel1.win32_1.0.0.202411081344/tools/bin/../lib/gcc/arm-none-eabi/13.3.1/../../../../arm-none-eabi/lib/thumb/v7e-m+fp/hard\libc_nano.a(libc_a-msizer.o)
                0x080081fa                _malloc_usable_size_r
 .text.__sfputc_r
                0x0800820a       0x2e C:/ST/STM32CubeIDE_1.19.0/STM32CubeIDE/plugins/com.st.stm32cube.ide.mcu.externaltools.gnu-tools-for-stm32.13.3.rel1.win32_1.0.0.202411081344/tools/bin/../lib/gcc/arm-none-eabi/13.3.1/../../../../arm-none-eabi/lib/thumb/v7e-m+fp/hard\libc_nano.a(libc_a-nano-vfprintf.o)
 .text.__sfputs_r
                0x08008238       0x24 C:/ST/STM32CubeIDE_1.19.0/STM32CubeIDE/plugins/com.st.stm32cube.ide.mcu.externaltools.gnu-tools-for-stm32.13.3.rel1.win32_1.0.0.202411081344/tools/bin/../lib/gcc/arm-none-eabi/13.3.1/../../../../arm-none-eabi/lib/thumb/v7e-m+fp/hard\libc_nano.a(libc_a-nano-vfprintf.o)
                0x08008238                __sfputs_r
 .text._vfprintf_r
                0x0800825c      0x230 C:/ST/STM32CubeIDE_1.19.0/STM32CubeIDE/plugins/com.st.stm32cube.ide.mcu.externaltools.gnu-tools-for-stm32.13.3.rel1.win32_1.0.0.202411081344/tools/bin/../lib/gcc/arm-none-eabi/13.3.1/../../../../arm-none-eabi/lib/thumb/v7e-m+fp/hard\libc_nano.a(libc_a-nano-vfprintf.o)
                0x0800825c                _vfprintf_r
                0x0800825c                _vfiprintf_r
 .text.__swbuf_r
                0x0800848c       0x7c C:/ST/STM32CubeIDE_1.19.0/STM32CubeIDE/plugins/com.st.stm32cube.ide.mcu.externaltools.gnu-tools-for-stm32.13.3.rel1.win32_1.0.0.202411081344/tools/bin/../lib/gcc/arm-none-eabi/13.3.1/../../../../arm-none-eabi/lib/thumb/v7e-m+fp/hard\libc_nano.a(libc_a-wbuf.o)
                0x0800848c                __swbuf_r
 .text.__swsetup_r
                0x08008508       0xac C:/ST/STM32CubeIDE_1.19.0/STM32CubeIDE/plugins/com.st.stm32cube.ide.mcu.externaltools.gnu-tools-for-stm32.13.3.rel1.win32_1.0.0.202411081344/tools/bin/../lib/gcc/arm-none-eabi/13.3.1/../../../../arm-none-eabi/lib/thumb/v7e-m+fp/hard\libc_nano.a(libc_a-wsetup.o)
                0x08008508                __swsetup_r
 .text._raise_r
                0x080085b4       0x50 C:/ST/STM32CubeIDE_1.19.0/STM32CubeIDE/plugins/com.st.stm32cube.ide.mcu.externaltools.gnu-tools-for-stm32.13.3.rel1.win32_1.0.0.202411081344/tools/bin/../lib/gcc/arm-none-eabi/13.3.1/../../../../arm-none-eabi/lib/thumb/v7e-m+fp/hard\libc_nano.a(libc_a-signal.o)
                0x080085b4                _raise_r
 .text.raise    0x08008604       0x10 C:/ST/STM32CubeIDE_1.19.0/STM32CubeIDE/plugins/com.st.stm32cube.ide.mcu.externaltools.gnu-tools-for-stm32.13.3.rel1.win32_1.0.0.202411081344/tools/bin/../lib/gcc/arm-none-eabi/13.3.1/../../../../arm-none-eabi/lib/thumb/v7e-m+fp/hard\libc_nano.a(libc_a-signal.o)
                0x08008604                raise
 .text._kill_r  0x08008614       0x24 C:/ST/STM32CubeIDE_1.19.0/STM32CubeIDE/plugins/com.st.stm32cube.ide.mcu.externaltools.gnu-tools-for-stm32.13.3.rel1.win32_1.0.0.202411081344/tools/bin/../lib/gcc/arm-none-eabi/13.3.1/../../../../arm-none-eabi/lib/thumb/v7e-m+fp/hard\libc_nano.a(libc_a-signalr.o)
                0x08008614                _kill_r
 .text._getpid_r
                0x08008638        0x4 C:/ST/STM32CubeIDE_1.19.0/STM32CubeIDE/plugins/com.st.stm32cube.ide.mcu.externaltools.gnu-tools-for-stm32.13.3.rel1.win32_1.0.0.202411081344/tools/bin/../lib/gcc/arm-none-eabi/13.3.1/../../../../arm-none-eabi/lib/thumb/v7e-m+fp/hard\libc_nano.a(libc_a-signalr.o)
                0x08008638                _getpid_r
 .text.__swhatbuf_r
                0x0800863c       0x4c C:/ST/STM32CubeIDE_1.19.0/STM32CubeIDE/plugins/com.st.stm32cube.ide.mcu.externaltools.gnu-tools-for-stm32.13.3.rel1.win32_1.0.0.202411081344/tools/bin/../lib/gcc/arm-none-eabi/13.3.1/../../../../arm-none-eabi/lib/thumb/v7e-m+fp/hard\libc_nano.a(libc_a-makebuf.o)
                0x0800863c                __swhatbuf_r
 .text.__smakebuf_r
                0x08008688       0x78 C:/ST/STM32CubeIDE_1.19.0/STM32CubeIDE/plugins/com.st.stm32cube.ide.mcu.externaltools.gnu-tools-for-stm32.13.3.rel1.win32_1.0.0.202411081344/tools/bin/../lib/gcc/arm-none-eabi/13.3.1/../../../../arm-none-eabi/lib/thumb/v7e-m+fp/hard\libc_nano.a(libc_a-makebuf.o)
                0x08008688                __smakebuf_r
 .text._fstat_r
                0x08008700       0x24 C:/ST/STM32CubeIDE_1.19.0/STM32CubeIDE/plugins/com.st.stm32cube.ide.mcu.externaltools.gnu-tools-for-stm32.13.3.rel1.win32_1.0.0.202411081344/tools/bin/../lib/gcc/arm-none-eabi/13.3.1/../../../../arm-none-eabi/lib/thumb/v7e-m+fp/hard\libc_nano.a(libc_a-fstatr.o)
                0x08008700                _fstat_r
 .text._isatty_r
                0x08008724       0x20 C:/ST/STM32CubeIDE_1.19.0/STM32CubeIDE/plugins/com.st.stm32cube.ide.mcu.externaltools.gnu-tools-for-stm32.13.3.rel1.win32_1.0.0.202411081344/tools/bin/../lib/gcc/arm-none-eabi/13.3.1/../../../../arm-none-eabi/lib/thumb/v7e-m+fp/hard\libc_nano.a(libc_a-isattyr.o)
                0x08008724                _isatty_r
 *(.glue_7)
 .glue_7        0x08008744        0x0 linker stubs
 *(.glue_7t)
 .glue_7t       0x08008744        0x0 linker stubs
 *(.eh_frame)
 .eh_frame      0x08008744        0x0 C:/ST/STM32CubeIDE_1.19.0/STM32CubeIDE/plugins/com.st.stm32cube.ide.mcu.externaltools.gnu-tools-for-stm32.13.3.rel1.win32_1.0.0.202411081344/tools/bin/../lib/gcc/arm-none-eabi/13.3.1/thumb/v7e-m+fp/hard/crtbegin.o
 *(.init)
 .init          0x08008744        0x4 C:/ST/STM32CubeIDE_1.19.0/STM32CubeIDE/plugins/com.st.stm32cube.ide.mcu.externaltools.gnu-tools-for-stm32.13.3.rel1.win32_1.0.0.202411081344/tools/bin/../lib/gcc/arm-none-eabi/13.3.1/thumb/v7e-m+fp/hard/crti.o
                0x08008744                _init
 .init          0x08008748        0x8 C:/ST/STM32CubeIDE_1.19.0/STM32CubeIDE/plugins/com.st.stm32cube.ide.mcu.externaltools.gnu-tools-for-stm32.13.3.rel1.win32_1.0.0.202411081344/tools/bin/../lib/gcc/arm-none-eabi/13.3.1/thumb/v7e-m+fp/hard/crtn.o
 *(.fini)
 .fini          0x08008750        0x4 C:/ST/STM32CubeIDE_1.19.0/STM32CubeIDE/plugins/com.st.stm32cube.ide.mcu.externaltools.gnu-tools-for-stm32.13.3.rel1.win32_1.0.0.202411081344/tools/bin/../lib/gcc/arm-none-eabi/13.3.1/thumb/v7e-m+fp/hard/crti.o
                0x08008750                _fini
 .fini          0x08008754        0x8 C:/ST/STM32CubeIDE_1.19.0/STM32CubeIDE/plugins/com.st.stm32cube.ide.mcu.externaltools.gnu-tools-for-stm32.13.3.rel1.win32_1.0.0.202411081344/tools/bin/../lib/gcc/arm-none-eabi/13.3.1/thumb/v7e-m+fp/hard/crtn.o
                0x0800875c                        . = ALIGN (0x4)
                0x0800875c                        _etext = .

.vfp11_veneer   0x0800875c        0x0
 .vfp11_veneer  0x0800875c        0x0 linker stubs

.v4_bx          0x0800875c        0x0
 .v4_bx         0x0800875c        0x0 linker stubs

.iplt           0x0800875c        0x0
 .iplt          0x0800875c        0x0 C:/ST/STM32CubeIDE_1.19.0/STM32CubeIDE/plugins/com.st.stm32cube.ide.mcu.externaltools.gnu-tools-for-stm32.13.3.rel1.win32_1.0.0.202411081344/tools/bin/../lib/gcc/arm-none-eabi/13.3.1/thumb/v7e-m+fp/hard/crtbegin.o

.rodata         0x08008760      0x6f0
                0x08008760                        . = ALIGN (0x4)
 *(.rodata)
 *(.rodata*)
 .rodata.AHBPrescTable
                0x08008760       0x10 ./src/bsp/system_stm32f4xx.o
                0x08008760                AHBPrescTable
 .rodata.buttonInit.str1.1
                0x08008770      0x449 ./src/hw/driver/button.o
                                  0x7 (size before relaxing)
 .rodata.cliButton.str1.1
                0x08008bb9       0x18 ./src/hw/driver/button.o
 .rodata.cliLineChange.constprop.0.str1.1
                0x08008bb9        0xc ./src/hw/driver/cli.o
 .rodata.cliShowLog.str1.1
                0x08008bb9       0x73 ./src/hw/driver/cli.o
 .rodata.cliShowList.str1.1
                0x08008bb9       0x43 ./src/hw/driver/cli.o
 .rodata.cliMemoryDump.str1.1
                0x08008bb9       0x3a ./src/hw/driver/cli.o
 .rodata.cliMain.str1.1
                0x08008bb9       0x2e ./src/hw/driver/cli.o
 .rodata.cliInit.str1.1
                0x08008bb9        0x8 ./src/hw/driver/cli.o
 .rodata.flashInit.str1.1
                0x08008bb9        0x6 ./src/hw/driver/flash.o
 .rodata.cliFlash.str1.1
                0x08008bb9       0xb0 ./src/hw/driver/flash.o
 *fill*         0x08008bb9        0x3 
 .rodata.flash_tbl
                0x08008bbc       0x40 ./src/hw/driver/flash.o
 .rodata.ledInit.str1.1
                0x08008bfc        0x4 ./src/hw/driver/led.o
 .rodata.cliLed.str1.1
                0x08008bfc       0x24 ./src/hw/driver/led.o
 .rodata.ymodemInit.str1.1
                0x08008bfc        0x7 ./src/hw/driver/ymodem.o
 .rodata.cliYmodem.part.0.str1.1
                0x08008bfc       0x6f ./src/hw/driver/ymodem.o
 .rodata.cliYmodem.str1.1
                0x08008bfc       0x12 ./src/hw/driver/ymodem.o
 .rodata.USBD_FS_ManufacturerStrDescriptor.str1.1
                0x08008bfc       0x13 ./src/hw/driver/usb/usb_cdc/usbd_desc.o
 .rodata.USBD_FS_ProductStrDescriptor.str1.1
                0x08008bfc       0x16 ./src/hw/driver/usb/usb_cdc/usbd_desc.o
 .rodata.USBD_FS_ConfigStrDescriptor.str1.1
                0x08008bfc        0xb ./src/hw/driver/usb/usb_cdc/usbd_desc.o
 .rodata.USBD_FS_InterfaceStrDescriptor.str1.1
                0x08008bfc        0xe ./src/hw/driver/usb/usb_cdc/usbd_desc.o
 .rodata._strtod_l.str1.1