02:29:18 **** Incremental Build of configuration Debug for project stm32f411_fw ****
make -j16 all 
arm-none-eabi-gcc "../src/lib/cube_f411/USB_DEVICE/Target/usbd_conf.c" -mcpu=cortex-m4 -std=gnu11 -g3 -DSTM32F411xE -c -I"C:/Users/young/Downloads/STM32F411/stm32f411_fw/src" -I"C:/Users/young/Downloads/STM32F411/stm32f411_fw/src/ap" -I"C:/Users/young/Downloads/STM32F411/stm32f411_fw/src/bsp" -I"C:/Users/young/Downloads/STM32F411/stm32f411_fw/src/common" -I"C:/Users/young/Downloads/STM32F411/stm32f411_fw/src/common/core" -I"C:/Users/young/Downloads/STM32F411/stm32f411_fw/src/common/hw/include" -I"C:/Users/young/Downloads/STM32F411/stm32f411_fw/src/hw" -I"C:/Users/young/Downloads/STM32F411/stm32f411_fw/src/lib/cube_f411/Drivers/CMSIS/Device/ST/STM32F4xx/Include" -I"C:/Users/young/Downloads/STM32F411/stm32f411_fw/src/lib/cube_f411/Drivers/CMSIS/Include" -I"C:/Users/young/Downloads/STM32F411/stm32f411_fw/src/lib/cube_f411/Drivers/STM32F4xx_HAL_Driver/Inc" -I"C:/Users/young/Downloads/STM32F411/stm32f411_fw/src/lib/cube_f411/Middlewares/ST/STM32_USB_Device_Library/Class/CDC/Inc" -I"C:/Users/young/Downloads/STM32F411/stm32f411_fw/src/lib/cube_f411/Middlewares/ST/STM32_USB_Device_Library/Core/Inc" -I"C:/Users/young/Downloads/STM32F411/stm32f411_fw/src/lib/cube_f411/USB_DEVICE/App" -I"C:/Users/young/Downloads/STM32F411/stm32f411_fw/src/lib/cube_f411/USB_DEVICE/Target" -O0 -ffunction-sections -fdata-sections -Wall -fstack-usage -fcyclomatic-complexity -MMD -MP -MF"src/lib/cube_f411/USB_DEVICE/Target/usbd_conf.d" -MT"src/lib/cube_f411/USB_DEVICE/Target/usbd_conf.o" --specs=nano.specs -mfpu=fpv4-sp-d16 -mfloat-abi=hard -mthumb -o "src/lib/cube_f411/USB_DEVICE/Target/usbd_conf.o"
arm-none-eabi-gcc "../src/lib/cube_f411/USB_DEVICE/App/usb_device.c" -mcpu=cortex-m4 -std=gnu11 -g3 -DSTM32F411xE -c -I"C:/Users/young/Downloads/STM32F411/stm32f411_fw/src" -I"C:/Users/young/Downloads/STM32F411/stm32f411_fw/src/ap" -I"C:/Users/young/Downloads/STM32F411/stm32f411_fw/src/bsp" -I"C:/Users/young/Downloads/STM32F411/stm32f411_fw/src/common" -I"C:/Users/young/Downloads/STM32F411/stm32f411_fw/src/common/core" -I"C:/Users/young/Downloads/STM32F411/stm32f411_fw/src/common/hw/include" -I"C:/Users/young/Downloads/STM32F411/stm32f411_fw/src/hw" -I"C:/Users/young/Downloads/STM32F411/stm32f411_fw/src/lib/cube_f411/Drivers/CMSIS/Device/ST/STM32F4xx/Include" -I"C:/Users/young/Downloads/STM32F411/stm32f411_fw/src/lib/cube_f411/Drivers/CMSIS/Include" -I"C:/Users/young/Downloads/STM32F411/stm32f411_fw/src/lib/cube_f411/Drivers/STM32F4xx_HAL_Driver/Inc" -I"C:/Users/young/Downloads/STM32F411/stm32f411_fw/src/lib/cube_f411/Middlewares/ST/STM32_USB_Device_Library/Class/CDC/Inc" -I"C:/Users/young/Downloads/STM32F411/stm32f411_fw/src/lib/cube_f411/Middlewares/ST/STM32_USB_Device_Library/Core/Inc" -I"C:/Users/young/Downloads/STM32F411/stm32f411_fw/src/lib/cube_f411/USB_DEVICE/App" -I"C:/Users/young/Downloads/STM32F411/stm32f411_fw/src/lib/cube_f411/USB_DEVICE/Target" -O0 -ffunction-sections -fdata-sections -Wall -fstack-usage -fcyclomatic-complexity -MMD -MP -MF"src/lib/cube_f411/USB_DEVICE/App/usb_device.d" -MT"src/lib/cube_f411/USB_DEVICE/App/usb_device.o" --specs=nano.specs -mfpu=fpv4-sp-d16 -mfloat-abi=hard -mthumb -o "src/lib/cube_f411/USB_DEVICE/App/usb_device.o"
arm-none-eabi-gcc "../src/lib/cube_f411/USB_DEVICE/App/usbd_cdc_if.c" -mcpu=cortex-m4 -std=gnu11 -g3 -DSTM32F411xE -c -I"C:/Users/young/Downloads/STM32F411/stm32f411_fw/src" -I"C:/Users/young/Downloads/STM32F411/stm32f411_fw/src/ap" -I"C:/Users/young/Downloads/STM32F411/stm32f411_fw/src/bsp" -I"C:/Users/young/Downloads/STM32F411/stm32f411_fw/src/common" -I"C:/Users/young/Downloads/STM32F411/stm32f411_fw/src/common/core" -I"C:/Users/young/Downloads/STM32F411/stm32f411_fw/src/common/hw/include" -I"C:/Users/young/Downloads/STM32F411/stm32f411_fw/src/hw" -I"C:/Users/young/Downloads/STM32F411/stm32f411_fw/src/lib/cube_f411/Drivers/CMSIS/Device/ST/STM32F4xx/Include" -I"C:/Users/young/Downloads/STM32F411/stm32f411_fw/src/lib/cube_f411/Drivers/CMSIS/Include" -I"C:/Users/young/Downloads/STM32F411/stm32f411_fw/src/lib/cube_f411/Drivers/STM32F4xx_HAL_Driver/Inc" -I"C:/Users/young/Downloads/STM32F411/stm32f411_fw/src/lib/cube_f411/Middlewares/ST/STM32_USB_Device_Library/Class/CDC/Inc" -I"C:/Users/young/Downloads/STM32F411/stm32f411_fw/src/lib/cube_f411/Middlewares/ST/STM32_USB_Device_Library/Core/Inc" -I"C:/Users/young/Downloads/STM32F411/stm32f411_fw/src/lib/cube_f411/USB_DEVICE/App" -I"C:/Users/young/Downloads/STM32F411/stm32f411_fw/src/lib/cube_f411/USB_DEVICE/Target" -O0 -ffunction-sections -fdata-sections -Wall -fstack-usage -fcyclomatic-complexity -MMD -MP -MF"src/lib/cube_f411/USB_DEVICE/App/usbd_cdc_if.d" -MT"src/lib/cube_f411/USB_DEVICE/App/usbd_cdc_if.o" --specs=nano.specs -mfpu=fpv4-sp-d16 -mfloat-abi=hard -mthumb -o "src/lib/cube_f411/USB_DEVICE/App/usbd_cdc_if.o"
arm-none-eabi-gcc "../src/lib/cube_f411/USB_DEVICE/App/usbd_desc.c" -mcpu=cortex-m4 -std=gnu11 -g3 -DSTM32F411xE -c -I"C:/Users/young/Downloads/STM32F411/stm32f411_fw/src" -I"C:/Users/young/Downloads/STM32F411/stm32f411_fw/src/ap" -I"C:/Users/young/Downloads/STM32F411/stm32f411_fw/src/bsp" -I"C:/Users/young/Downloads/STM32F411/stm32f411_fw/src/common" -I"C:/Users/young/Downloads/STM32F411/stm32f411_fw/src/common/core" -I"C:/Users/young/Downloads/STM32F411/stm32f411_fw/src/common/hw/include" -I"C:/Users/young/Downloads/STM32F411/stm32f411_fw/src/hw" -I"C:/Users/young/Downloads/STM32F411/stm32f411_fw/src/lib/cube_f411/Drivers/CMSIS/Device/ST/STM32F4xx/Include" -I"C:/Users/young/Downloads/STM32F411/stm32f411_fw/src/lib/cube_f411/Drivers/CMSIS/Include" -I"C:/Users/young/Downloads/STM32F411/stm32f411_fw/src/lib/cube_f411/Drivers/STM32F4xx_HAL_Driver/Inc" -I"C:/Users/young/Downloads/STM32F411/stm32f411_fw/src/lib/cube_f411/Middlewares/ST/STM32_USB_Device_Library/Class/CDC/Inc" -I"C:/Users/young/Downloads/STM32F411/stm32f411_fw/src/lib/cube_f411/Middlewares/ST/STM32_USB_Device_Library/Core/Inc" -I"C:/Users/young/Downloads/STM32F411/stm32f411_fw/src/lib/cube_f411/USB_DEVICE/App" -I"C:/Users/young/Downloads/STM32F411/stm32f411_fw/src/lib/cube_f411/USB_DEVICE/Target" -O0 -ffunction-sections -fdata-sections -Wall -fstack-usage -fcyclomatic-complexity -MMD -MP -MF"src/lib/cube_f411/USB_DEVICE/App/usbd_desc.d" -MT"src/lib/cube_f411/USB_DEVICE/App/usbd_desc.o" --specs=nano.specs -mfpu=fpv4-sp-d16 -mfloat-abi=hard -mthumb -o "src/lib/cube_f411/USB_DEVICE/App/usbd_desc.o"
arm-none-eabi-gcc "../src/lib/cube_f411/Middlewares/ST/STM32_USB_Device_Library/Core/Src/usbd_core.c" -mcpu=cortex-m4 -std=gnu11 -g3 -DSTM32F411xE -c -I"C:/Users/young/Downloads/STM32F411/stm32f411_fw/src" -I"C:/Users/young/Downloads/STM32F411/stm32f411_fw/src/ap" -I"C:/Users/young/Downloads/STM32F411/stm32f411_fw/src/bsp" -I"C:/Users/young/Downloads/STM32F411/stm32f411_fw/src/common" -I"C:/Users/young/Downloads/STM32F411/stm32f411_fw/src/common/core" -I"C:/Users/young/Downloads/STM32F411/stm32f411_fw/src/common/hw/include" -I"C:/Users/young/Downloads/STM32F411/stm32f411_fw/src/hw" -I"C:/Users/young/Downloads/STM32F411/stm32f411_fw/src/lib/cube_f411/Drivers/CMSIS/Device/ST/STM32F4xx/Include" -I"C:/Users/young/Downloads/STM32F411/stm32f411_fw/src/lib/cube_f411/Drivers/CMSIS/Include" -I"C:/Users/young/Downloads/STM32F411/stm32f411_fw/src/lib/cube_f411/Drivers/STM32F4xx_HAL_Driver/Inc" -I"C:/Users/young/Downloads/STM32F411/stm32f411_fw/src/lib/cube_f411/Middlewares/ST/STM32_USB_Device_Library/Class/CDC/Inc" -I"C:/Users/young/Downloads/STM32F411/stm32f411_fw/src/lib/cube_f411/Middlewares/ST/STM32_USB_Device_Library/Core/Inc" -I"C:/Users/young/Downloads/STM32F411/stm32f411_fw/src/lib/cube_f411/USB_DEVICE/App" -I"C:/Users/young/Downloads/STM32F411/stm32f411_fw/src/lib/cube_f411/USB_DEVICE/Target" -O0 -ffunction-sections -fdata-sections -Wall -fstack-usage -fcyclomatic-complexity -MMD -MP -MF"src/lib/cube_f411/Middlewares/ST/STM32_USB_Device_Library/Core/Src/usbd_core.d" -MT"src/lib/cube_f411/Middlewares/ST/STM32_USB_Device_Library/Core/Src/usbd_core.o" --specs=nano.specs -mfpu=fpv4-sp-d16 -mfloat-abi=hard -mthumb -o "src/lib/cube_f411/Middlewares/ST/STM32_USB_Device_Library/Core/Src/usbd_core.o"
arm-none-eabi-gcc "../src/lib/cube_f411/Middlewares/ST/STM32_USB_Device_Library/Core/Src/usbd_ctlreq.c" -mcpu=cortex-m4 -std=gnu11 -g3 -DSTM32F411xE -c -I"C:/Users/young/Downloads/STM32F411/stm32f411_fw/src" -I"C:/Users/young/Downloads/STM32F411/stm32f411_fw/src/ap" -I"C:/Users/young/Downloads/STM32F411/stm32f411_fw/src/bsp" -I"C:/Users/young/Downloads/STM32F411/stm32f411_fw/src/common" -I"C:/Users/young/Downloads/STM32F411/stm32f411_fw/src/common/core" -I"C:/Users/young/Downloads/STM32F411/stm32f411_fw/src/common/hw/include" -I"C:/Users/young/Downloads/STM32F411/stm32f411_fw/src/hw" -I"C:/Users/young/Downloads/STM32F411/stm32f411_fw/src/lib/cube_f411/Drivers/CMSIS/Device/ST/STM32F4xx/Include" -I"C:/Users/young/Downloads/STM32F411/stm32f411_fw/src/lib/cube_f411/Drivers/CMSIS/Include" -I"C:/Users/young/Downloads/STM32F411/stm32f411_fw/src/lib/cube_f411/Drivers/STM32F4xx_HAL_Driver/Inc" -I"C:/Users/young/Downloads/STM32F411/stm32f411_fw/src/lib/cube_f411/Middlewares/ST/STM32_USB_Device_Library/Class/CDC/Inc" -I"C:/Users/young/Downloads/STM32F411/stm32f411_fw/src/lib/cube_f411/Middlewares/ST/STM32_USB_Device_Library/Core/Inc" -I"C:/Users/young/Downloads/STM32F411/stm32f411_fw/src/lib/cube_f411/USB_DEVICE/App" -I"C:/Users/young/Downloads/STM32F411/stm32f411_fw/src/lib/cube_f411/USB_DEVICE/Target" -O0 -ffunction-sections -fdata-sections -Wall -fstack-usage -fcyclomatic-complexity -MMD -MP -MF"src/lib/cube_f411/Middlewares/ST/STM32_USB_Device_Library/Core/Src/usbd_ctlreq.d" -MT"src/lib/cube_f411/Middlewares/ST/STM32_USB_Device_Library/Core/Src/usbd_ctlreq.o" --specs=nano.specs -mfpu=fpv4-sp-d16 -mfloat-abi=hard -mthumb -o "src/lib/cube_f411/Middlewares/ST/STM32_USB_Device_Library/Core/Src/usbd_ctlreq.o"
arm-none-eabi-gcc "../src/lib/cube_f411/Middlewares/ST/STM32_USB_Device_Library/Core/Src/usbd_ioreq.c" -mcpu=cortex-m4 -std=gnu11 -g3 -DSTM32F411xE -c -I"C:/Users/young/Downloads/STM32F411/stm32f411_fw/src" -I"C:/Users/young/Downloads/STM32F411/stm32f411_fw/src/ap" -I"C:/Users/young/Downloads/STM32F411/stm32f411_fw/src/bsp" -I"C:/Users/young/Downloads/STM32F411/stm32f411_fw/src/common" -I"C:/Users/young/Downloads/STM32F411/stm32f411_fw/src/common/core" -I"C:/Users/young/Downloads/STM32F411/stm32f411_fw/src/common/hw/include" -I"C:/Users/young/Downloads/STM32F411/stm32f411_fw/src/hw" -I"C:/Users/young/Downloads/STM32F411/stm32f411_fw/src/lib/cube_f411/Drivers/CMSIS/Device/ST/STM32F4xx/Include" -I"C:/Users/young/Downloads/STM32F411/stm32f411_fw/src/lib/cube_f411/Drivers/CMSIS/Include" -I"C:/Users/young/Downloads/STM32F411/stm32f411_fw/src/lib/cube_f411/Drivers/STM32F4xx_HAL_Driver/Inc" -I"C:/Users/young/Downloads/STM32F411/stm32f411_fw/src/lib/cube_f411/Middlewares/ST/STM32_USB_Device_Library/Class/CDC/Inc" -I"C:/Users/young/Downloads/STM32F411/stm32f411_fw/src/lib/cube_f411/Middlewares/ST/STM32_USB_Device_Library/Core/Inc" -I"C:/Users/young/Downloads/STM32F411/stm32f411_fw/src/lib/cube_f411/USB_DEVICE/App" -I"C:/Users/young/Downloads/STM32F411/stm32f411_fw/src/lib/cube_f411/USB_DEVICE/Target" -O0 -ffunction-sections -fdata-sections -Wall -fstack-usage -fcyclomatic-complexity -MMD -MP -MF"src/lib/cube_f411/Middlewares/ST/STM32_USB_Device_Library/Core/Src/usbd_ioreq.d" -MT"src/lib/cube_f411/Middlewares/ST/STM32_USB_Device_Library/Core/Src/usbd_ioreq.o" --specs=nano.specs -mfpu=fpv4-sp-d16 -mfloat-abi=hard -mthumb -o "src/lib/cube_f411/Middlewares/ST/STM32_USB_Device_Library/Core/Src/usbd_ioreq.o"
arm-none-eabi-gcc "../src/lib/cube_f411/Middlewares/ST/STM32_USB_Device_Library/Class/CDC/Src/usbd_cdc.c" -mcpu=cortex-m4 -std=gnu11 -g3 -DSTM32F411xE -c -I"C:/Users/young/Downloads/STM32F411/stm32f411_fw/src" -I"C:/Users/young/Downloads/STM32F411/stm32f411_fw/src/ap" -I"C:/Users/young/Downloads/STM32F411/stm32f411_fw/src/bsp" -I"C:/Users/young/Downloads/STM32F411/stm32f411_fw/src/common" -I"C:/Users/young/Downloads/STM32F411/stm32f411_fw/src/common/core" -I"C:/Users/young/Downloads/STM32F411/stm32f411_fw/src/common/hw/include" -I"C:/Users/young/Downloads/STM32F411/stm32f411_fw/src/hw" -I"C:/Users/young/Downloads/STM32F411/stm32f411_fw/src/lib/cube_f411/Drivers/CMSIS/Device/ST/STM32F4xx/Include" -I"C:/Users/young/Downloads/STM32F411/stm32f411_fw/src/lib/cube_f411/Drivers/CMSIS/Include" -I"C:/Users/young/Downloads/STM32F411/stm32f411_fw/src/lib/cube_f411/Drivers/STM32F4xx_HAL_Driver/Inc" -I"C:/Users/young/Downloads/STM32F411/stm32f411_fw/src/lib/cube_f411/Middlewares/ST/STM32_USB_Device_Library/Class/CDC/Inc" -I"C:/Users/young/Downloads/STM32F411/stm32f411_fw/src/lib/cube_f411/Middlewares/ST/STM32_USB_Device_Library/Core/Inc" -I"C:/Users/young/Downloads/STM32F411/stm32f411_fw/src/lib/cube_f411/USB_DEVICE/App" -I"C:/Users/young/Downloads/STM32F411/stm32f411_fw/src/lib/cube_f411/USB_DEVICE/Target" -O0 -ffunction-sections -fdata-sections -Wall -fstack-usage -fcyclomatic-complexity -MMD -MP -MF"src/lib/cube_f411/Middlewares/ST/STM32_USB_Device_Library/Class/CDC/Src/usbd_cdc.d" -MT"src/lib/cube_f411/Middlewares/ST/STM32_USB_Device_Library/Class/CDC/Src/usbd_cdc.o" --specs=nano.specs -mfpu=fpv4-sp-d16 -mfloat-abi=hard -mthumb -o "src/lib/cube_f411/Middlewares/ST/STM32_USB_Device_Library/Class/CDC/Src/usbd_cdc.o"
arm-none-eabi-gcc "../src/hw/driver/button.c" -mcpu=cortex-m4 -std=gnu11 -g3 -DSTM32F411xE -c -I"C:/Users/young/Downloads/STM32F411/stm32f411_fw/src" -I"C:/Users/young/Downloads/STM32F411/stm32f411_fw/src/ap" -I"C:/Users/young/Downloads/STM32F411/stm32f411_fw/src/bsp" -I"C:/Users/young/Downloads/STM32F411/stm32f411_fw/src/common" -I"C:/Users/young/Downloads/STM32F411/stm32f411_fw/src/common/core" -I"C:/Users/young/Downloads/STM32F411/stm32f411_fw/src/common/hw/include" -I"C:/Users/young/Downloads/STM32F411/stm32f411_fw/src/hw" -I"C:/Users/young/Downloads/STM32F411/stm32f411_fw/src/lib/cube_f411/Drivers/CMSIS/Device/ST/STM32F4xx/Include" -I"C:/Users/young/Downloads/STM32F411/stm32f411_fw/src/lib/cube_f411/Drivers/CMSIS/Include" -I"C:/Users/young/Downloads/STM32F411/stm32f411_fw/src/lib/cube_f411/Drivers/STM32F4xx_HAL_Driver/Inc" -I"C:/Users/young/Downloads/STM32F411/stm32f411_fw/src/lib/cube_f411/Middlewares/ST/STM32_USB_Device_Library/Class/CDC/Inc" -I"C:/Users/young/Downloads/STM32F411/stm32f411_fw/src/lib/cube_f411/Middlewares/ST/STM32_USB_Device_Library/Core/Inc" -I"C:/Users/young/Downloads/STM32F411/stm32f411_fw/src/lib/cube_f411/USB_DEVICE/App" -I"C:/Users/young/Downloads/STM32F411/stm32f411_fw/src/lib/cube_f411/USB_DEVICE/Target" -O0 -ffunction-sections -fdata-sections -Wall -fstack-usage -fcyclomatic-complexity -MMD -MP -MF"src/hw/driver/button.d" -MT"src/hw/driver/button.o" --specs=nano.specs -mfpu=fpv4-sp-d16 -mfloat-abi=hard -mthumb -o "src/hw/driver/button.o"
arm-none-eabi-gcc "../src/hw/driver/cdc.c" -mcpu=cortex-m4 -std=gnu11 -g3 -DSTM32F411xE -c -I"C:/Users/young/Downloads/STM32F411/stm32f411_fw/src" -I"C:/Users/young/Downloads/STM32F411/stm32f411_fw/src/ap" -I"C:/Users/young/Downloads/STM32F411/stm32f411_fw/src/bsp" -I"C:/Users/young/Downloads/STM32F411/stm32f411_fw/src/common" -I"C:/Users/young/Downloads/STM32F411/stm32f411_fw/src/common/core" -I"C:/Users/young/Downloads/STM32F411/stm32f411_fw/src/common/hw/include" -I"C:/Users/young/Downloads/STM32F411/stm32f411_fw/src/hw" -I"C:/Users/young/Downloads/STM32F411/stm32f411_fw/src/lib/cube_f411/Drivers/CMSIS/Device/ST/STM32F4xx/Include" -I"C:/Users/young/Downloads/STM32F411/stm32f411_fw/src/lib/cube_f411/Drivers/CMSIS/Include" -I"C:/Users/young/Downloads/STM32F411/stm32f411_fw/src/lib/cube_f411/Drivers/STM32F4xx_HAL_Driver/Inc" -I"C:/Users/young/Downloads/STM32F411/stm32f411_fw/src/lib/cube_f411/Middlewares/ST/STM32_USB_Device_Library/Class/CDC/Inc" -I"C:/Users/young/Downloads/STM32F411/stm32f411_fw/src/lib/cube_f411/Middlewares/ST/STM32_USB_Device_Library/Core/Inc" -I"C:/Users/young/Downloads/STM32F411/stm32f411_fw/src/lib/cube_f411/USB_DEVICE/App" -I"C:/Users/young/Downloads/STM32F411/stm32f411_fw/src/lib/cube_f411/USB_DEVICE/Target" -O0 -ffunction-sections -fdata-sections -Wall -fstack-usage -fcyclomatic-complexity -MMD -MP -MF"src/hw/driver/cdc.d" -MT"src/hw/driver/cdc.o" --specs=nano.specs -mfpu=fpv4-sp-d16 -mfloat-abi=hard -mthumb -o "src/hw/driver/cdc.o"
arm-none-eabi-gcc "../src/hw/driver/cli.c" -mcpu=cortex-m4 -std=gnu11 -g3 -DSTM32F411xE -c -I"C:/Users/young/Downloads/STM32F411/stm32f411_fw/src" -I"C:/Users/young/Downloads/STM32F411/stm32f411_fw/src/ap" -I"C:/Users/young/Downloads/STM32F411/stm32f411_fw/src/bsp" -I"C:/Users/young/Downloads/STM32F411/stm32f411_fw/src/common" -I"C:/Users/young/Downloads/STM32F411/stm32f411_fw/src/common/core" -I"C:/Users/young/Downloads/STM32F411/stm32f411_fw/src/common/hw/include" -I"C:/Users/young/Downloads/STM32F411/stm32f411_fw/src/hw" -I"C:/Users/young/Downloads/STM32F411/stm32f411_fw/src/lib/cube_f411/Drivers/CMSIS/Device/ST/STM32F4xx/Include" -I"C:/Users/young/Downloads/STM32F411/stm32f411_fw/src/lib/cube_f411/Drivers/CMSIS/Include" -I"C:/Users/young/Downloads/STM32F411/stm32f411_fw/src/lib/cube_f411/Drivers/STM32F4xx_HAL_Driver/Inc" -I"C:/Users/young/Downloads/STM32F411/stm32f411_fw/src/lib/cube_f411/Middlewares/ST/STM32_USB_Device_Library/Class/CDC/Inc" -I"C:/Users/young/Downloads/STM32F411/stm32f411_fw/src/lib/cube_f411/Middlewares/ST/STM32_USB_Device_Library/Core/Inc" -I"C:/Users/young/Downloads/STM32F411/stm32f411_fw/src/lib/cube_f411/USB_DEVICE/App" -I"C:/Users/young/Downloads/STM32F411/stm32f411_fw/src/lib/cube_f411/USB_DEVICE/Target" -O0 -ffunction-sections -fdata-sections -Wall -fstack-usage -fcyclomatic-complexity -MMD -MP -MF"src/hw/driver/cli.d" -MT"src/hw/driver/cli.o" --specs=nano.specs -mfpu=fpv4-sp-d16 -mfloat-abi=hard -mthumb -o "src/hw/driver/cli.o"
arm-none-eabi-gcc "../src/hw/driver/flash.c" -mcpu=cortex-m4 -std=gnu11 -g3 -DSTM32F411xE -c -I"C:/Users/young/Downloads/STM32F411/stm32f411_fw/src" -I"C:/Users/young/Downloads/STM32F411/stm32f411_fw/src/ap" -I"C:/Users/young/Downloads/STM32F411/stm32f411_fw/src/bsp" -I"C:/Users/young/Downloads/STM32F411/stm32f411_fw/src/common" -I"C:/Users/young/Downloads/STM32F411/stm32f411_fw/src/common/core" -I"C:/Users/young/Downloads/STM32F411/stm32f411_fw/src/common/hw/include" -I"C:/Users/young/Downloads/STM32F411/stm32f411_fw/src/hw" -I"C:/Users/young/Downloads/STM32F411/stm32f411_fw/src/lib/cube_f411/Drivers/CMSIS/Device/ST/STM32F4xx/Include" -I"C:/Users/young/Downloads/STM32F411/stm32f411_fw/src/lib/cube_f411/Drivers/CMSIS/Include" -I"C:/Users/young/Downloads/STM32F411/stm32f411_fw/src/lib/cube_f411/Drivers/STM32F4xx_HAL_Driver/Inc" -I"C:/Users/young/Downloads/STM32F411/stm32f411_fw/src/lib/cube_f411/Middlewares/ST/STM32_USB_Device_Library/Class/CDC/Inc" -I"C:/Users/young/Downloads/STM32F411/stm32f411_fw/src/lib/cube_f411/Middlewares/ST/STM32_USB_Device_Library/Core/Inc" -I"C:/Users/young/Downloads/STM32F411/stm32f411_fw/src/lib/cube_f411/USB_DEVICE/App" -I"C:/Users/young/Downloads/STM32F411/stm32f411_fw/src/lib/cube_f411/USB_DEVICE/Target" -O0 -ffunction-sections -fdata-sections -Wall -fstack-usage -fcyclomatic-complexity -MMD -MP -MF"src/hw/driver/flash.d" -MT"src/hw/driver/flash.o" --specs=nano.specs -mfpu=fpv4-sp-d16 -mfloat-abi=hard -mthumb -o "src/hw/driver/flash.o"
arm-none-eabi-gcc "../src/hw/driver/gpio.c" -mcpu=cortex-m4 -std=gnu11 -g3 -DSTM32F411xE -c -I"C:/Users/young/Downloads/STM32F411/stm32f411_fw/src" -I"C:/Users/young/Downloads/STM32F411/stm32f411_fw/src/ap" -I"C:/Users/young/Downloads/STM32F411/stm32f411_fw/src/bsp" -I"C:/Users/young/Downloads/STM32F411/stm32f411_fw/src/common" -I"C:/Users/young/Downloads/STM32F411/stm32f411_fw/src/common/core" -I"C:/Users/young/Downloads/STM32F411/stm32f411_fw/src/common/hw/include" -I"C:/Users/young/Downloads/STM32F411/stm32f411_fw/src/hw" -I"C:/Users/young/Downloads/STM32F411/stm32f411_fw/src/lib/cube_f411/Drivers/CMSIS/Device/ST/STM32F4xx/Include" -I"C:/Users/young/Downloads/STM32F411/stm32f411_fw/src/lib/cube_f411/Drivers/CMSIS/Include" -I"C:/Users/young/Downloads/STM32F411/stm32f411_fw/src/lib/cube_f411/Drivers/STM32F4xx_HAL_Driver/Inc" -I"C:/Users/young/Downloads/STM32F411/stm32f411_fw/src/lib/cube_f411/Middlewares/ST/STM32_USB_Device_Library/Class/CDC/Inc" -I"C:/Users/young/Downloads/STM32F411/stm32f411_fw/src/lib/cube_f411/Middlewares/ST/STM32_USB_Device_Library/Core/Inc" -I"C:/Users/young/Downloads/STM32F411/stm32f411_fw/src/lib/cube_f411/USB_DEVICE/App" -I"C:/Users/young/Downloads/STM32F411/stm32f411_fw/src/lib/cube_f411/USB_DEVICE/Target" -O0 -ffunction-sections -fdata-sections -Wall -fstack-usage -fcyclomatic-complexity -MMD -MP -MF"src/hw/driver/gpio.d" -MT"src/hw/driver/gpio.o" --specs=nano.specs -mfpu=fpv4-sp-d16 -mfloat-abi=hard -mthumb -o "src/hw/driver/gpio.o"
arm-none-eabi-gcc "../src/hw/driver/led.c" -mcpu=cortex-m4 -std=gnu11 -g3 -DSTM32F411xE -c -I"C:/Users/young/Downloads/STM32F411/stm32f411_fw/src" -I"C:/Users/young/Downloads/STM32F411/stm32f411_fw/src/ap" -I"C:/Users/young/Downloads/STM32F411/stm32f411_fw/src/bsp" -I"C:/Users/young/Downloads/STM32F411/stm32f411_fw/src/common" -I"C:/Users/young/Downloads/STM32F411/stm32f411_fw/src/common/core" -I"C:/Users/young/Downloads/STM32F411/stm32f411_fw/src/common/hw/include" -I"C:/Users/young/Downloads/STM32F411/stm32f411_fw/src/hw" -I"C:/Users/young/Downloads/STM32F411/stm32f411_fw/src/lib/cube_f411/Drivers/CMSIS/Device/ST/STM32F4xx/Include" -I"C:/Users/young/Downloads/STM32F411/stm32f411_fw/src/lib/cube_f411/Drivers/CMSIS/Include" -I"C:/Users/young/Downloads/STM32F411/stm32f411_fw/src/lib/cube_f411/Drivers/STM32F4xx_HAL_Driver/Inc" -I"C:/Users/young/Downloads/STM32F411/stm32f411_fw/src/lib/cube_f411/Middlewares/ST/STM32_USB_Device_Library/Class/CDC/Inc" -I"C:/Users/young/Downloads/STM32F411/stm32f411_fw/src/lib/cube_f411/Middlewares/ST/STM32_USB_Device_Library/Core/Inc" -I"C:/Users/young/Downloads/STM32F411/stm32f411_fw/src/lib/cube_f411/USB_DEVICE/App" -I"C:/Users/young/Downloads/STM32F411/stm32f411_fw/src/lib/cube_f411/USB_DEVICE/Target" -O0 -ffunction-sections -fdata-sections -Wall -fstack-usage -fcyclomatic-complexity -MMD -MP -MF"src/hw/driver/led.d" -MT"src/hw/driver/led.o" --specs=nano.specs -mfpu=fpv4-sp-d16 -mfloat-abi=hard -mthumb -o "src/hw/driver/led.o"
arm-none-eabi-gcc "../src/hw/driver/reset.c" -mcpu=cortex-m4 -std=gnu11 -g3 -DSTM32F411xE -c -I"C:/Users/young/Downloads/STM32F411/stm32f411_fw/src" -I"C:/Users/young/Downloads/STM32F411/stm32f411_fw/src/ap" -I"C:/Users/young/Downloads/STM32F411/stm32f411_fw/src/bsp" -I"C:/Users/young/Downloads/STM32F411/stm32f411_fw/src/common" -I"C:/Users/young/Downloads/STM32F411/stm32f411_fw/src/common/core" -I"C:/Users/young/Downloads/STM32F411/stm32f411_fw/src/common/hw/include" -I"C:/Users/young/Downloads/STM32F411/stm32f411_fw/src/hw" -I"C:/Users/young/Downloads/STM32F411/stm32f411_fw/src/lib/cube_f411/Drivers/CMSIS/Device/ST/STM32F4xx/Include" -I"C:/Users/young/Downloads/STM32F411/stm32f411_fw/src/lib/cube_f411/Drivers/CMSIS/Include" -I"C:/Users/young/Downloads/STM32F411/stm32f411_fw/src/lib/cube_f411/Drivers/STM32F4xx_HAL_Driver/Inc" -I"C:/Users/young/Downloads/STM32F411/stm32f411_fw/src/lib/cube_f411/Middlewares/ST/STM32_USB_Device_Library/Class/CDC/Inc" -I"C:/Users/young/Downloads/STM32F411/stm32f411_fw/src/lib/cube_f411/Middlewares/ST/STM32_USB_Device_Library/Core/Inc" -I"C:/Users/young/Downloads/STM32F411/stm32f411_fw/src/lib/cube_f411/USB_DEVICE/App" -I"C:/Users/young/Downloads/STM32F411/stm32f411_fw/src/lib/cube_f411/USB_DEVICE/Target" -O0 -ffunction-sections -fdata-sections -Wall -fstack-usage -fcyclomatic-complexity -MMD -MP -MF"src/hw/driver/reset.d" -MT"src/hw/driver/reset.o" --specs=nano.specs -mfpu=fpv4-sp-d16 -mfloat-abi=hard -mthumb -o "src/hw/driver/reset.o"
arm-none-eabi-gcc "../src/hw/driver/rtc.c" -mcpu=cortex-m4 -std=gnu11 -g3 -DSTM32F411xE -c -I"C:/Users/young/Downloads/STM32F411/stm32f411_fw/src" -I"C:/Users/young/Downloads/STM32F411/stm32f411_fw/src/ap" -I"C:/Users/young/Downloads/STM32F411/stm32f411_fw/src/bsp" -I"C:/Users/young/Downloads/STM32F411/stm32f411_fw/src/common" -I"C:/Users/young/Downloads/STM32F411/stm32f411_fw/src/common/core" -I"C:/Users/young/Downloads/STM32F411/stm32f411_fw/src/common/hw/include" -I"C:/Users/young/Downloads/STM32F411/stm32f411_fw/src/hw" -I"C:/Users/young/Downloads/STM32F411/stm32f411_fw/src/lib/cube_f411/Drivers/CMSIS/Device/ST/STM32F4xx/Include" -I"C:/Users/young/Downloads/STM32F411/stm32f411_fw/src/lib/cube_f411/Drivers/CMSIS/Include" -I"C:/Users/young/Downloads/STM32F411/stm32f411_fw/src/lib/cube_f411/Drivers/STM32F4xx_HAL_Driver/Inc" -I"C:/Users/young/Downloads/STM32F411/stm32f411_fw/src/lib/cube_f411/Middlewares/ST/STM32_USB_Device_Library/Class/CDC/Inc" -I"C:/Users/young/Downloads/STM32F411/stm32f411_fw/src/lib/cube_f411/Middlewares/ST/STM32_USB_Device_Library/Core/Inc" -I"C:/Users/young/Downloads/STM32F411/stm32f411_fw/src/lib/cube_f411/USB_DEVICE/App" -I"C:/Users/young/Downloads/STM32F411/stm32f411_fw/src/lib/cube_f411/USB_DEVICE/Target" -O0 -ffunction-sections -fdata-sections -Wall -fstack-usage -fcyclomatic-complexity -MMD -MP -MF"src/hw/driver/rtc.d" -MT"src/hw/driver/rtc.o" --specs=nano.specs -mfpu=fpv4-sp-d16 -mfloat-abi=hard -mthumb -o "src/hw/driver/rtc.o"
arm-none-eabi-gcc "../src/hw/driver/sd.c" -mcpu=cortex-m4 -std=gnu11 -g3 -DSTM32F411xE -c -I"C:/Users/young/Downloads/STM32F411/stm32f411_fw/src" -I"C:/Users/young/Downloads/STM32F411/stm32f411_fw/src/ap" -I"C:/Users/young/Downloads/STM32F411/stm32f411_fw/src/bsp" -I"C:/Users/young/Downloads/STM32F411/stm32f411_fw/src/common" -I"C:/Users/young/Downloads/STM32F411/stm32f411_fw/src/common/core" -I"C:/Users/young/Downloads/STM32F411/stm32f411_fw/src/common/hw/include" -I"C:/Users/young/Downloads/STM32F411/stm32f411_fw/src/hw" -I"C:/Users/young/Downloads/STM32F411/stm32f411_fw/src/lib/cube_f411/Drivers/CMSIS/Device/ST/STM32F4xx/Include" -I"C:/Users/young/Downloads/STM32F411/stm32f411_fw/src/lib/cube_f411/Drivers/CMSIS/Include" -I"C:/Users/young/Downloads/STM32F411/stm32f411_fw/src/lib/cube_f411/Drivers/STM32F4xx_HAL_Driver/Inc" -I"C:/Users/young/Downloads/STM32F411/stm32f411_fw/src/lib/cube_f411/Middlewares/ST/STM32_USB_Device_Library/Class/CDC/Inc" -I"C:/Users/young/Downloads/STM32F411/stm32f411_fw/src/lib/cube_f411/Middlewares/ST/STM32_USB_Device_Library/Core/Inc" -I"C:/Users/young/Downloads/STM32F411/stm32f411_fw/src/lib/cube_f411/USB_DEVICE/App" -I"C:/Users/young/Downloads/STM32F411/stm32f411_fw/src/lib/cube_f411/USB_DEVICE/Target" -O0 -ffunction-sections -fdata-sections -Wall -fstack-usage -fcyclomatic-complexity -MMD -MP -MF"src/hw/driver/sd.d" -MT"src/hw/driver/sd.o" --specs=nano.specs -mfpu=fpv4-sp-d16 -mfloat-abi=hard -mthumb -o "src/hw/driver/sd.o"
arm-none-eabi-gcc "../src/hw/driver/uart.c" -mcpu=cortex-m4 -std=gnu11 -g3 -DSTM32F411xE -c -I"C:/Users/young/Downloads/STM32F411/stm32f411_fw/src" -I"C:/Users/young/Downloads/STM32F411/stm32f411_fw/src/ap" -I"C:/Users/young/Downloads/STM32F411/stm32f411_fw/src/bsp" -I"C:/Users/young/Downloads/STM32F411/stm32f411_fw/src/common" -I"C:/Users/young/Downloads/STM32F411/stm32f411_fw/src/common/core" -I"C:/Users/young/Downloads/STM32F411/stm32f411_fw/src/common/hw/include" -I"C:/Users/young/Downloads/STM32F411/stm32f411_fw/src/hw" -I"C:/Users/young/Downloads/STM32F411/stm32f411_fw/src/lib/cube_f411/Drivers/CMSIS/Device/ST/STM32F4xx/Include" -I"C:/Users/young/Downloads/STM32F411/stm32f411_fw/src/lib/cube_f411/Drivers/CMSIS/Include" -I"C:/Users/young/Downloads/STM32F411/stm32f411_fw/src/lib/cube_f411/Drivers/STM32F4xx_HAL_Driver/Inc" -I"C:/Users/young/Downloads/STM32F411/stm32f411_fw/src/lib/cube_f411/Middlewares/ST/STM32_USB_Device_Library/Class/CDC/Inc" -I"C:/Users/young/Downloads/STM32F411/stm32f411_fw/src/lib/cube_f411/Middlewares/ST/STM32_USB_Device_Library/Core/Inc" -I"C:/Users/young/Downloads/STM32F411/stm32f411_fw/src/lib/cube_f411/USB_DEVICE/App" -I"C:/Users/young/Downloads/STM32F411/stm32f411_fw/src/lib/cube_f411/USB_DEVICE/Target" -O0 -ffunction-sections -fdata-sections -Wall -fstack-usage -fcyclomatic-complexity -MMD -MP -MF"src/hw/driver/uart.d" -MT"src/hw/driver/uart.o" --specs=nano.specs -mfpu=fpv4-sp-d16 -mfloat-abi=hard -mthumb -o "src/hw/driver/uart.o"
arm-none-eabi-gcc "../src/hw/driver/usb.c" -mcpu=cortex-m4 -std=gnu11 -g3 -DSTM32F411xE -c -I"C:/Users/young/Downloads/STM32F411/stm32f411_fw/src" -I"C:/Users/young/Downloads/STM32F411/stm32f411_fw/src/ap" -I"C:/Users/young/Downloads/STM32F411/stm32f411_fw/src/bsp" -I"C:/Users/young/Downloads/STM32F411/stm32f411_fw/src/common" -I"C:/Users/young/Downloads/STM32F411/stm32f411_fw/src/common/core" -I"C:/Users/young/Downloads/STM32F411/stm32f411_fw/src/common/hw/include" -I"C:/Users/young/Downloads/STM32F411/stm32f411_fw/src/hw" -I"C:/Users/young/Downloads/STM32F411/stm32f411_fw/src/lib/cube_f411/Drivers/CMSIS/Device/ST/STM32F4xx/Include" -I"C:/Users/young/Downloads/STM32F411/stm32f411_fw/src/lib/cube_f411/Drivers/CMSIS/Include" -I"C:/Users/young/Downloads/STM32F411/stm32f411_fw/src/lib/cube_f411/Drivers/STM32F4xx_HAL_Driver/Inc" -I"C:/Users/young/Downloads/STM32F411/stm32f411_fw/src/lib/cube_f411/Middlewares/ST/STM32_USB_Device_Library/Class/CDC/Inc" -I"C:/Users/young/Downloads/STM32F411/stm32f411_fw/src/lib/cube_f411/Middlewares/ST/STM32_USB_Device_Library/Core/Inc" -I"C:/Users/young/Downloads/STM32F411/stm32f411_fw/src/lib/cube_f411/USB_DEVICE/App" -I"C:/Users/young/Downloads/STM32F411/stm32f411_fw/src/lib/cube_f411/USB_DEVICE/Target" -O0 -ffunction-sections -fdata-sections -Wall -fstack-usage -fcyclomatic-complexity -MMD -MP -MF"src/hw/driver/usb.d" -MT"src/hw/driver/usb.o" --specs=nano.specs -mfpu=fpv4-sp-d16 -mfloat-abi=hard -mthumb -o "src/hw/driver/usb.o"
arm-none-eabi-gcc "../src/hw/hw.c" -mcpu=cortex-m4 -std=gnu11 -g3 -DSTM32F411xE -c -I"C:/Users/young/Downloads/STM32F411/stm32f411_fw/src" -I"C:/Users/young/Downloads/STM32F411/stm32f411_fw/src/ap" -I"C:/Users/young/Downloads/STM32F411/stm32f411_fw/src/bsp" -I"C:/Users/young/Downloads/STM32F411/stm32f411_fw/src/common" -I"C:/Users/young/Downloads/STM32F411/stm32f411_fw/src/common/core" -I"C:/Users/young/Downloads/STM32F411/stm32f411_fw/src/common/hw/include" -I"C:/Users/young/Downloads/STM32F411/stm32f411_fw/src/hw" -I"C:/Users/young/Downloads/STM32F411/stm32f411_fw/src/lib/cube_f411/Drivers/CMSIS/Device/ST/STM32F4xx/Include" -I"C:/Users/young/Downloads/STM32F411/stm32f411_fw/src/lib/cube_f411/Drivers/CMSIS/Include" -I"C:/Users/young/Downloads/STM32F411/stm32f411_fw/src/lib/cube_f411/Drivers/STM32F4xx_HAL_Driver/Inc" -I"C:/Users/young/Downloads/STM32F411/stm32f411_fw/src/lib/cube_f411/Middlewares/ST/STM32_USB_Device_Library/Class/CDC/Inc" -I"C:/Users/young/Downloads/STM32F411/stm32f411_fw/src/lib/cube_f411/Middlewares/ST/STM32_USB_Device_Library/Core/Inc" -I"C:/Users/young/Downloads/STM32F411/stm32f411_fw/src/lib/cube_f411/USB_DEVICE/App" -I"C:/Users/young/Downloads/STM32F411/stm32f411_fw/src/lib/cube_f411/USB_DEVICE/Target" -O0 -ffunction-sections -fdata-sections -Wall -fstack-usage -fcyclomatic-complexity -MMD -MP -MF"src/hw/hw.d" -MT"src/hw/hw.o" --specs=nano.specs -mfpu=fpv4-sp-d16 -mfloat-abi=hard -mthumb -o "src/hw/hw.o"
arm-none-eabi-gcc "../src/common/core/qbuffer.c" -mcpu=cortex-m4 -std=gnu11 -g3 -DSTM32F411xE -c -I"C:/Users/young/Downloads/STM32F411/stm32f411_fw/src" -I"C:/Users/young/Downloads/STM32F411/stm32f411_fw/src/ap" -I"C:/Users/young/Downloads/STM32F411/stm32f411_fw/src/bsp" -I"C:/Users/young/Downloads/STM32F411/stm32f411_fw/src/common" -I"C:/Users/young/Downloads/STM32F411/stm32f411_fw/src/common/core" -I"C:/Users/young/Downloads/STM32F411/stm32f411_fw/src/common/hw/include" -I"C:/Users/young/Downloads/STM32F411/stm32f411_fw/src/hw" -I"C:/Users/young/Downloads/STM32F411/stm32f411_fw/src/lib/cube_f411/Drivers/CMSIS/Device/ST/STM32F4xx/Include" -I"C:/Users/young/Downloads/STM32F411/stm32f411_fw/src/lib/cube_f411/Drivers/CMSIS/Include" -I"C:/Users/young/Downloads/STM32F411/stm32f411_fw/src/lib/cube_f411/Drivers/STM32F4xx_HAL_Driver/Inc" -I"C:/Users/young/Downloads/STM32F411/stm32f411_fw/src/lib/cube_f411/Middlewares/ST/STM32_USB_Device_Library/Class/CDC/Inc" -I"C:/Users/young/Downloads/STM32F411/stm32f411_fw/src/lib/cube_f411/Middlewares/ST/STM32_USB_Device_Library/Core/Inc" -I"C:/Users/young/Downloads/STM32F411/stm32f411_fw/src/lib/cube_f411/USB_DEVICE/App" -I"C:/Users/young/Downloads/STM32F411/stm32f411_fw/src/lib/cube_f411/USB_DEVICE/Target" -O0 -ffunction-sections -fdata-sections -Wall -fstack-usage -fcyclomatic-complexity -MMD -MP -MF"src/common/core/qbuffer.d" -MT"src/common/core/qbuffer.o" --specs=nano.specs -mfpu=fpv4-sp-d16 -mfloat-abi=hard -mthumb -o "src/common/core/qbuffer.o"
arm-none-eabi-gcc "../src/bsp/bsp.c" -mcpu=cortex-m4 -std=gnu11 -g3 -DSTM32F411xE -c -I"C:/Users/young/Downloads/STM32F411/stm32f411_fw/src" -I"C:/Users/young/Downloads/STM32F411/stm32f411_fw/src/ap" -I"C:/Users/young/Downloads/STM32F411/stm32f411_fw/src/bsp" -I"C:/Users/young/Downloads/STM32F411/stm32f411_fw/src/common" -I"C:/Users/young/Downloads/STM32F411/stm32f411_fw/src/common/core" -I"C:/Users/young/Downloads/STM32F411/stm32f411_fw/src/common/hw/include" -I"C:/Users/young/Downloads/STM32F411/stm32f411_fw/src/hw" -I"C:/Users/young/Downloads/STM32F411/stm32f411_fw/src/lib/cube_f411/Drivers/CMSIS/Device/ST/STM32F4xx/Include" -I"C:/Users/young/Downloads/STM32F411/stm32f411_fw/src/lib/cube_f411/Drivers/CMSIS/Include" -I"C:/Users/young/Downloads/STM32F411/stm32f411_fw/src/lib/cube_f411/Drivers/STM32F4xx_HAL_Driver/Inc" -I"C:/Users/young/Downloads/STM32F411/stm32f411_fw/src/lib/cube_f411/Middlewares/ST/STM32_USB_Device_Library/Class/CDC/Inc" -I"C:/Users/young/Downloads/STM32F411/stm32f411_fw/src/lib/cube_f411/Middlewares/ST/STM32_USB_Device_Library/Core/Inc" -I"C:/Users/young/Downloads/STM32F411/stm32f411_fw/src/lib/cube_f411/USB_DEVICE/App" -I"C:/Users/young/Downloads/STM32F411/stm32f411_fw/src/lib/cube_f411/USB_DEVICE/Target" -O0 -ffunction-sections -fdata-sections -Wall -fstack-usage -fcyclomatic-complexity -MMD -MP -MF"src/bsp/bsp.d" -MT"src/bsp/bsp.o" --specs=nano.specs -mfpu=fpv4-sp-d16 -mfloat-abi=hard -mthumb -o "src/bsp/bsp.o"
arm-none-eabi-gcc "../src/bsp/stm32f4xx_hal_msp.c" -mcpu=cortex-m4 -std=gnu11 -g3 -DSTM32F411xE -c -I"C:/Users/young/Downloads/STM32F411/stm32f411_fw/src" -I"C:/Users/young/Downloads/STM32F411/stm32f411_fw/src/ap" -I"C:/Users/young/Downloads/STM32F411/stm32f411_fw/src/bsp" -I"C:/Users/young/Downloads/STM32F411/stm32f411_fw/src/common" -I"C:/Users/young/Downloads/STM32F411/stm32f411_fw/src/common/core" -I"C:/Users/young/Downloads/STM32F411/stm32f411_fw/src/common/hw/include" -I"C:/Users/young/Downloads/STM32F411/stm32f411_fw/src/hw" -I"C:/Users/young/Downloads/STM32F411/stm32f411_fw/src/lib/cube_f411/Drivers/CMSIS/Device/ST/STM32F4xx/Include" -I"C:/Users/young/Downloads/STM32F411/stm32f411_fw/src/lib/cube_f411/Drivers/CMSIS/Include" -I"C:/Users/young/Downloads/STM32F411/stm32f411_fw/src/lib/cube_f411/Drivers/STM32F4xx_HAL_Driver/Inc" -I"C:/Users/young/Downloads/STM32F411/stm32f411_fw/src/lib/cube_f411/Middlewares/ST/STM32_USB_Device_Library/Class/CDC/Inc" -I"C:/Users/young/Downloads/STM32F411/stm32f411_fw/src/lib/cube_f411/Middlewares/ST/STM32_USB_Device_Library/Core/Inc" -I"C:/Users/young/Downloads/STM32F411/stm32f411_fw/src/lib/cube_f411/USB_DEVICE/App" -I"C:/Users/young/Downloads/STM32F411/stm32f411_fw/src/lib/cube_f411/USB_DEVICE/Target" -O0 -ffunction-sections -fdata-sections -Wall -fstack-usage -fcyclomatic-complexity -MMD -MP -MF"src/bsp/stm32f4xx_hal_msp.d" -MT"src/bsp/stm32f4xx_hal_msp.o" --specs=nano.specs -mfpu=fpv4-sp-d16 -mfloat-abi=hard -mthumb -o "src/bsp/stm32f4xx_hal_msp.o"
arm-none-eabi-gcc "../src/bsp/stm32f4xx_it.c" -mcpu=cortex-m4 -std=gnu11 -g3 -DSTM32F411xE -c -I"C:/Users/young/Downloads/STM32F411/stm32f411_fw/src" -I"C:/Users/young/Downloads/STM32F411/stm32f411_fw/src/ap" -I"C:/Users/young/Downloads/STM32F411/stm32f411_fw/src/bsp" -I"C:/Users/young/Downloads/STM32F411/stm32f411_fw/src/common" -I"C:/Users/young/Downloads/STM32F411/stm32f411_fw/src/common/core" -I"C:/Users/young/Downloads/STM32F411/stm32f411_fw/src/common/hw/include" -I"C:/Users/young/Downloads/STM32F411/stm32f411_fw/src/hw" -I"C:/Users/young/Downloads/STM32F411/stm32f411_fw/src/lib/cube_f411/Drivers/CMSIS/Device/ST/STM32F4xx/Include" -I"C:/Users/young/Downloads/STM32F411/stm32f411_fw/src/lib/cube_f411/Drivers/CMSIS/Include" -I"C:/Users/young/Downloads/STM32F411/stm32f411_fw/src/lib/cube_f411/Drivers/STM32F4xx_HAL_Driver/Inc" -I"C:/Users/young/Downloads/STM32F411/stm32f411_fw/src/lib/cube_f411/Middlewares/ST/STM32_USB_Device_Library/Class/CDC/Inc" -I"C:/Users/young/Downloads/STM32F411/stm32f411_fw/src/lib/cube_f411/Middlewares/ST/STM32_USB_Device_Library/Core/Inc" -I"C:/Users/young/Downloads/STM32F411/stm32f411_fw/src/lib/cube_f411/USB_DEVICE/App" -I"C:/Users/young/Downloads/STM32F411/stm32f411_fw/src/lib/cube_f411/USB_DEVICE/Target" -O0 -ffunction-sections -fdata-sections -Wall -fstack-usage -fcyclomatic-complexity -MMD -MP -MF"src/bsp/stm32f4xx_it.d" -MT"src/bsp/stm32f4xx_it.o" --specs=nano.specs -mfpu=fpv4-sp-d16 -mfloat-abi=hard -mthumb -o "src/bsp/stm32f4xx_it.o"
arm-none-eabi-gcc "../src/ap/ap.c" -mcpu=cortex-m4 -std=gnu11 -g3 -DSTM32F411xE -c -I"C:/Users/young/Downloads/STM32F411/stm32f411_fw/src" -I"C:/Users/young/Downloads/STM32F411/stm32f411_fw/src/ap" -I"C:/Users/young/Downloads/STM32F411/stm32f411_fw/src/bsp" -I"C:/Users/young/Downloads/STM32F411/stm32f411_fw/src/common" -I"C:/Users/young/Downloads/STM32F411/stm32f411_fw/src/common/core" -I"C:/Users/young/Downloads/STM32F411/stm32f411_fw/src/common/hw/include" -I"C:/Users/young/Downloads/STM32F411/stm32f411_fw/src/hw" -I"C:/Users/young/Downloads/STM32F411/stm32f411_fw/src/lib/cube_f411/Drivers/CMSIS/Device/ST/STM32F4xx/Include" -I"C:/Users/young/Downloads/STM32F411/stm32f411_fw/src/lib/cube_f411/Drivers/CMSIS/Include" -I"C:/Users/young/Downloads/STM32F411/stm32f411_fw/src/lib/cube_f411/Drivers/STM32F4xx_HAL_Driver/Inc" -I"C:/Users/young/Downloads/STM32F411/stm32f411_fw/src/lib/cube_f411/Middlewares/ST/STM32_USB_Device_Library/Class/CDC/Inc" -I"C:/Users/young/Downloads/STM32F411/stm32f411_fw/src/lib/cube_f411/Middlewares/ST/STM32_USB_Device_Library/Core/Inc" -I"C:/Users/young/Downloads/STM32F411/stm32f411_fw/src/lib/cube_f411/USB_DEVICE/App" -I"C:/Users/young/Downloads/STM32F411/stm32f411_fw/src/lib/cube_f411/USB_DEVICE/Target" -O0 -ffunction-sections -fdata-sections -Wall -fstack-usage -fcyclomatic-complexity -MMD -MP -MF"src/ap/ap.d" -MT"src/ap/ap.o" --specs=nano.specs -mfpu=fpv4-sp-d16 -mfloat-abi=hard -mthumb -o "src/ap/ap.o"
arm-none-eabi-gcc "../src/main.c" -mcpu=cortex-m4 -std=gnu11 -g3 -DSTM32F411xE -c -I"C:/Users/young/Downloads/STM32F411/stm32f411_fw/src" -I"C:/Users/young/Downloads/STM32F411/stm32f411_fw/src/ap" -I"C:/Users/young/Downloads/STM32F411/stm32f411_fw/src/bsp" -I"C:/Users/young/Downloads/STM32F411/stm32f411_fw/src/common" -I"C:/Users/young/Downloads/STM32F411/stm32f411_fw/src/common/core" -I"C:/Users/young/Downloads/STM32F411/stm32f411_fw/src/common/hw/include" -I"C:/Users/young/Downloads/STM32F411/stm32f411_fw/src/hw" -I"C:/Users/young/Downloads/STM32F411/stm32f411_fw/src/lib/cube_f411/Drivers/CMSIS/Device/ST/STM32F4xx/Include" -I"C:/Users/young/Downloads/STM32F411/stm32f411_fw/src/lib/cube_f411/Drivers/CMSIS/Include" -I"C:/Users/young/Downloads/STM32F411/stm32f411_fw/src/lib/cube_f411/Drivers/STM32F4xx_HAL_Driver/Inc" -I"C:/Users/young/Downloads/STM32F411/stm32f411_fw/src/lib/cube_f411/Middlewares/ST/STM32_USB_Device_Library/Class/CDC/Inc" -I"C:/Users/young/Downloads/STM32F411/stm32f411_fw/src/lib/cube_f411/Middlewares/ST/STM32_USB_Device_Library/Core/Inc" -I"C:/Users/young/Downloads/STM32F411/stm32f411_fw/src/lib/cube_f411/USB_DEVICE/App" -I"C:/Users/young/Downloads/STM32F411/stm32f411_fw/src/lib/cube_f411/USB_DEVICE/Target" -O0 -ffunction-sections -fdata-sections -Wall -fstack-usage -fcyclomatic-complexity -MMD -MP -MF"src/main.d" -MT"src/main.o" --specs=nano.specs -mfpu=fpv4-sp-d16 -mfloat-abi=hard -mthumb -o "src/main.o"
arm-none-eabi-gcc -o "stm32f411_fw.elf" @"objects.list"   -mcpu=cortex-m4 -T"C:\Users\young\Downloads\STM32F411\stm32f411_fw\src\bsp\ldscript\STM32F411CEUX_FLASH.ld" --specs=nosys.specs -Wl,-Map="stm32f411_fw.map" -Wl,--gc-sections -static --specs=nano.specs -mfpu=fpv4-sp-d16 -mfloat-abi=hard -mthumb -Wl,--start-group -lc -lm -Wl,--end-group
C:/ST/STM32CubeIDE_1.19.0/STM32CubeIDE/plugins/com.st.stm32cube.ide.mcu.externaltools.gnu-tools-for-stm32.13.3.rel1.win32_1.0.0.202411081344/tools/bin/../lib/gcc/arm-none-eabi/13.3.1/../../../../arm-none-eabi/bin/ld.exe: warning: stm32f411_fw.elf has a LOAD segment with RWX permissions
Finished building target: stm32f411_fw.elf
 
arm-none-eabi-size  stm32f411_fw.elf 
arm-none-eabi-objdump -h -S stm32f411_fw.elf  > "stm32f411_fw.list"
   text	   data	    bss	    dec	    hex	filename
  63912	    764	   9300	  73976	  120f8	stm32f411_fw.elf
Finished building: default.size.stdout
 
Finished building: stm32f411_fw.list
 
