23:11:05 **** Incremental Build of configuration Debug for project stm32f411_fw ****
make -j8 all 
arm-none-eabi-gcc "../src/bsp/bsp.c" -mcpu=cortex-m4 -std=gnu11 -g3 -DSTM32F411xE -c -I"C:/project/study/first/Baram_f411/stm32f411_fw/src" -I"C:/project/study/first/Baram_f411/stm32f411_fw/src/ap" -I"C:/project/study/first/Baram_f411/stm32f411_fw/src/bsp" -I"C:/project/study/first/Baram_f411/stm32f411_fw/src/common" -I"C:/project/study/first/Baram_f411/stm32f411_fw/src/common/core" -I"C:/project/study/first/Baram_f411/stm32f411_fw/src/common/hw/include" -I"C:/project/study/first/Baram_f411/stm32f411_fw/src/hw" -I"C:/project/study/first/Baram_f411/stm32f411_fw/src/lib" -I"C:/project/study/first/Baram_f411/stm32f411_fw/src/lib/cube_f411/Drivers/CMSIS/Device/ST/STM32F4xx/Include" -I"C:/project/study/first/Baram_f411/stm32f411_fw/src/lib/cube_f411/Drivers/CMSIS/Include" -I"C:/project/study/first/Baram_f411/stm32f411_fw/src/lib/cube_f411/Drivers/STM32F4xx_HAL_Driver/Inc" -O0 -ffunction-sections -fdata-sections -Wall -fstack-usage -fcyclomatic-complexity -MMD -MP -MF"src/bsp/bsp.d" -MT"src/bsp/bsp.o" --specs=nano.specs -mfpu=fpv4-sp-d16 -mfloat-abi=hard -mthumb -o "src/bsp/bsp.o"
arm-none-eabi-gcc -o "stm32f411_fw.elf" @"objects.list"   -mcpu=cortex-m4 -T"C:\project\study\first\Baram_f411\stm32f411_fw\src\bsp\ldscript\STM32F411CEUX_FLASH.ld" --specs=nosys.specs -Wl,-Map="stm32f411_fw.map" -Wl,--gc-sections -static --specs=nano.specs -mfpu=fpv4-sp-d16 -mfloat-abi=hard -mthumb -Wl,--start-group -lc -lm -Wl,--end-group
Finished building target: stm32f411_fw.elf
 
arm-none-eabi-size  stm32f411_fw.elf 
arm-none-eabi-objdump -h -S stm32f411_fw.elf  > "stm32f411_fw.list"
   text	   data	    bss	    dec	    hex	filename
   6060	     20	   1572	   7652	   1de4	stm32f411_fw.elf
Finished building: default.size.stdout
 
Finished building: stm32f411_fw.list
 
23:11:40 **** Incremental Build of configuration Debug for project stm32f411_fw ****
make -j8 all 
arm-none-eabi-size  stm32f411_fw.elf 
   text	   data	    bss	    dec	    hex	filename
   6060	     20	   1572	   7652	   1de4	stm32f411_fw.elf
Finished building: default.size.stdout
 
