15:31:56 **** Incremental Build of configuration Debug for project stm32f411_boot ****
make -j16 all 
arm-none-eabi-gcc "../src/lib/cube_f411/Drivers/STM32F4xx_HAL_Driver/Src/stm32f4xx_hal.c" -mcpu=cortex-m4 -std=gnu11 -g3 -DSTM32F411xE -c -I"C:/project/study/stm32f411_boot/src" -I"C:/project/study/stm32f411_boot/src/ap" -I"C:/project/study/stm32f411_boot/src/bsp" -I"C:/project/study/stm32f411_boot/src/common" -I"C:/project/study/stm32f411_boot/src/common/core" -I"C:/project/study/stm32f411_boot/src/common/hw/include" -I"C:/project/study/stm32f411_boot/src/hw" -I"C:/project/study/stm32f411_boot/src/lib/cube_f411/Drivers/CMSIS/Device/ST/STM32F4xx/Include" -I"C:/project/study/stm32f411_boot/src/lib/cube_f411/Drivers/CMSIS/Include" -I"C:/project/study/stm32f411_boot/src/lib/cube_f411/Drivers/STM32F4xx_HAL_Driver/Inc" -I"C:/project/study/stm32f411_boot/src/hw/driver/usb" -I"C:/project/study/stm32f411_boot/src/hw/driver/usb/core" -I"C:/project/study/stm32f411_boot/src/hw/driver/usb/usb_cdc" -Os -ffunction-sections -fdata-sections -Wall -fstack-usage -fcyclomatic-complexity -MMD -MP -MF"src/lib/cube_f411/Drivers/STM32F4xx_HAL_Driver/Src/stm32f4xx_hal.d" -MT"src/lib/cube_f411/Drivers/STM32F4xx_HAL_Driver/Src/stm32f4xx_hal.o" --specs=nano.specs -mfpu=fpv4-sp-d16 -mfloat-abi=hard -mthumb -o "src/lib/cube_f411/Drivers/STM32F4xx_HAL_Driver/Src/stm32f4xx_hal.o"
arm-none-eabi-gcc "../src/lib/cube_f411/Drivers/STM32F4xx_HAL_Driver/Src/stm32f4xx_hal_cortex.c" -mcpu=cortex-m4 -std=gnu11 -g3 -DSTM32F411xE -c -I"C:/project/study/stm32f411_boot/src" -I"C:/project/study/stm32f411_boot/src/ap" -I"C:/project/study/stm32f411_boot/src/bsp" -I"C:/project/study/stm32f411_boot/src/common" -I"C:/project/study/stm32f411_boot/src/common/core" -I"C:/project/study/stm32f411_boot/src/common/hw/include" -I"C:/project/study/stm32f411_boot/src/hw" -I"C:/project/study/stm32f411_boot/src/lib/cube_f411/Drivers/CMSIS/Device/ST/STM32F4xx/Include" -I"C:/project/study/stm32f411_boot/src/lib/cube_f411/Drivers/CMSIS/Include" -I"C:/project/study/stm32f411_boot/src/lib/cube_f411/Drivers/STM32F4xx_HAL_Driver/Inc" -I"C:/project/study/stm32f411_boot/src/hw/driver/usb" -I"C:/project/study/stm32f411_boot/src/hw/driver/usb/core" -I"C:/project/study/stm32f411_boot/src/hw/driver/usb/usb_cdc" -Os -ffunction-sections -fdata-sections -Wall -fstack-usage -fcyclomatic-complexity -MMD -MP -MF"src/lib/cube_f411/Drivers/STM32F4xx_HAL_Driver/Src/stm32f4xx_hal_cortex.d" -MT"src/lib/cube_f411/Drivers/STM32F4xx_HAL_Driver/Src/stm32f4xx_hal_cortex.o" --specs=nano.specs -mfpu=fpv4-sp-d16 -mfloat-abi=hard -mthumb -o "src/lib/cube_f411/Drivers/STM32F4xx_HAL_Driver/Src/stm32f4xx_hal_cortex.o"
arm-none-eabi-gcc "../src/lib/cube_f411/Drivers/STM32F4xx_HAL_Driver/Src/stm32f4xx_hal_dma.c" -mcpu=cortex-m4 -std=gnu11 -g3 -DSTM32F411xE -c -I"C:/project/study/stm32f411_boot/src" -I"C:/project/study/stm32f411_boot/src/ap" -I"C:/project/study/stm32f411_boot/src/bsp" -I"C:/project/study/stm32f411_boot/src/common" -I"C:/project/study/stm32f411_boot/src/common/core" -I"C:/project/study/stm32f411_boot/src/common/hw/include" -I"C:/project/study/stm32f411_boot/src/hw" -I"C:/project/study/stm32f411_boot/src/lib/cube_f411/Drivers/CMSIS/Device/ST/STM32F4xx/Include" -I"C:/project/study/stm32f411_boot/src/lib/cube_f411/Drivers/CMSIS/Include" -I"C:/project/study/stm32f411_boot/src/lib/cube_f411/Drivers/STM32F4xx_HAL_Driver/Inc" -I"C:/project/study/stm32f411_boot/src/hw/driver/usb" -I"C:/project/study/stm32f411_boot/src/hw/driver/usb/core" -I"C:/project/study/stm32f411_boot/src/hw/driver/usb/usb_cdc" -Os -ffunction-sections -fdata-sections -Wall -fstack-usage -fcyclomatic-complexity -MMD -MP -MF"src/lib/cube_f411/Drivers/STM32F4xx_HAL_Driver/Src/stm32f4xx_hal_dma.d" -MT"src/lib/cube_f411/Drivers/STM32F4xx_HAL_Driver/Src/stm32f4xx_hal_dma.o" --specs=nano.specs -mfpu=fpv4-sp-d16 -mfloat-abi=hard -mthumb -o "src/lib/cube_f411/Drivers/STM32F4xx_HAL_Driver/Src/stm32f4xx_hal_dma.o"
arm-none-eabi-gcc "../src/lib/cube_f411/Drivers/STM32F4xx_HAL_Driver/Src/stm32f4xx_hal_dma_ex.c" -mcpu=cortex-m4 -std=gnu11 -g3 -DSTM32F411xE -c -I"C:/project/study/stm32f411_boot/src" -I"C:/project/study/stm32f411_boot/src/ap" -I"C:/project/study/stm32f411_boot/src/bsp" -I"C:/project/study/stm32f411_boot/src/common" -I"C:/project/study/stm32f411_boot/src/common/core" -I"C:/project/study/stm32f411_boot/src/common/hw/include" -I"C:/project/study/stm32f411_boot/src/hw" -I"C:/project/study/stm32f411_boot/src/lib/cube_f411/Drivers/CMSIS/Device/ST/STM32F4xx/Include" -I"C:/project/study/stm32f411_boot/src/lib/cube_f411/Drivers/CMSIS/Include" -I"C:/project/study/stm32f411_boot/src/lib/cube_f411/Drivers/STM32F4xx_HAL_Driver/Inc" -I"C:/project/study/stm32f411_boot/src/hw/driver/usb" -I"C:/project/study/stm32f411_boot/src/hw/driver/usb/core" -I"C:/project/study/stm32f411_boot/src/hw/driver/usb/usb_cdc" -Os -ffunction-sections -fdata-sections -Wall -fstack-usage -fcyclomatic-complexity -MMD -MP -MF"src/lib/cube_f411/Drivers/STM32F4xx_HAL_Driver/Src/stm32f4xx_hal_dma_ex.d" -MT"src/lib/cube_f411/Drivers/STM32F4xx_HAL_Driver/Src/stm32f4xx_hal_dma_ex.o" --specs=nano.specs -mfpu=fpv4-sp-d16 -mfloat-abi=hard -mthumb -o "src/lib/cube_f411/Drivers/STM32F4xx_HAL_Driver/Src/stm32f4xx_hal_dma_ex.o"
arm-none-eabi-gcc "../src/lib/cube_f411/Drivers/STM32F4xx_HAL_Driver/Src/stm32f4xx_hal_exti.c" -mcpu=cortex-m4 -std=gnu11 -g3 -DSTM32F411xE -c -I"C:/project/study/stm32f411_boot/src" -I"C:/project/study/stm32f411_boot/src/ap" -I"C:/project/study/stm32f411_boot/src/bsp" -I"C:/project/study/stm32f411_boot/src/common" -I"C:/project/study/stm32f411_boot/src/common/core" -I"C:/project/study/stm32f411_boot/src/common/hw/include" -I"C:/project/study/stm32f411_boot/src/hw" -I"C:/project/study/stm32f411_boot/src/lib/cube_f411/Drivers/CMSIS/Device/ST/STM32F4xx/Include" -I"C:/project/study/stm32f411_boot/src/lib/cube_f411/Drivers/CMSIS/Include" -I"C:/project/study/stm32f411_boot/src/lib/cube_f411/Drivers/STM32F4xx_HAL_Driver/Inc" -I"C:/project/study/stm32f411_boot/src/hw/driver/usb" -I"C:/project/study/stm32f411_boot/src/hw/driver/usb/core" -I"C:/project/study/stm32f411_boot/src/hw/driver/usb/usb_cdc" -Os -ffunction-sections -fdata-sections -Wall -fstack-usage -fcyclomatic-complexity -MMD -MP -MF"src/lib/cube_f411/Drivers/STM32F4xx_HAL_Driver/Src/stm32f4xx_hal_exti.d" -MT"src/lib/cube_f411/Drivers/STM32F4xx_HAL_Driver/Src/stm32f4xx_hal_exti.o" --specs=nano.specs -mfpu=fpv4-sp-d16 -mfloat-abi=hard -mthumb -o "src/lib/cube_f411/Drivers/STM32F4xx_HAL_Driver/Src/stm32f4xx_hal_exti.o"
arm-none-eabi-gcc "../src/lib/cube_f411/Drivers/STM32F4xx_HAL_Driver/Src/stm32f4xx_hal_flash.c" -mcpu=cortex-m4 -std=gnu11 -g3 -DSTM32F411xE -c -I"C:/project/study/stm32f411_boot/src" -I"C:/project/study/stm32f411_boot/src/ap" -I"C:/project/study/stm32f411_boot/src/bsp" -I"C:/project/study/stm32f411_boot/src/common" -I"C:/project/study/stm32f411_boot/src/common/core" -I"C:/project/study/stm32f411_boot/src/common/hw/include" -I"C:/project/study/stm32f411_boot/src/hw" -I"C:/project/study/stm32f411_boot/src/lib/cube_f411/Drivers/CMSIS/Device/ST/STM32F4xx/Include" -I"C:/project/study/stm32f411_boot/src/lib/cube_f411/Drivers/CMSIS/Include" -I"C:/project/study/stm32f411_boot/src/lib/cube_f411/Drivers/STM32F4xx_HAL_Driver/Inc" -I"C:/project/study/stm32f411_boot/src/hw/driver/usb" -I"C:/project/study/stm32f411_boot/src/hw/driver/usb/core" -I"C:/project/study/stm32f411_boot/src/hw/driver/usb/usb_cdc" -Os -ffunction-sections -fdata-sections -Wall -fstack-usage -fcyclomatic-complexity -MMD -MP -MF"src/lib/cube_f411/Drivers/STM32F4xx_HAL_Driver/Src/stm32f4xx_hal_flash.d" -MT"src/lib/cube_f411/Drivers/STM32F4xx_HAL_Driver/Src/stm32f4xx_hal_flash.o" --specs=nano.specs -mfpu=fpv4-sp-d16 -mfloat-abi=hard -mthumb -o "src/lib/cube_f411/Drivers/STM32F4xx_HAL_Driver/Src/stm32f4xx_hal_flash.o"
arm-none-eabi-gcc "../src/lib/cube_f411/Drivers/STM32F4xx_HAL_Driver/Src/stm32f4xx_hal_flash_ex.c" -mcpu=cortex-m4 -std=gnu11 -g3 -DSTM32F411xE -c -I"C:/project/study/stm32f411_boot/src" -I"C:/project/study/stm32f411_boot/src/ap" -I"C:/project/study/stm32f411_boot/src/bsp" -I"C:/project/study/stm32f411_boot/src/common" -I"C:/project/study/stm32f411_boot/src/common/core" -I"C:/project/study/stm32f411_boot/src/common/hw/include" -I"C:/project/study/stm32f411_boot/src/hw" -I"C:/project/study/stm32f411_boot/src/lib/cube_f411/Drivers/CMSIS/Device/ST/STM32F4xx/Include" -I"C:/project/study/stm32f411_boot/src/lib/cube_f411/Drivers/CMSIS/Include" -I"C:/project/study/stm32f411_boot/src/lib/cube_f411/Drivers/STM32F4xx_HAL_Driver/Inc" -I"C:/project/study/stm32f411_boot/src/hw/driver/usb" -I"C:/project/study/stm32f411_boot/src/hw/driver/usb/core" -I"C:/project/study/stm32f411_boot/src/hw/driver/usb/usb_cdc" -Os -ffunction-sections -fdata-sections -Wall -fstack-usage -fcyclomatic-complexity -MMD -MP -MF"src/lib/cube_f411/Drivers/STM32F4xx_HAL_Driver/Src/stm32f4xx_hal_flash_ex.d" -MT"src/lib/cube_f411/Drivers/STM32F4xx_HAL_Driver/Src/stm32f4xx_hal_flash_ex.o" --specs=nano.specs -mfpu=fpv4-sp-d16 -mfloat-abi=hard -mthumb -o "src/lib/cube_f411/Drivers/STM32F4xx_HAL_Driver/Src/stm32f4xx_hal_flash_ex.o"
arm-none-eabi-gcc "../src/lib/cube_f411/Drivers/STM32F4xx_HAL_Driver/Src/stm32f4xx_hal_flash_ramfunc.c" -mcpu=cortex-m4 -std=gnu11 -g3 -DSTM32F411xE -c -I"C:/project/study/stm32f411_boot/src" -I"C:/project/study/stm32f411_boot/src/ap" -I"C:/project/study/stm32f411_boot/src/bsp" -I"C:/project/study/stm32f411_boot/src/common" -I"C:/project/study/stm32f411_boot/src/common/core" -I"C:/project/study/stm32f411_boot/src/common/hw/include" -I"C:/project/study/stm32f411_boot/src/hw" -I"C:/project/study/stm32f411_boot/src/lib/cube_f411/Drivers/CMSIS/Device/ST/STM32F4xx/Include" -I"C:/project/study/stm32f411_boot/src/lib/cube_f411/Drivers/CMSIS/Include" -I"C:/project/study/stm32f411_boot/src/lib/cube_f411/Drivers/STM32F4xx_HAL_Driver/Inc" -I"C:/project/study/stm32f411_boot/src/hw/driver/usb" -I"C:/project/study/stm32f411_boot/src/hw/driver/usb/core" -I"C:/project/study/stm32f411_boot/src/hw/driver/usb/usb_cdc" -Os -ffunction-sections -fdata-sections -Wall -fstack-usage -fcyclomatic-complexity -MMD -MP -MF"src/lib/cube_f411/Drivers/STM32F4xx_HAL_Driver/Src/stm32f4xx_hal_flash_ramfunc.d" -MT"src/lib/cube_f411/Drivers/STM32F4xx_HAL_Driver/Src/stm32f4xx_hal_flash_ramfunc.o" --specs=nano.specs -mfpu=fpv4-sp-d16 -mfloat-abi=hard -mthumb -o "src/lib/cube_f411/Drivers/STM32F4xx_HAL_Driver/Src/stm32f4xx_hal_flash_ramfunc.o"
arm-none-eabi-gcc "../src/lib/cube_f411/Drivers/STM32F4xx_HAL_Driver/Src/stm32f4xx_hal_gpio.c" -mcpu=cortex-m4 -std=gnu11 -g3 -DSTM32F411xE -c -I"C:/project/study/stm32f411_boot/src" -I"C:/project/study/stm32f411_boot/src/ap" -I"C:/project/study/stm32f411_boot/src/bsp" -I"C:/project/study/stm32f411_boot/src/common" -I"C:/project/study/stm32f411_boot/src/common/core" -I"C:/project/study/stm32f411_boot/src/common/hw/include" -I"C:/project/study/stm32f411_boot/src/hw" -I"C:/project/study/stm32f411_boot/src/lib/cube_f411/Drivers/CMSIS/Device/ST/STM32F4xx/Include" -I"C:/project/study/stm32f411_boot/src/lib/cube_f411/Drivers/CMSIS/Include" -I"C:/project/study/stm32f411_boot/src/lib/cube_f411/Drivers/STM32F4xx_HAL_Driver/Inc" -I"C:/project/study/stm32f411_boot/src/hw/driver/usb" -I"C:/project/study/stm32f411_boot/src/hw/driver/usb/core" -I"C:/project/study/stm32f411_boot/src/hw/driver/usb/usb_cdc" -Os -ffunction-sections -fdata-sections -Wall -fstack-usage -fcyclomatic-complexity -MMD -MP -MF"src/lib/cube_f411/Drivers/STM32F4xx_HAL_Driver/Src/stm32f4xx_hal_gpio.d" -MT"src/lib/cube_f411/Drivers/STM32F4xx_HAL_Driver/Src/stm32f4xx_hal_gpio.o" --specs=nano.specs -mfpu=fpv4-sp-d16 -mfloat-abi=hard -mthumb -o "src/lib/cube_f411/Drivers/STM32F4xx_HAL_Driver/Src/stm32f4xx_hal_gpio.o"
arm-none-eabi-gcc "../src/lib/cube_f411/Drivers/STM32F4xx_HAL_Driver/Src/stm32f4xx_hal_mmc.c" -mcpu=cortex-m4 -std=gnu11 -g3 -DSTM32F411xE -c -I"C:/project/study/stm32f411_boot/src" -I"C:/project/study/stm32f411_boot/src/ap" -I"C:/project/study/stm32f411_boot/src/bsp" -I"C:/project/study/stm32f411_boot/src/common" -I"C:/project/study/stm32f411_boot/src/common/core" -I"C:/project/study/stm32f411_boot/src/common/hw/include" -I"C:/project/study/stm32f411_boot/src/hw" -I"C:/project/study/stm32f411_boot/src/lib/cube_f411/Drivers/CMSIS/Device/ST/STM32F4xx/Include" -I"C:/project/study/stm32f411_boot/src/lib/cube_f411/Drivers/CMSIS/Include" -I"C:/project/study/stm32f411_boot/src/lib/cube_f411/Drivers/STM32F4xx_HAL_Driver/Inc" -I"C:/project/study/stm32f411_boot/src/hw/driver/usb" -I"C:/project/study/stm32f411_boot/src/hw/driver/usb/core" -I"C:/project/study/stm32f411_boot/src/hw/driver/usb/usb_cdc" -Os -ffunction-sections -fdata-sections -Wall -fstack-usage -fcyclomatic-complexity -MMD -MP -MF"src/lib/cube_f411/Drivers/STM32F4xx_HAL_Driver/Src/stm32f4xx_hal_mmc.d" -MT"src/lib/cube_f411/Drivers/STM32F4xx_HAL_Driver/Src/stm32f4xx_hal_mmc.o" --specs=nano.specs -mfpu=fpv4-sp-d16 -mfloat-abi=hard -mthumb -o "src/lib/cube_f411/Drivers/STM32F4xx_HAL_Driver/Src/stm32f4xx_hal_mmc.o"
arm-none-eabi-gcc "../src/lib/cube_f411/Drivers/STM32F4xx_HAL_Driver/Src/stm32f4xx_hal_pcd.c" -mcpu=cortex-m4 -std=gnu11 -g3 -DSTM32F411xE -c -I"C:/project/study/stm32f411_boot/src" -I"C:/project/study/stm32f411_boot/src/ap" -I"C:/project/study/stm32f411_boot/src/bsp" -I"C:/project/study/stm32f411_boot/src/common" -I"C:/project/study/stm32f411_boot/src/common/core" -I"C:/project/study/stm32f411_boot/src/common/hw/include" -I"C:/project/study/stm32f411_boot/src/hw" -I"C:/project/study/stm32f411_boot/src/lib/cube_f411/Drivers/CMSIS/Device/ST/STM32F4xx/Include" -I"C:/project/study/stm32f411_boot/src/lib/cube_f411/Drivers/CMSIS/Include" -I"C:/project/study/stm32f411_boot/src/lib/cube_f411/Drivers/STM32F4xx_HAL_Driver/Inc" -I"C:/project/study/stm32f411_boot/src/hw/driver/usb" -I"C:/project/study/stm32f411_boot/src/hw/driver/usb/core" -I"C:/project/study/stm32f411_boot/src/hw/driver/usb/usb_cdc" -Os -ffunction-sections -fdata-sections -Wall -fstack-usage -fcyclomatic-complexity -MMD -MP -MF"src/lib/cube_f411/Drivers/STM32F4xx_HAL_Driver/Src/stm32f4xx_hal_pcd.d" -MT"src/lib/cube_f411/Drivers/STM32F4xx_HAL_Driver/Src/stm32f4xx_hal_pcd.o" --specs=nano.specs -mfpu=fpv4-sp-d16 -mfloat-abi=hard -mthumb -o "src/lib/cube_f411/Drivers/STM32F4xx_HAL_Driver/Src/stm32f4xx_hal_pcd.o"
arm-none-eabi-gcc "../src/lib/cube_f411/Drivers/STM32F4xx_HAL_Driver/Src/stm32f4xx_hal_pcd_ex.c" -mcpu=cortex-m4 -std=gnu11 -g3 -DSTM32F411xE -c -I"C:/project/study/stm32f411_boot/src" -I"C:/project/study/stm32f411_boot/src/ap" -I"C:/project/study/stm32f411_boot/src/bsp" -I"C:/project/study/stm32f411_boot/src/common" -I"C:/project/study/stm32f411_boot/src/common/core" -I"C:/project/study/stm32f411_boot/src/common/hw/include" -I"C:/project/study/stm32f411_boot/src/hw" -I"C:/project/study/stm32f411_boot/src/lib/cube_f411/Drivers/CMSIS/Device/ST/STM32F4xx/Include" -I"C:/project/study/stm32f411_boot/src/lib/cube_f411/Drivers/CMSIS/Include" -I"C:/project/study/stm32f411_boot/src/lib/cube_f411/Drivers/STM32F4xx_HAL_Driver/Inc" -I"C:/project/study/stm32f411_boot/src/hw/driver/usb" -I"C:/project/study/stm32f411_boot/src/hw/driver/usb/core" -I"C:/project/study/stm32f411_boot/src/hw/driver/usb/usb_cdc" -Os -ffunction-sections -fdata-sections -Wall -fstack-usage -fcyclomatic-complexity -MMD -MP -MF"src/lib/cube_f411/Drivers/STM32F4xx_HAL_Driver/Src/stm32f4xx_hal_pcd_ex.d" -MT"src/lib/cube_f411/Drivers/STM32F4xx_HAL_Driver/Src/stm32f4xx_hal_pcd_ex.o" --specs=nano.specs -mfpu=fpv4-sp-d16 -mfloat-abi=hard -mthumb -o "src/lib/cube_f411/Drivers/STM32F4xx_HAL_Driver/Src/stm32f4xx_hal_pcd_ex.o"
arm-none-eabi-gcc "../src/lib/cube_f411/Drivers/STM32F4xx_HAL_Driver/Src/stm32f4xx_hal_pwr.c" -mcpu=cortex-m4 -std=gnu11 -g3 -DSTM32F411xE -c -I"C:/project/study/stm32f411_boot/src" -I"C:/project/study/stm32f411_boot/src/ap" -I"C:/project/study/stm32f411_boot/src/bsp" -I"C:/project/study/stm32f411_boot/src/common" -I"C:/project/study/stm32f411_boot/src/common/core" -I"C:/project/study/stm32f411_boot/src/common/hw/include" -I"C:/project/study/stm32f411_boot/src/hw" -I"C:/project/study/stm32f411_boot/src/lib/cube_f411/Drivers/CMSIS/Device/ST/STM32F4xx/Include" -I"C:/project/study/stm32f411_boot/src/lib/cube_f411/Drivers/CMSIS/Include" -I"C:/project/study/stm32f411_boot/src/lib/cube_f411/Drivers/STM32F4xx_HAL_Driver/Inc" -I"C:/project/study/stm32f411_boot/src/hw/driver/usb" -I"C:/project/study/stm32f411_boot/src/hw/driver/usb/core" -I"C:/project/study/stm32f411_boot/src/hw/driver/usb/usb_cdc" -Os -ffunction-sections -fdata-sections -Wall -fstack-usage -fcyclomatic-complexity -MMD -MP -MF"src/lib/cube_f411/Drivers/STM32F4xx_HAL_Driver/Src/stm32f4xx_hal_pwr.d" -MT"src/lib/cube_f411/Drivers/STM32F4xx_HAL_Driver/Src/stm32f4xx_hal_pwr.o" --specs=nano.specs -mfpu=fpv4-sp-d16 -mfloat-abi=hard -mthumb -o "src/lib/cube_f411/Drivers/STM32F4xx_HAL_Driver/Src/stm32f4xx_hal_pwr.o"
arm-none-eabi-gcc "../src/lib/cube_f411/Drivers/STM32F4xx_HAL_Driver/Src/stm32f4xx_hal_pwr_ex.c" -mcpu=cortex-m4 -std=gnu11 -g3 -DSTM32F411xE -c -I"C:/project/study/stm32f411_boot/src" -I"C:/project/study/stm32f411_boot/src/ap" -I"C:/project/study/stm32f411_boot/src/bsp" -I"C:/project/study/stm32f411_boot/src/common" -I"C:/project/study/stm32f411_boot/src/common/core" -I"C:/project/study/stm32f411_boot/src/common/hw/include" -I"C:/project/study/stm32f411_boot/src/hw" -I"C:/project/study/stm32f411_boot/src/lib/cube_f411/Drivers/CMSIS/Device/ST/STM32F4xx/Include" -I"C:/project/study/stm32f411_boot/src/lib/cube_f411/Drivers/CMSIS/Include" -I"C:/project/study/stm32f411_boot/src/lib/cube_f411/Drivers/STM32F4xx_HAL_Driver/Inc" -I"C:/project/study/stm32f411_boot/src/hw/driver/usb" -I"C:/project/study/stm32f411_boot/src/hw/driver/usb/core" -I"C:/project/study/stm32f411_boot/src/hw/driver/usb/usb_cdc" -Os -ffunction-sections -fdata-sections -Wall -fstack-usage -fcyclomatic-complexity -MMD -MP -MF"src/lib/cube_f411/Drivers/STM32F4xx_HAL_Driver/Src/stm32f4xx_hal_pwr_ex.d" -MT"src/lib/cube_f411/Drivers/STM32F4xx_HAL_Driver/Src/stm32f4xx_hal_pwr_ex.o" --specs=nano.specs -mfpu=fpv4-sp-d16 -mfloat-abi=hard -mthumb -o "src/lib/cube_f411/Drivers/STM32F4xx_HAL_Driver/Src/stm32f4xx_hal_pwr_ex.o"
arm-none-eabi-gcc "../src/lib/cube_f411/Drivers/STM32F4xx_HAL_Driver/Src/stm32f4xx_hal_rcc.c" -mcpu=cortex-m4 -std=gnu11 -g3 -DSTM32F411xE -c -I"C:/project/study/stm32f411_boot/src" -I"C:/project/study/stm32f411_boot/src/ap" -I"C:/project/study/stm32f411_boot/src/bsp" -I"C:/project/study/stm32f411_boot/src/common" -I"C:/project/study/stm32f411_boot/src/common/core" -I"C:/project/study/stm32f411_boot/src/common/hw/include" -I"C:/project/study/stm32f411_boot/src/hw" -I"C:/project/study/stm32f411_boot/src/lib/cube_f411/Drivers/CMSIS/Device/ST/STM32F4xx/Include" -I"C:/project/study/stm32f411_boot/src/lib/cube_f411/Drivers/CMSIS/Include" -I"C:/project/study/stm32f411_boot/src/lib/cube_f411/Drivers/STM32F4xx_HAL_Driver/Inc" -I"C:/project/study/stm32f411_boot/src/hw/driver/usb" -I"C:/project/study/stm32f411_boot/src/hw/driver/usb/core" -I"C:/project/study/stm32f411_boot/src/hw/driver/usb/usb_cdc" -Os -ffunction-sections -fdata-sections -Wall -fstack-usage -fcyclomatic-complexity -MMD -MP -MF"src/lib/cube_f411/Drivers/STM32F4xx_HAL_Driver/Src/stm32f4xx_hal_rcc.d" -MT"src/lib/cube_f411/Drivers/STM32F4xx_HAL_Driver/Src/stm32f4xx_hal_rcc.o" --specs=nano.specs -mfpu=fpv4-sp-d16 -mfloat-abi=hard -mthumb -o "src/lib/cube_f411/Drivers/STM32F4xx_HAL_Driver/Src/stm32f4xx_hal_rcc.o"
arm-none-eabi-gcc "../src/lib/cube_f411/Drivers/STM32F4xx_HAL_Driver/Src/stm32f4xx_hal_rcc_ex.c" -mcpu=cortex-m4 -std=gnu11 -g3 -DSTM32F411xE -c -I"C:/project/study/stm32f411_boot/src" -I"C:/project/study/stm32f411_boot/src/ap" -I"C:/project/study/stm32f411_boot/src/bsp" -I"C:/project/study/stm32f411_boot/src/common" -I"C:/project/study/stm32f411_boot/src/common/core" -I"C:/project/study/stm32f411_boot/src/common/hw/include" -I"C:/project/study/stm32f411_boot/src/hw" -I"C:/project/study/stm32f411_boot/src/lib/cube_f411/Drivers/CMSIS/Device/ST/STM32F4xx/Include" -I"C:/project/study/stm32f411_boot/src/lib/cube_f411/Drivers/CMSIS/Include" -I"C:/project/study/stm32f411_boot/src/lib/cube_f411/Drivers/STM32F4xx_HAL_Driver/Inc" -I"C:/project/study/stm32f411_boot/src/hw/driver/usb" -I"C:/project/study/stm32f411_boot/src/hw/driver/usb/core" -I"C:/project/study/stm32f411_boot/src/hw/driver/usb/usb_cdc" -Os -ffunction-sections -fdata-sections -Wall -fstack-usage -fcyclomatic-complexity -MMD -MP -MF"src/lib/cube_f411/Drivers/STM32F4xx_HAL_Driver/Src/stm32f4xx_hal_rcc_ex.d" -MT"src/lib/cube_f411/Drivers/STM32F4xx_HAL_Driver/Src/stm32f4xx_hal_rcc_ex.o" --specs=nano.specs -mfpu=fpv4-sp-d16 -mfloat-abi=hard -mthumb -o "src/lib/cube_f411/Drivers/STM32F4xx_HAL_Driver/Src/stm32f4xx_hal_rcc_ex.o"
arm-none-eabi-gcc "../src/lib/cube_f411/Drivers/STM32F4xx_HAL_Driver/Src/stm32f4xx_hal_sd.c" -mcpu=cortex-m4 -std=gnu11 -g3 -DSTM32F411xE -c -I"C:/project/study/stm32f411_boot/src" -I"C:/project/study/stm32f411_boot/src/ap" -I"C:/project/study/stm32f411_boot/src/bsp" -I"C:/project/study/stm32f411_boot/src/common" -I"C:/project/study/stm32f411_boot/src/common/core" -I"C:/project/study/stm32f411_boot/src/common/hw/include" -I"C:/project/study/stm32f411_boot/src/hw" -I"C:/project/study/stm32f411_boot/src/lib/cube_f411/Drivers/CMSIS/Device/ST/STM32F4xx/Include" -I"C:/project/study/stm32f411_boot/src/lib/cube_f411/Drivers/CMSIS/Include" -I"C:/project/study/stm32f411_boot/src/lib/cube_f411/Drivers/STM32F4xx_HAL_Driver/Inc" -I"C:/project/study/stm32f411_boot/src/hw/driver/usb" -I"C:/project/study/stm32f411_boot/src/hw/driver/usb/core" -I"C:/project/study/stm32f411_boot/src/hw/driver/usb/usb_cdc" -Os -ffunction-sections -fdata-sections -Wall -fstack-usage -fcyclomatic-complexity -MMD -MP -MF"src/lib/cube_f411/Drivers/STM32F4xx_HAL_Driver/Src/stm32f4xx_hal_sd.d" -MT"src/lib/cube_f411/Drivers/STM32F4xx_HAL_Driver/Src/stm32f4xx_hal_sd.o" --specs=nano.specs -mfpu=fpv4-sp-d16 -mfloat-abi=hard -mthumb -o "src/lib/cube_f411/Drivers/STM32F4xx_HAL_Driver/Src/stm32f4xx_hal_sd.o"
arm-none-eabi-gcc "../src/lib/cube_f411/Drivers/STM32F4xx_HAL_Driver/Src/stm32f4xx_hal_spi.c" -mcpu=cortex-m4 -std=gnu11 -g3 -DSTM32F411xE -c -I"C:/project/study/stm32f411_boot/src" -I"C:/project/study/stm32f411_boot/src/ap" -I"C:/project/study/stm32f411_boot/src/bsp" -I"C:/project/study/stm32f411_boot/src/common" -I"C:/project/study/stm32f411_boot/src/common/core" -I"C:/project/study/stm32f411_boot/src/common/hw/include" -I"C:/project/study/stm32f411_boot/src/hw" -I"C:/project/study/stm32f411_boot/src/lib/cube_f411/Drivers/CMSIS/Device/ST/STM32F4xx/Include" -I"C:/project/study/stm32f411_boot/src/lib/cube_f411/Drivers/CMSIS/Include" -I"C:/project/study/stm32f411_boot/src/lib/cube_f411/Drivers/STM32F4xx_HAL_Driver/Inc" -I"C:/project/study/stm32f411_boot/src/hw/driver/usb" -I"C:/project/study/stm32f411_boot/src/hw/driver/usb/core" -I"C:/project/study/stm32f411_boot/src/hw/driver/usb/usb_cdc" -Os -ffunction-sections -fdata-sections -Wall -fstack-usage -fcyclomatic-complexity -MMD -MP -MF"src/lib/cube_f411/Drivers/STM32F4xx_HAL_Driver/Src/stm32f4xx_hal_spi.d" -MT"src/lib/cube_f411/Drivers/STM32F4xx_HAL_Driver/Src/stm32f4xx_hal_spi.o" --specs=nano.specs -mfpu=fpv4-sp-d16 -mfloat-abi=hard -mthumb -o "src/lib/cube_f411/Drivers/STM32F4xx_HAL_Driver/Src/stm32f4xx_hal_spi.o"
arm-none-eabi-gcc "../src/lib/cube_f411/Drivers/STM32F4xx_HAL_Driver/Src/stm32f4xx_ll_sdmmc.c" -mcpu=cortex-m4 -std=gnu11 -g3 -DSTM32F411xE -c -I"C:/project/study/stm32f411_boot/src" -I"C:/project/study/stm32f411_boot/src/ap" -I"C:/project/study/stm32f411_boot/src/bsp" -I"C:/project/study/stm32f411_boot/src/common" -I"C:/project/study/stm32f411_boot/src/common/core" -I"C:/project/study/stm32f411_boot/src/common/hw/include" -I"C:/project/study/stm32f411_boot/src/hw" -I"C:/project/study/stm32f411_boot/src/lib/cube_f411/Drivers/CMSIS/Device/ST/STM32F4xx/Include" -I"C:/project/study/stm32f411_boot/src/lib/cube_f411/Drivers/CMSIS/Include" -I"C:/project/study/stm32f411_boot/src/lib/cube_f411/Drivers/STM32F4xx_HAL_Driver/Inc" -I"C:/project/study/stm32f411_boot/src/hw/driver/usb" -I"C:/project/study/stm32f411_boot/src/hw/driver/usb/core" -I"C:/project/study/stm32f411_boot/src/hw/driver/usb/usb_cdc" -Os -ffunction-sections -fdata-sections -Wall -fstack-usage -fcyclomatic-complexity -MMD -MP -MF"src/lib/cube_f411/Drivers/STM32F4xx_HAL_Driver/Src/stm32f4xx_ll_sdmmc.d" -MT"src/lib/cube_f411/Drivers/STM32F4xx_HAL_Driver/Src/stm32f4xx_ll_sdmmc.o" --specs=nano.specs -mfpu=fpv4-sp-d16 -mfloat-abi=hard -mthumb -o "src/lib/cube_f411/Drivers/STM32F4xx_HAL_Driver/Src/stm32f4xx_ll_sdmmc.o"
arm-none-eabi-gcc "../src/lib/cube_f411/Drivers/STM32F4xx_HAL_Driver/Src/stm32f4xx_ll_usb.c" -mcpu=cortex-m4 -std=gnu11 -g3 -DSTM32F411xE -c -I"C:/project/study/stm32f411_boot/src" -I"C:/project/study/stm32f411_boot/src/ap" -I"C:/project/study/stm32f411_boot/src/bsp" -I"C:/project/study/stm32f411_boot/src/common" -I"C:/project/study/stm32f411_boot/src/common/core" -I"C:/project/study/stm32f411_boot/src/common/hw/include" -I"C:/project/study/stm32f411_boot/src/hw" -I"C:/project/study/stm32f411_boot/src/lib/cube_f411/Drivers/CMSIS/Device/ST/STM32F4xx/Include" -I"C:/project/study/stm32f411_boot/src/lib/cube_f411/Drivers/CMSIS/Include" -I"C:/project/study/stm32f411_boot/src/lib/cube_f411/Drivers/STM32F4xx_HAL_Driver/Inc" -I"C:/project/study/stm32f411_boot/src/hw/driver/usb" -I"C:/project/study/stm32f411_boot/src/hw/driver/usb/core" -I"C:/project/study/stm32f411_boot/src/hw/driver/usb/usb_cdc" -Os -ffunction-sections -fdata-sections -Wall -fstack-usage -fcyclomatic-complexity -MMD -MP -MF"src/lib/cube_f411/Drivers/STM32F4xx_HAL_Driver/Src/stm32f4xx_ll_usb.d" -MT"src/lib/cube_f411/Drivers/STM32F4xx_HAL_Driver/Src/stm32f4xx_ll_usb.o" --specs=nano.specs -mfpu=fpv4-sp-d16 -mfloat-abi=hard -mthumb -o "src/lib/cube_f411/Drivers/STM32F4xx_HAL_Driver/Src/stm32f4xx_ll_usb.o"
arm-none-eabi-gcc "../src/hw/driver/usb/usb_cdc/usbd_cdc.c" -mcpu=cortex-m4 -std=gnu11 -g3 -DSTM32F411xE -c -I"C:/project/study/stm32f411_boot/src" -I"C:/project/study/stm32f411_boot/src/ap" -I"C:/project/study/stm32f411_boot/src/bsp" -I"C:/project/study/stm32f411_boot/src/common" -I"C:/project/study/stm32f411_boot/src/common/core" -I"C:/project/study/stm32f411_boot/src/common/hw/include" -I"C:/project/study/stm32f411_boot/src/hw" -I"C:/project/study/stm32f411_boot/src/lib/cube_f411/Drivers/CMSIS/Device/ST/STM32F4xx/Include" -I"C:/project/study/stm32f411_boot/src/lib/cube_f411/Drivers/CMSIS/Include" -I"C:/project/study/stm32f411_boot/src/lib/cube_f411/Drivers/STM32F4xx_HAL_Driver/Inc" -I"C:/project/study/stm32f411_boot/src/hw/driver/usb" -I"C:/project/study/stm32f411_boot/src/hw/driver/usb/core" -I"C:/project/study/stm32f411_boot/src/hw/driver/usb/usb_cdc" -Os -ffunction-sections -fdata-sections -Wall -fstack-usage -fcyclomatic-complexity -MMD -MP -MF"src/hw/driver/usb/usb_cdc/usbd_cdc.d" -MT"src/hw/driver/usb/usb_cdc/usbd_cdc.o" --specs=nano.specs -mfpu=fpv4-sp-d16 -mfloat-abi=hard -mthumb -o "src/hw/driver/usb/usb_cdc/usbd_cdc.o"
arm-none-eabi-gcc "../src/hw/driver/usb/usb_cdc/usbd_cdc_if.c" -mcpu=cortex-m4 -std=gnu11 -g3 -DSTM32F411xE -c -I"C:/project/study/stm32f411_boot/src" -I"C:/project/study/stm32f411_boot/src/ap" -I"C:/project/study/stm32f411_boot/src/bsp" -I"C:/project/study/stm32f411_boot/src/common" -I"C:/project/study/stm32f411_boot/src/common/core" -I"C:/project/study/stm32f411_boot/src/common/hw/include" -I"C:/project/study/stm32f411_boot/src/hw" -I"C:/project/study/stm32f411_boot/src/lib/cube_f411/Drivers/CMSIS/Device/ST/STM32F4xx/Include" -I"C:/project/study/stm32f411_boot/src/lib/cube_f411/Drivers/CMSIS/Include" -I"C:/project/study/stm32f411_boot/src/lib/cube_f411/Drivers/STM32F4xx_HAL_Driver/Inc" -I"C:/project/study/stm32f411_boot/src/hw/driver/usb" -I"C:/project/study/stm32f411_boot/src/hw/driver/usb/core" -I"C:/project/study/stm32f411_boot/src/hw/driver/usb/usb_cdc" -Os -ffunction-sections -fdata-sections -Wall -fstack-usage -fcyclomatic-complexity -MMD -MP -MF"src/hw/driver/usb/usb_cdc/usbd_cdc_if.d" -MT"src/hw/driver/usb/usb_cdc/usbd_cdc_if.o" --specs=nano.specs -mfpu=fpv4-sp-d16 -mfloat-abi=hard -mthumb -o "src/hw/driver/usb/usb_cdc/usbd_cdc_if.o"
arm-none-eabi-gcc "../src/hw/driver/usb/usb_cdc/usbd_desc.c" -mcpu=cortex-m4 -std=gnu11 -g3 -DSTM32F411xE -c -I"C:/project/study/stm32f411_boot/src" -I"C:/project/study/stm32f411_boot/src/ap" -I"C:/project/study/stm32f411_boot/src/bsp" -I"C:/project/study/stm32f411_boot/src/common" -I"C:/project/study/stm32f411_boot/src/common/core" -I"C:/project/study/stm32f411_boot/src/common/hw/include" -I"C:/project/study/stm32f411_boot/src/hw" -I"C:/project/study/stm32f411_boot/src/lib/cube_f411/Drivers/CMSIS/Device/ST/STM32F4xx/Include" -I"C:/project/study/stm32f411_boot/src/lib/cube_f411/Drivers/CMSIS/Include" -I"C:/project/study/stm32f411_boot/src/lib/cube_f411/Drivers/STM32F4xx_HAL_Driver/Inc" -I"C:/project/study/stm32f411_boot/src/hw/driver/usb" -I"C:/project/study/stm32f411_boot/src/hw/driver/usb/core" -I"C:/project/study/stm32f411_boot/src/hw/driver/usb/usb_cdc" -Os -ffunction-sections -fdata-sections -Wall -fstack-usage -fcyclomatic-complexity -MMD -MP -MF"src/hw/driver/usb/usb_cdc/usbd_desc.d" -MT"src/hw/driver/usb/usb_cdc/usbd_desc.o" --specs=nano.specs -mfpu=fpv4-sp-d16 -mfloat-abi=hard -mthumb -o "src/hw/driver/usb/usb_cdc/usbd_desc.o"
arm-none-eabi-gcc "../src/hw/driver/usb/core/usbd_core.c" -mcpu=cortex-m4 -std=gnu11 -g3 -DSTM32F411xE -c -I"C:/project/study/stm32f411_boot/src" -I"C:/project/study/stm32f411_boot/src/ap" -I"C:/project/study/stm32f411_boot/src/bsp" -I"C:/project/study/stm32f411_boot/src/common" -I"C:/project/study/stm32f411_boot/src/common/core" -I"C:/project/study/stm32f411_boot/src/common/hw/include" -I"C:/project/study/stm32f411_boot/src/hw" -I"C:/project/study/stm32f411_boot/src/lib/cube_f411/Drivers/CMSIS/Device/ST/STM32F4xx/Include" -I"C:/project/study/stm32f411_boot/src/lib/cube_f411/Drivers/CMSIS/Include" -I"C:/project/study/stm32f411_boot/src/lib/cube_f411/Drivers/STM32F4xx_HAL_Driver/Inc" -I"C:/project/study/stm32f411_boot/src/hw/driver/usb" -I"C:/project/study/stm32f411_boot/src/hw/driver/usb/core" -I"C:/project/study/stm32f411_boot/src/hw/driver/usb/usb_cdc" -Os -ffunction-sections -fdata-sections -Wall -fstack-usage -fcyclomatic-complexity -MMD -MP -MF"src/hw/driver/usb/core/usbd_core.d" -MT"src/hw/driver/usb/core/usbd_core.o" --specs=nano.specs -mfpu=fpv4-sp-d16 -mfloat-abi=hard -mthumb -o "src/hw/driver/usb/core/usbd_core.o"
arm-none-eabi-gcc "../src/hw/driver/usb/core/usbd_ctlreq.c" -mcpu=cortex-m4 -std=gnu11 -g3 -DSTM32F411xE -c -I"C:/project/study/stm32f411_boot/src" -I"C:/project/study/stm32f411_boot/src/ap" -I"C:/project/study/stm32f411_boot/src/bsp" -I"C:/project/study/stm32f411_boot/src/common" -I"C:/project/study/stm32f411_boot/src/common/core" -I"C:/project/study/stm32f411_boot/src/common/hw/include" -I"C:/project/study/stm32f411_boot/src/hw" -I"C:/project/study/stm32f411_boot/src/lib/cube_f411/Drivers/CMSIS/Device/ST/STM32F4xx/Include" -I"C:/project/study/stm32f411_boot/src/lib/cube_f411/Drivers/CMSIS/Include" -I"C:/project/study/stm32f411_boot/src/lib/cube_f411/Drivers/STM32F4xx_HAL_Driver/Inc" -I"C:/project/study/stm32f411_boot/src/hw/driver/usb" -I"C:/project/study/stm32f411_boot/src/hw/driver/usb/core" -I"C:/project/study/stm32f411_boot/src/hw/driver/usb/usb_cdc" -Os -ffunction-sections -fdata-sections -Wall -fstack-usage -fcyclomatic-complexity -MMD -MP -MF"src/hw/driver/usb/core/usbd_ctlreq.d" -MT"src/hw/driver/usb/core/usbd_ctlreq.o" --specs=nano.specs -mfpu=fpv4-sp-d16 -mfloat-abi=hard -mthumb -o "src/hw/driver/usb/core/usbd_ctlreq.o"
arm-none-eabi-gcc "../src/hw/driver/usb/core/usbd_ioreq.c" -mcpu=cortex-m4 -std=gnu11 -g3 -DSTM32F411xE -c -I"C:/project/study/stm32f411_boot/src" -I"C:/project/study/stm32f411_boot/src/ap" -I"C:/project/study/stm32f411_boot/src/bsp" -I"C:/project/study/stm32f411_boot/src/common" -I"C:/project/study/stm32f411_boot/src/common/core" -I"C:/project/study/stm32f411_boot/src/common/hw/include" -I"C:/project/study/stm32f411_boot/src/hw" -I"C:/project/study/stm32f411_boot/src/lib/cube_f411/Drivers/CMSIS/Device/ST/STM32F4xx/Include" -I"C:/project/study/stm32f411_boot/src/lib/cube_f411/Drivers/CMSIS/Include" -I"C:/project/study/stm32f411_boot/src/lib/cube_f411/Drivers/STM32F4xx_HAL_Driver/Inc" -I"C:/project/study/stm32f411_boot/src/hw/driver/usb" -I"C:/project/study/stm32f411_boot/src/hw/driver/usb/core" -I"C:/project/study/stm32f411_boot/src/hw/driver/usb/usb_cdc" -Os -ffunction-sections -fdata-sections -Wall -fstack-usage -fcyclomatic-complexity -MMD -MP -MF"src/hw/driver/usb/core/usbd_ioreq.d" -MT"src/hw/driver/usb/core/usbd_ioreq.o" --specs=nano.specs -mfpu=fpv4-sp-d16 -mfloat-abi=hard -mthumb -o "src/hw/driver/usb/core/usbd_ioreq.o"
arm-none-eabi-gcc "../src/hw/driver/usb/usbd_conf.c" -mcpu=cortex-m4 -std=gnu11 -g3 -DSTM32F411xE -c -I"C:/project/study/stm32f411_boot/src" -I"C:/project/study/stm32f411_boot/src/ap" -I"C:/project/study/stm32f411_boot/src/bsp" -I"C:/project/study/stm32f411_boot/src/common" -I"C:/project/study/stm32f411_boot/src/common/core" -I"C:/project/study/stm32f411_boot/src/common/hw/include" -I"C:/project/study/stm32f411_boot/src/hw" -I"C:/project/study/stm32f411_boot/src/lib/cube_f411/Drivers/CMSIS/Device/ST/STM32F4xx/Include" -I"C:/project/study/stm32f411_boot/src/lib/cube_f411/Drivers/CMSIS/Include" -I"C:/project/study/stm32f411_boot/src/lib/cube_f411/Drivers/STM32F4xx_HAL_Driver/Inc" -I"C:/project/study/stm32f411_boot/src/hw/driver/usb" -I"C:/project/study/stm32f411_boot/src/hw/driver/usb/core" -I"C:/project/study/stm32f411_boot/src/hw/driver/usb/usb_cdc" -Os -ffunction-sections -fdata-sections -Wall -fstack-usage -fcyclomatic-complexity -MMD -MP -MF"src/hw/driver/usb/usbd_conf.d" -MT"src/hw/driver/usb/usbd_conf.o" --specs=nano.specs -mfpu=fpv4-sp-d16 -mfloat-abi=hard -mthumb -o "src/hw/driver/usb/usbd_conf.o"
arm-none-eabi-gcc "../src/hw/driver/button.c" -mcpu=cortex-m4 -std=gnu11 -g3 -DSTM32F411xE -c -I"C:/project/study/stm32f411_boot/src" -I"C:/project/study/stm32f411_boot/src/ap" -I"C:/project/study/stm32f411_boot/src/bsp" -I"C:/project/study/stm32f411_boot/src/common" -I"C:/project/study/stm32f411_boot/src/common/core" -I"C:/project/study/stm32f411_boot/src/common/hw/include" -I"C:/project/study/stm32f411_boot/src/hw" -I"C:/project/study/stm32f411_boot/src/lib/cube_f411/Drivers/CMSIS/Device/ST/STM32F4xx/Include" -I"C:/project/study/stm32f411_boot/src/lib/cube_f411/Drivers/CMSIS/Include" -I"C:/project/study/stm32f411_boot/src/lib/cube_f411/Drivers/STM32F4xx_HAL_Driver/Inc" -I"C:/project/study/stm32f411_boot/src/hw/driver/usb" -I"C:/project/study/stm32f411_boot/src/hw/driver/usb/core" -I"C:/project/study/stm32f411_boot/src/hw/driver/usb/usb_cdc" -Os -ffunction-sections -fdata-sections -Wall -fstack-usage -fcyclomatic-complexity -MMD -MP -MF"src/hw/driver/button.d" -MT"src/hw/driver/button.o" --specs=nano.specs -mfpu=fpv4-sp-d16 -mfloat-abi=hard -mthumb -o "src/hw/driver/button.o"
arm-none-eabi-gcc "../src/hw/driver/cdc.c" -mcpu=cortex-m4 -std=gnu11 -g3 -DSTM32F411xE -c -I"C:/project/study/stm32f411_boot/src" -I"C:/project/study/stm32f411_boot/src/ap" -I"C:/project/study/stm32f411_boot/src/bsp" -I"C:/project/study/stm32f411_boot/src/common" -I"C:/project/study/stm32f411_boot/src/common/core" -I"C:/project/study/stm32f411_boot/src/common/hw/include" -I"C:/project/study/stm32f411_boot/src/hw" -I"C:/project/study/stm32f411_boot/src/lib/cube_f411/Drivers/CMSIS/Device/ST/STM32F4xx/Include" -I"C:/project/study/stm32f411_boot/src/lib/cube_f411/Drivers/CMSIS/Include" -I"C:/project/study/stm32f411_boot/src/lib/cube_f411/Drivers/STM32F4xx_HAL_Driver/Inc" -I"C:/project/study/stm32f411_boot/src/hw/driver/usb" -I"C:/project/study/stm32f411_boot/src/hw/driver/usb/core" -I"C:/project/study/stm32f411_boot/src/hw/driver/usb/usb_cdc" -Os -ffunction-sections -fdata-sections -Wall -fstack-usage -fcyclomatic-complexity -MMD -MP -MF"src/hw/driver/cdc.d" -MT"src/hw/driver/cdc.o" --specs=nano.specs -mfpu=fpv4-sp-d16 -mfloat-abi=hard -mthumb -o "src/hw/driver/cdc.o"
arm-none-eabi-gcc "../src/hw/driver/cli.c" -mcpu=cortex-m4 -std=gnu11 -g3 -DSTM32F411xE -c -I"C:/project/study/stm32f411_boot/src" -I"C:/project/study/stm32f411_boot/src/ap" -I"C:/project/study/stm32f411_boot/src/bsp" -I"C:/project/study/stm32f411_boot/src/common" -I"C:/project/study/stm32f411_boot/src/common/core" -I"C:/project/study/stm32f411_boot/src/common/hw/include" -I"C:/project/study/stm32f411_boot/src/hw" -I"C:/project/study/stm32f411_boot/src/lib/cube_f411/Drivers/CMSIS/Device/ST/STM32F4xx/Include" -I"C:/project/study/stm32f411_boot/src/lib/cube_f411/Drivers/CMSIS/Include" -I"C:/project/study/stm32f411_boot/src/lib/cube_f411/Drivers/STM32F4xx_HAL_Driver/Inc" -I"C:/project/study/stm32f411_boot/src/hw/driver/usb" -I"C:/project/study/stm32f411_boot/src/hw/driver/usb/core" -I"C:/project/study/stm32f411_boot/src/hw/driver/usb/usb_cdc" -Os -ffunction-sections -fdata-sections -Wall -fstack-usage -fcyclomatic-complexity -MMD -MP -MF"src/hw/driver/cli.d" -MT"src/hw/driver/cli.o" --specs=nano.specs -mfpu=fpv4-sp-d16 -mfloat-abi=hard -mthumb -o "src/hw/driver/cli.o"
arm-none-eabi-gcc "../src/hw/driver/fatfs.c" -mcpu=cortex-m4 -std=gnu11 -g3 -DSTM32F411xE -c -I"C:/project/study/stm32f411_boot/src" -I"C:/project/study/stm32f411_boot/src/ap" -I"C:/project/study/stm32f411_boot/src/bsp" -I"C:/project/study/stm32f411_boot/src/common" -I"C:/project/study/stm32f411_boot/src/common/core" -I"C:/project/study/stm32f411_boot/src/common/hw/include" -I"C:/project/study/stm32f411_boot/src/hw" -I"C:/project/study/stm32f411_boot/src/lib/cube_f411/Drivers/CMSIS/Device/ST/STM32F4xx/Include" -I"C:/project/study/stm32f411_boot/src/lib/cube_f411/Drivers/CMSIS/Include" -I"C:/project/study/stm32f411_boot/src/lib/cube_f411/Drivers/STM32F4xx_HAL_Driver/Inc" -I"C:/project/study/stm32f411_boot/src/hw/driver/usb" -I"C:/project/study/stm32f411_boot/src/hw/driver/usb/core" -I"C:/project/study/stm32f411_boot/src/hw/driver/usb/usb_cdc" -Os -ffunction-sections -fdata-sections -Wall -fstack-usage -fcyclomatic-complexity -MMD -MP -MF"src/hw/driver/fatfs.d" -MT"src/hw/driver/fatfs.o" --specs=nano.specs -mfpu=fpv4-sp-d16 -mfloat-abi=hard -mthumb -o "src/hw/driver/fatfs.o"
arm-none-eabi-gcc "../src/hw/driver/flash.c" -mcpu=cortex-m4 -std=gnu11 -g3 -DSTM32F411xE -c -I"C:/project/study/stm32f411_boot/src" -I"C:/project/study/stm32f411_boot/src/ap" -I"C:/project/study/stm32f411_boot/src/bsp" -I"C:/project/study/stm32f411_boot/src/common" -I"C:/project/study/stm32f411_boot/src/common/core" -I"C:/project/study/stm32f411_boot/src/common/hw/include" -I"C:/project/study/stm32f411_boot/src/hw" -I"C:/project/study/stm32f411_boot/src/lib/cube_f411/Drivers/CMSIS/Device/ST/STM32F4xx/Include" -I"C:/project/study/stm32f411_boot/src/lib/cube_f411/Drivers/CMSIS/Include" -I"C:/project/study/stm32f411_boot/src/lib/cube_f411/Drivers/STM32F4xx_HAL_Driver/Inc" -I"C:/project/study/stm32f411_boot/src/hw/driver/usb" -I"C:/project/study/stm32f411_boot/src/hw/driver/usb/core" -I"C:/project/study/stm32f411_boot/src/hw/driver/usb/usb_cdc" -Os -ffunction-sections -fdata-sections -Wall -fstack-usage -fcyclomatic-complexity -MMD -MP -MF"src/hw/driver/flash.d" -MT"src/hw/driver/flash.o" --specs=nano.specs -mfpu=fpv4-sp-d16 -mfloat-abi=hard -mthumb -o "src/hw/driver/flash.o"
arm-none-eabi-gcc "../src/hw/driver/gpio.c" -mcpu=cortex-m4 -std=gnu11 -g3 -DSTM32F411xE -c -I"C:/project/study/stm32f411_boot/src" -I"C:/project/study/stm32f411_boot/src/ap" -I"C:/project/study/stm32f411_boot/src/bsp" -I"C:/project/study/stm32f411_boot/src/common" -I"C:/project/study/stm32f411_boot/src/common/core" -I"C:/project/study/stm32f411_boot/src/common/hw/include" -I"C:/project/study/stm32f411_boot/src/hw" -I"C:/project/study/stm32f411_boot/src/lib/cube_f411/Drivers/CMSIS/Device/ST/STM32F4xx/Include" -I"C:/project/study/stm32f411_boot/src/lib/cube_f411/Drivers/CMSIS/Include" -I"C:/project/study/stm32f411_boot/src/lib/cube_f411/Drivers/STM32F4xx_HAL_Driver/Inc" -I"C:/project/study/stm32f411_boot/src/hw/driver/usb" -I"C:/project/study/stm32f411_boot/src/hw/driver/usb/core" -I"C:/project/study/stm32f411_boot/src/hw/driver/usb/usb_cdc" -Os -ffunction-sections -fdata-sections -Wall -fstack-usage -fcyclomatic-complexity -MMD -MP -MF"src/hw/driver/gpio.d" -MT"src/hw/driver/gpio.o" --specs=nano.specs -mfpu=fpv4-sp-d16 -mfloat-abi=hard -mthumb -o "src/hw/driver/gpio.o"
arm-none-eabi-gcc "../src/hw/driver/lcd.c" -mcpu=cortex-m4 -std=gnu11 -g3 -DSTM32F411xE -c -I"C:/project/study/stm32f411_boot/src" -I"C:/project/study/stm32f411_boot/src/ap" -I"C:/project/study/stm32f411_boot/src/bsp" -I"C:/project/study/stm32f411_boot/src/common" -I"C:/project/study/stm32f411_boot/src/common/core" -I"C:/project/study/stm32f411_boot/src/common/hw/include" -I"C:/project/study/stm32f411_boot/src/hw" -I"C:/project/study/stm32f411_boot/src/lib/cube_f411/Drivers/CMSIS/Device/ST/STM32F4xx/Include" -I"C:/project/study/stm32f411_boot/src/lib/cube_f411/Drivers/CMSIS/Include" -I"C:/project/study/stm32f411_boot/src/lib/cube_f411/Drivers/STM32F4xx_HAL_Driver/Inc" -I"C:/project/study/stm32f411_boot/src/hw/driver/usb" -I"C:/project/study/stm32f411_boot/src/hw/driver/usb/core" -I"C:/project/study/stm32f411_boot/src/hw/driver/usb/usb_cdc" -Os -ffunction-sections -fdata-sections -Wall -fstack-usage -fcyclomatic-complexity -MMD -MP -MF"src/hw/driver/lcd.d" -MT"src/hw/driver/lcd.o" --specs=nano.specs -mfpu=fpv4-sp-d16 -mfloat-abi=hard -mthumb -o "src/hw/driver/lcd.o"
arm-none-eabi-gcc "../src/hw/driver/led.c" -mcpu=cortex-m4 -std=gnu11 -g3 -DSTM32F411xE -c -I"C:/project/study/stm32f411_boot/src" -I"C:/project/study/stm32f411_boot/src/ap" -I"C:/project/study/stm32f411_boot/src/bsp" -I"C:/project/study/stm32f411_boot/src/common" -I"C:/project/study/stm32f411_boot/src/common/core" -I"C:/project/study/stm32f411_boot/src/common/hw/include" -I"C:/project/study/stm32f411_boot/src/hw" -I"C:/project/study/stm32f411_boot/src/lib/cube_f411/Drivers/CMSIS/Device/ST/STM32F4xx/Include" -I"C:/project/study/stm32f411_boot/src/lib/cube_f411/Drivers/CMSIS/Include" -I"C:/project/study/stm32f411_boot/src/lib/cube_f411/Drivers/STM32F4xx_HAL_Driver/Inc" -I"C:/project/study/stm32f411_boot/src/hw/driver/usb" -I"C:/project/study/stm32f411_boot/src/hw/driver/usb/core" -I"C:/project/study/stm32f411_boot/src/hw/driver/usb/usb_cdc" -Os -ffunction-sections -fdata-sections -Wall -fstack-usage -fcyclomatic-complexity -MMD -MP -MF"src/hw/driver/led.d" -MT"src/hw/driver/led.o" --specs=nano.specs -mfpu=fpv4-sp-d16 -mfloat-abi=hard -mthumb -o "src/hw/driver/led.o"
arm-none-eabi-gcc "../src/hw/driver/reset.c" -mcpu=cortex-m4 -std=gnu11 -g3 -DSTM32F411xE -c -I"C:/project/study/stm32f411_boot/src" -I"C:/project/study/stm32f411_boot/src/ap" -I"C:/project/study/stm32f411_boot/src/bsp" -I"C:/project/study/stm32f411_boot/src/common" -I"C:/project/study/stm32f411_boot/src/common/core" -I"C:/project/study/stm32f411_boot/src/common/hw/include" -I"C:/project/study/stm32f411_boot/src/hw" -I"C:/project/study/stm32f411_boot/src/lib/cube_f411/Drivers/CMSIS/Device/ST/STM32F4xx/Include" -I"C:/project/study/stm32f411_boot/src/lib/cube_f411/Drivers/CMSIS/Include" -I"C:/project/study/stm32f411_boot/src/lib/cube_f411/Drivers/STM32F4xx_HAL_Driver/Inc" -I"C:/project/study/stm32f411_boot/src/hw/driver/usb" -I"C:/project/study/stm32f411_boot/src/hw/driver/usb/core" -I"C:/project/study/stm32f411_boot/src/hw/driver/usb/usb_cdc" -Os -ffunction-sections -fdata-sections -Wall -fstack-usage -fcyclomatic-complexity -MMD -MP -MF"src/hw/driver/reset.d" -MT"src/hw/driver/reset.o" --specs=nano.specs -mfpu=fpv4-sp-d16 -mfloat-abi=hard -mthumb -o "src/hw/driver/reset.o"
arm-none-eabi-gcc "../src/hw/driver/rtc.c" -mcpu=cortex-m4 -std=gnu11 -g3 -DSTM32F411xE -c -I"C:/project/study/stm32f411_boot/src" -I"C:/project/study/stm32f411_boot/src/ap" -I"C:/project/study/stm32f411_boot/src/bsp" -I"C:/project/study/stm32f411_boot/src/common" -I"C:/project/study/stm32f411_boot/src/common/core" -I"C:/project/study/stm32f411_boot/src/common/hw/include" -I"C:/project/study/stm32f411_boot/src/hw" -I"C:/project/study/stm32f411_boot/src/lib/cube_f411/Drivers/CMSIS/Device/ST/STM32F4xx/Include" -I"C:/project/study/stm32f411_boot/src/lib/cube_f411/Drivers/CMSIS/Include" -I"C:/project/study/stm32f411_boot/src/lib/cube_f411/Drivers/STM32F4xx_HAL_Driver/Inc" -I"C:/project/study/stm32f411_boot/src/hw/driver/usb" -I"C:/project/study/stm32f411_boot/src/hw/driver/usb/core" -I"C:/project/study/stm32f411_boot/src/hw/driver/usb/usb_cdc" -Os -ffunction-sections -fdata-sections -Wall -fstack-usage -fcyclomatic-complexity -MMD -MP -MF"src/hw/driver/rtc.d" -MT"src/hw/driver/rtc.o" --specs=nano.specs -mfpu=fpv4-sp-d16 -mfloat-abi=hard -mthumb -o "src/hw/driver/rtc.o"
arm-none-eabi-gcc "../src/hw/driver/sd.c" -mcpu=cortex-m4 -std=gnu11 -g3 -DSTM32F411xE -c -I"C:/project/study/stm32f411_boot/src" -I"C:/project/study/stm32f411_boot/src/ap" -I"C:/project/study/stm32f411_boot/src/bsp" -I"C:/project/study/stm32f411_boot/src/common" -I"C:/project/study/stm32f411_boot/src/common/core" -I"C:/project/study/stm32f411_boot/src/common/hw/include" -I"C:/project/study/stm32f411_boot/src/hw" -I"C:/project/study/stm32f411_boot/src/lib/cube_f411/Drivers/CMSIS/Device/ST/STM32F4xx/Include" -I"C:/project/study/stm32f411_boot/src/lib/cube_f411/Drivers/CMSIS/Include" -I"C:/project/study/stm32f411_boot/src/lib/cube_f411/Drivers/STM32F4xx_HAL_Driver/Inc" -I"C:/project/study/stm32f411_boot/src/hw/driver/usb" -I"C:/project/study/stm32f411_boot/src/hw/driver/usb/core" -I"C:/project/study/stm32f411_boot/src/hw/driver/usb/usb_cdc" -Os -ffunction-sections -fdata-sections -Wall -fstack-usage -fcyclomatic-complexity -MMD -MP -MF"src/hw/driver/sd.d" -MT"src/hw/driver/sd.o" --specs=nano.specs -mfpu=fpv4-sp-d16 -mfloat-abi=hard -mthumb -o "src/hw/driver/sd.o"
arm-none-eabi-gcc "../src/hw/driver/spi.c" -mcpu=cortex-m4 -std=gnu11 -g3 -DSTM32F411xE -c -I"C:/project/study/stm32f411_boot/src" -I"C:/project/study/stm32f411_boot/src/ap" -I"C:/project/study/stm32f411_boot/src/bsp" -I"C:/project/study/stm32f411_boot/src/common" -I"C:/project/study/stm32f411_boot/src/common/core" -I"C:/project/study/stm32f411_boot/src/common/hw/include" -I"C:/project/study/stm32f411_boot/src/hw" -I"C:/project/study/stm32f411_boot/src/lib/cube_f411/Drivers/CMSIS/Device/ST/STM32F4xx/Include" -I"C:/project/study/stm32f411_boot/src/lib/cube_f411/Drivers/CMSIS/Include" -I"C:/project/study/stm32f411_boot/src/lib/cube_f411/Drivers/STM32F4xx_HAL_Driver/Inc" -I"C:/project/study/stm32f411_boot/src/hw/driver/usb" -I"C:/project/study/stm32f411_boot/src/hw/driver/usb/core" -I"C:/project/study/stm32f411_boot/src/hw/driver/usb/usb_cdc" -Os -ffunction-sections -fdata-sections -Wall -fstack-usage -fcyclomatic-complexity -MMD -MP -MF"src/hw/driver/spi.d" -MT"src/hw/driver/spi.o" --specs=nano.specs -mfpu=fpv4-sp-d16 -mfloat-abi=hard -mthumb -o "src/hw/driver/spi.o"
arm-none-eabi-gcc "../src/hw/driver/uart.c" -mcpu=cortex-m4 -std=gnu11 -g3 -DSTM32F411xE -c -I"C:/project/study/stm32f411_boot/src" -I"C:/project/study/stm32f411_boot/src/ap" -I"C:/project/study/stm32f411_boot/src/bsp" -I"C:/project/study/stm32f411_boot/src/common" -I"C:/project/study/stm32f411_boot/src/common/core" -I"C:/project/study/stm32f411_boot/src/common/hw/include" -I"C:/project/study/stm32f411_boot/src/hw" -I"C:/project/study/stm32f411_boot/src/lib/cube_f411/Drivers/CMSIS/Device/ST/STM32F4xx/Include" -I"C:/project/study/stm32f411_boot/src/lib/cube_f411/Drivers/CMSIS/Include" -I"C:/project/study/stm32f411_boot/src/lib/cube_f411/Drivers/STM32F4xx_HAL_Driver/Inc" -I"C:/project/study/stm32f411_boot/src/hw/driver/usb" -I"C:/project/study/stm32f411_boot/src/hw/driver/usb/core" -I"C:/project/study/stm32f411_boot/src/hw/driver/usb/usb_cdc" -Os -ffunction-sections -fdata-sections -Wall -fstack-usage -fcyclomatic-complexity -MMD -MP -MF"src/hw/driver/uart.d" -MT"src/hw/driver/uart.o" --specs=nano.specs -mfpu=fpv4-sp-d16 -mfloat-abi=hard -mthumb -o "src/hw/driver/uart.o"
arm-none-eabi-gcc "../src/hw/driver/usb.c" -mcpu=cortex-m4 -std=gnu11 -g3 -DSTM32F411xE -c -I"C:/project/study/stm32f411_boot/src" -I"C:/project/study/stm32f411_boot/src/ap" -I"C:/project/study/stm32f411_boot/src/bsp" -I"C:/project/study/stm32f411_boot/src/common" -I"C:/project/study/stm32f411_boot/src/common/core" -I"C:/project/study/stm32f411_boot/src/common/hw/include" -I"C:/project/study/stm32f411_boot/src/hw" -I"C:/project/study/stm32f411_boot/src/lib/cube_f411/Drivers/CMSIS/Device/ST/STM32F4xx/Include" -I"C:/project/study/stm32f411_boot/src/lib/cube_f411/Drivers/CMSIS/Include" -I"C:/project/study/stm32f411_boot/src/lib/cube_f411/Drivers/STM32F4xx_HAL_Driver/Inc" -I"C:/project/study/stm32f411_boot/src/hw/driver/usb" -I"C:/project/study/stm32f411_boot/src/hw/driver/usb/core" -I"C:/project/study/stm32f411_boot/src/hw/driver/usb/usb_cdc" -Os -ffunction-sections -fdata-sections -Wall -fstack-usage -fcyclomatic-complexity -MMD -MP -MF"src/hw/driver/usb.d" -MT"src/hw/driver/usb.o" --specs=nano.specs -mfpu=fpv4-sp-d16 -mfloat-abi=hard -mthumb -o "src/hw/driver/usb.o"
arm-none-eabi-gcc "../src/hw/hw.c" -mcpu=cortex-m4 -std=gnu11 -g3 -DSTM32F411xE -c -I"C:/project/study/stm32f411_boot/src" -I"C:/project/study/stm32f411_boot/src/ap" -I"C:/project/study/stm32f411_boot/src/bsp" -I"C:/project/study/stm32f411_boot/src/common" -I"C:/project/study/stm32f411_boot/src/common/core" -I"C:/project/study/stm32f411_boot/src/common/hw/include" -I"C:/project/study/stm32f411_boot/src/hw" -I"C:/project/study/stm32f411_boot/src/lib/cube_f411/Drivers/CMSIS/Device/ST/STM32F4xx/Include" -I"C:/project/study/stm32f411_boot/src/lib/cube_f411/Drivers/CMSIS/Include" -I"C:/project/study/stm32f411_boot/src/lib/cube_f411/Drivers/STM32F4xx_HAL_Driver/Inc" -I"C:/project/study/stm32f411_boot/src/hw/driver/usb" -I"C:/project/study/stm32f411_boot/src/hw/driver/usb/core" -I"C:/project/study/stm32f411_boot/src/hw/driver/usb/usb_cdc" -Os -ffunction-sections -fdata-sections -Wall -fstack-usage -fcyclomatic-complexity -MMD -MP -MF"src/hw/hw.d" -MT"src/hw/hw.o" --specs=nano.specs -mfpu=fpv4-sp-d16 -mfloat-abi=hard -mthumb -o "src/hw/hw.o"
arm-none-eabi-gcc "../src/common/core/qbuffer.c" -mcpu=cortex-m4 -std=gnu11 -g3 -DSTM32F411xE -c -I"C:/project/study/stm32f411_boot/src" -I"C:/project/study/stm32f411_boot/src/ap" -I"C:/project/study/stm32f411_boot/src/bsp" -I"C:/project/study/stm32f411_boot/src/common" -I"C:/project/study/stm32f411_boot/src/common/core" -I"C:/project/study/stm32f411_boot/src/common/hw/include" -I"C:/project/study/stm32f411_boot/src/hw" -I"C:/project/study/stm32f411_boot/src/lib/cube_f411/Drivers/CMSIS/Device/ST/STM32F4xx/Include" -I"C:/project/study/stm32f411_boot/src/lib/cube_f411/Drivers/CMSIS/Include" -I"C:/project/study/stm32f411_boot/src/lib/cube_f411/Drivers/STM32F4xx_HAL_Driver/Inc" -I"C:/project/study/stm32f411_boot/src/hw/driver/usb" -I"C:/project/study/stm32f411_boot/src/hw/driver/usb/core" -I"C:/project/study/stm32f411_boot/src/hw/driver/usb/usb_cdc" -Os -ffunction-sections -fdata-sections -Wall -fstack-usage -fcyclomatic-complexity -MMD -MP -MF"src/common/core/qbuffer.d" -MT"src/common/core/qbuffer.o" --specs=nano.specs -mfpu=fpv4-sp-d16 -mfloat-abi=hard -mthumb -o "src/common/core/qbuffer.o"
arm-none-eabi-gcc "../src/bsp/bsp.c" -mcpu=cortex-m4 -std=gnu11 -g3 -DSTM32F411xE -c -I"C:/project/study/stm32f411_boot/src" -I"C:/project/study/stm32f411_boot/src/ap" -I"C:/project/study/stm32f411_boot/src/bsp" -I"C:/project/study/stm32f411_boot/src/common" -I"C:/project/study/stm32f411_boot/src/common/core" -I"C:/project/study/stm32f411_boot/src/common/hw/include" -I"C:/project/study/stm32f411_boot/src/hw" -I"C:/project/study/stm32f411_boot/src/lib/cube_f411/Drivers/CMSIS/Device/ST/STM32F4xx/Include" -I"C:/project/study/stm32f411_boot/src/lib/cube_f411/Drivers/CMSIS/Include" -I"C:/project/study/stm32f411_boot/src/lib/cube_f411/Drivers/STM32F4xx_HAL_Driver/Inc" -I"C:/project/study/stm32f411_boot/src/hw/driver/usb" -I"C:/project/study/stm32f411_boot/src/hw/driver/usb/core" -I"C:/project/study/stm32f411_boot/src/hw/driver/usb/usb_cdc" -Os -ffunction-sections -fdata-sections -Wall -fstack-usage -fcyclomatic-complexity -MMD -MP -MF"src/bsp/bsp.d" -MT"src/bsp/bsp.o" --specs=nano.specs -mfpu=fpv4-sp-d16 -mfloat-abi=hard -mthumb -o "src/bsp/bsp.o"
arm-none-eabi-gcc "../src/bsp/stm32f4xx_hal_msp.c" -mcpu=cortex-m4 -std=gnu11 -g3 -DSTM32F411xE -c -I"C:/project/study/stm32f411_boot/src" -I"C:/project/study/stm32f411_boot/src/ap" -I"C:/project/study/stm32f411_boot/src/bsp" -I"C:/project/study/stm32f411_boot/src/common" -I"C:/project/study/stm32f411_boot/src/common/core" -I"C:/project/study/stm32f411_boot/src/common/hw/include" -I"C:/project/study/stm32f411_boot/src/hw" -I"C:/project/study/stm32f411_boot/src/lib/cube_f411/Drivers/CMSIS/Device/ST/STM32F4xx/Include" -I"C:/project/study/stm32f411_boot/src/lib/cube_f411/Drivers/CMSIS/Include" -I"C:/project/study/stm32f411_boot/src/lib/cube_f411/Drivers/STM32F4xx_HAL_Driver/Inc" -I"C:/project/study/stm32f411_boot/src/hw/driver/usb" -I"C:/project/study/stm32f411_boot/src/hw/driver/usb/core" -I"C:/project/study/stm32f411_boot/src/hw/driver/usb/usb_cdc" -Os -ffunction-sections -fdata-sections -Wall -fstack-usage -fcyclomatic-complexity -MMD -MP -MF"src/bsp/stm32f4xx_hal_msp.d" -MT"src/bsp/stm32f4xx_hal_msp.o" --specs=nano.specs -mfpu=fpv4-sp-d16 -mfloat-abi=hard -mthumb -o "src/bsp/stm32f4xx_hal_msp.o"
arm-none-eabi-gcc "../src/bsp/stm32f4xx_it.c" -mcpu=cortex-m4 -std=gnu11 -g3 -DSTM32F411xE -c -I"C:/project/study/stm32f411_boot/src" -I"C:/project/study/stm32f411_boot/src/ap" -I"C:/project/study/stm32f411_boot/src/bsp" -I"C:/project/study/stm32f411_boot/src/common" -I"C:/project/study/stm32f411_boot/src/common/core" -I"C:/project/study/stm32f411_boot/src/common/hw/include" -I"C:/project/study/stm32f411_boot/src/hw" -I"C:/project/study/stm32f411_boot/src/lib/cube_f411/Drivers/CMSIS/Device/ST/STM32F4xx/Include" -I"C:/project/study/stm32f411_boot/src/lib/cube_f411/Drivers/CMSIS/Include" -I"C:/project/study/stm32f411_boot/src/lib/cube_f411/Drivers/STM32F4xx_HAL_Driver/Inc" -I"C:/project/study/stm32f411_boot/src/hw/driver/usb" -I"C:/project/study/stm32f411_boot/src/hw/driver/usb/core" -I"C:/project/study/stm32f411_boot/src/hw/driver/usb/usb_cdc" -Os -ffunction-sections -fdata-sections -Wall -fstack-usage -fcyclomatic-complexity -MMD -MP -MF"src/bsp/stm32f4xx_it.d" -MT"src/bsp/stm32f4xx_it.o" --specs=nano.specs -mfpu=fpv4-sp-d16 -mfloat-abi=hard -mthumb -o "src/bsp/stm32f4xx_it.o"
arm-none-eabi-gcc "../src/bsp/syscalls.c" -mcpu=cortex-m4 -std=gnu11 -g3 -DSTM32F411xE -c -I"C:/project/study/stm32f411_boot/src" -I"C:/project/study/stm32f411_boot/src/ap" -I"C:/project/study/stm32f411_boot/src/bsp" -I"C:/project/study/stm32f411_boot/src/common" -I"C:/project/study/stm32f411_boot/src/common/core" -I"C:/project/study/stm32f411_boot/src/common/hw/include" -I"C:/project/study/stm32f411_boot/src/hw" -I"C:/project/study/stm32f411_boot/src/lib/cube_f411/Drivers/CMSIS/Device/ST/STM32F4xx/Include" -I"C:/project/study/stm32f411_boot/src/lib/cube_f411/Drivers/CMSIS/Include" -I"C:/project/study/stm32f411_boot/src/lib/cube_f411/Drivers/STM32F4xx_HAL_Driver/Inc" -I"C:/project/study/stm32f411_boot/src/hw/driver/usb" -I"C:/project/study/stm32f411_boot/src/hw/driver/usb/core" -I"C:/project/study/stm32f411_boot/src/hw/driver/usb/usb_cdc" -Os -ffunction-sections -fdata-sections -Wall -fstack-usage -fcyclomatic-complexity -MMD -MP -MF"src/bsp/syscalls.d" -MT"src/bsp/syscalls.o" --specs=nano.specs -mfpu=fpv4-sp-d16 -mfloat-abi=hard -mthumb -o "src/bsp/syscalls.o"
arm-none-eabi-gcc "../src/bsp/sysmem.c" -mcpu=cortex-m4 -std=gnu11 -g3 -DSTM32F411xE -c -I"C:/project/study/stm32f411_boot/src" -I"C:/project/study/stm32f411_boot/src/ap" -I"C:/project/study/stm32f411_boot/src/bsp" -I"C:/project/study/stm32f411_boot/src/common" -I"C:/project/study/stm32f411_boot/src/common/core" -I"C:/project/study/stm32f411_boot/src/common/hw/include" -I"C:/project/study/stm32f411_boot/src/hw" -I"C:/project/study/stm32f411_boot/src/lib/cube_f411/Drivers/CMSIS/Device/ST/STM32F4xx/Include" -I"C:/project/study/stm32f411_boot/src/lib/cube_f411/Drivers/CMSIS/Include" -I"C:/project/study/stm32f411_boot/src/lib/cube_f411/Drivers/STM32F4xx_HAL_Driver/Inc" -I"C:/project/study/stm32f411_boot/src/hw/driver/usb" -I"C:/project/study/stm32f411_boot/src/hw/driver/usb/core" -I"C:/project/study/stm32f411_boot/src/hw/driver/usb/usb_cdc" -Os -ffunction-sections -fdata-sections -Wall -fstack-usage -fcyclomatic-complexity -MMD -MP -MF"src/bsp/sysmem.d" -MT"src/bsp/sysmem.o" --specs=nano.specs -mfpu=fpv4-sp-d16 -mfloat-abi=hard -mthumb -o "src/bsp/sysmem.o"
arm-none-eabi-gcc "../src/bsp/system_stm32f4xx.c" -mcpu=cortex-m4 -std=gnu11 -g3 -DSTM32F411xE -c -I"C:/project/study/stm32f411_boot/src" -I"C:/project/study/stm32f411_boot/src/ap" -I"C:/project/study/stm32f411_boot/src/bsp" -I"C:/project/study/stm32f411_boot/src/common" -I"C:/project/study/stm32f411_boot/src/common/core" -I"C:/project/study/stm32f411_boot/src/common/hw/include" -I"C:/project/study/stm32f411_boot/src/hw" -I"C:/project/study/stm32f411_boot/src/lib/cube_f411/Drivers/CMSIS/Device/ST/STM32F4xx/Include" -I"C:/project/study/stm32f411_boot/src/lib/cube_f411/Drivers/CMSIS/Include" -I"C:/project/study/stm32f411_boot/src/lib/cube_f411/Drivers/STM32F4xx_HAL_Driver/Inc" -I"C:/project/study/stm32f411_boot/src/hw/driver/usb" -I"C:/project/study/stm32f411_boot/src/hw/driver/usb/core" -I"C:/project/study/stm32f411_boot/src/hw/driver/usb/usb_cdc" -Os -ffunction-sections -fdata-sections -Wall -fstack-usage -fcyclomatic-complexity -MMD -MP -MF"src/bsp/system_stm32f4xx.d" -MT"src/bsp/system_stm32f4xx.o" --specs=nano.specs -mfpu=fpv4-sp-d16 -mfloat-abi=hard -mthumb -o "src/bsp/system_stm32f4xx.o"
arm-none-eabi-gcc "../src/ap/ap.c" -mcpu=cortex-m4 -std=gnu11 -g3 -DSTM32F411xE -c -I"C:/project/study/stm32f411_boot/src" -I"C:/project/study/stm32f411_boot/src/ap" -I"C:/project/study/stm32f411_boot/src/bsp" -I"C:/project/study/stm32f411_boot/src/common" -I"C:/project/study/stm32f411_boot/src/common/core" -I"C:/project/study/stm32f411_boot/src/common/hw/include" -I"C:/project/study/stm32f411_boot/src/hw" -I"C:/project/study/stm32f411_boot/src/lib/cube_f411/Drivers/CMSIS/Device/ST/STM32F4xx/Include" -I"C:/project/study/stm32f411_boot/src/lib/cube_f411/Drivers/CMSIS/Include" -I"C:/project/study/stm32f411_boot/src/lib/cube_f411/Drivers/STM32F4xx_HAL_Driver/Inc" -I"C:/project/study/stm32f411_boot/src/hw/driver/usb" -I"C:/project/study/stm32f411_boot/src/hw/driver/usb/core" -I"C:/project/study/stm32f411_boot/src/hw/driver/usb/usb_cdc" -Os -ffunction-sections -fdata-sections -Wall -fstack-usage -fcyclomatic-complexity -MMD -MP -MF"src/ap/ap.d" -MT"src/ap/ap.o" --specs=nano.specs -mfpu=fpv4-sp-d16 -mfloat-abi=hard -mthumb -o "src/ap/ap.o"
arm-none-eabi-gcc "../src/main.c" -mcpu=cortex-m4 -std=gnu11 -g3 -DSTM32F411xE -c -I"C:/project/study/stm32f411_boot/src" -I"C:/project/study/stm32f411_boot/src/ap" -I"C:/project/study/stm32f411_boot/src/bsp" -I"C:/project/study/stm32f411_boot/src/common" -I"C:/project/study/stm32f411_boot/src/common/core" -I"C:/project/study/stm32f411_boot/src/common/hw/include" -I"C:/project/study/stm32f411_boot/src/hw" -I"C:/project/study/stm32f411_boot/src/lib/cube_f411/Drivers/CMSIS/Device/ST/STM32F4xx/Include" -I"C:/project/study/stm32f411_boot/src/lib/cube_f411/Drivers/CMSIS/Include" -I"C:/project/study/stm32f411_boot/src/lib/cube_f411/Drivers/STM32F4xx_HAL_Driver/Inc" -I"C:/project/study/stm32f411_boot/src/hw/driver/usb" -I"C:/project/study/stm32f411_boot/src/hw/driver/usb/core" -I"C:/project/study/stm32f411_boot/src/hw/driver/usb/usb_cdc" -Os -ffunction-sections -fdata-sections -Wall -fstack-usage -fcyclomatic-complexity -MMD -MP -MF"src/main.d" -MT"src/main.o" --specs=nano.specs -mfpu=fpv4-sp-d16 -mfloat-abi=hard -mthumb -o "src/main.o"
arm-none-eabi-gcc "../.metadata/.plugins/org.eclipse.cdt.managedbuilder.core/spec.c" -mcpu=cortex-m4 -std=gnu11 -g3 -DSTM32F411xE -c -I"C:/project/study/stm32f411_boot/src" -I"C:/project/study/stm32f411_boot/src/ap" -I"C:/project/study/stm32f411_boot/src/bsp" -I"C:/project/study/stm32f411_boot/src/common" -I"C:/project/study/stm32f411_boot/src/common/core" -I"C:/project/study/stm32f411_boot/src/common/hw/include" -I"C:/project/study/stm32f411_boot/src/hw" -I"C:/project/study/stm32f411_boot/src/lib/cube_f411/Drivers/CMSIS/Device/ST/STM32F4xx/Include" -I"C:/project/study/stm32f411_boot/src/lib/cube_f411/Drivers/CMSIS/Include" -I"C:/project/study/stm32f411_boot/src/lib/cube_f411/Drivers/STM32F4xx_HAL_Driver/Inc" -I"C:/project/study/stm32f411_boot/src/hw/driver/usb" -I"C:/project/study/stm32f411_boot/src/hw/driver/usb/core" -I"C:/project/study/stm32f411_boot/src/hw/driver/usb/usb_cdc" -Os -ffunction-sections -fdata-sections -Wall -fstack-usage -fcyclomatic-complexity -MMD -MP -MF".metadata/.plugins/org.eclipse.cdt.managedbuilder.core/spec.d" -MT".metadata/.plugins/org.eclipse.cdt.managedbuilder.core/spec.o" --specs=nano.specs -mfpu=fpv4-sp-d16 -mfloat-abi=hard -mthumb -o ".metadata/.plugins/org.eclipse.cdt.managedbuilder.core/spec.o"
arm-none-eabi-gcc "../.metadata/.plugins/org.eclipse.cdt.make.core/specs.c" -mcpu=cortex-m4 -std=gnu11 -g3 -DSTM32F411xE -c -I"C:/project/study/stm32f411_boot/src" -I"C:/project/study/stm32f411_boot/src/ap" -I"C:/project/study/stm32f411_boot/src/bsp" -I"C:/project/study/stm32f411_boot/src/common" -I"C:/project/study/stm32f411_boot/src/common/core" -I"C:/project/study/stm32f411_boot/src/common/hw/include" -I"C:/project/study/stm32f411_boot/src/hw" -I"C:/project/study/stm32f411_boot/src/lib/cube_f411/Drivers/CMSIS/Device/ST/STM32F4xx/Include" -I"C:/project/study/stm32f411_boot/src/lib/cube_f411/Drivers/CMSIS/Include" -I"C:/project/study/stm32f411_boot/src/lib/cube_f411/Drivers/STM32F4xx_HAL_Driver/Inc" -I"C:/project/study/stm32f411_boot/src/hw/driver/usb" -I"C:/project/study/stm32f411_boot/src/hw/driver/usb/core" -I"C:/project/study/stm32f411_boot/src/hw/driver/usb/usb_cdc" -Os -ffunction-sections -fdata-sections -Wall -fstack-usage -fcyclomatic-complexity -MMD -MP -MF".metadata/.plugins/org.eclipse.cdt.make.core/specs.d" -MT".metadata/.plugins/org.eclipse.cdt.make.core/specs.o" --specs=nano.specs -mfpu=fpv4-sp-d16 -mfloat-abi=hard -mthumb -o ".metadata/.plugins/org.eclipse.cdt.make.core/specs.o"
arm-none-eabi-gcc -o "stm32f411_boot.elf" @"objects.list"   -mcpu=cortex-m4 -T"C:\project\study\stm32f411_boot\src\bsp\ldscript\STM32F411CEUX_FLASH.ld" --specs=nosys.specs -Wl,-Map="stm32f411_boot.map" -Wl,--gc-sections -static --specs=nano.specs -mfpu=fpv4-sp-d16 -mfloat-abi=hard -mthumb -Wl,--start-group -lc -lm -Wl,--end-group
C:/ST/STM32CubeIDE_1.19.0/STM32CubeIDE/plugins/com.st.stm32cube.ide.mcu.externaltools.gnu-tools-for-stm32.13.3.rel1.win32_1.0.0.202411081344/tools/bin/../lib/gcc/arm-none-eabi/13.3.1/../../../../arm-none-eabi/bin/ld.exe: warning: stm32f411_boot.elf has a LOAD segment with RWX permissions
Finished building target: stm32f411_boot.elf
 
arm-none-eabi-size  stm32f411_boot.elf 
arm-none-eabi-objdump -h -S stm32f411_boot.elf  > "stm32f411_boot.list"
   text	   data	    bss	    dec	    hex	filename
  35348	    744	   9160	  45252	   b0c4	stm32f411_boot.elf
Finished building: default.size.stdout
 
Finished building: stm32f411_boot.list
 
16:23:36 **** Incremental Build of configuration Debug for project stm32f411_boot ****
make -j16 all 
arm-none-eabi-size  stm32f411_boot.elf 
   text	   data	    bss	    dec	    hex	filename
  35348	    744	   9160	  45252	   b0c4	stm32f411_boot.elf
Finished building: default.size.stdout
 
16:32:59 **** Incremental Build of configuration Debug for project stm32f411_boot ****
make -j16 all 
arm-none-eabi-gcc "../src/hw/driver/usb/usb_cdc/usbd_cdc.c" -mcpu=cortex-m4 -std=gnu11 -g3 -DSTM32F411xE -c -I"C:/project/study/stm32f411_boot/src" -I"C:/project/study/stm32f411_boot/src/ap" -I"C:/project/study/stm32f411_boot/src/bsp" -I"C:/project/study/stm32f411_boot/src/common" -I"C:/project/study/stm32f411_boot/src/common/core" -I"C:/project/study/stm32f411_boot/src/common/hw/include" -I"C:/project/study/stm32f411_boot/src/hw" -I"C:/project/study/stm32f411_boot/src/lib/cube_f411/Drivers/CMSIS/Device/ST/STM32F4xx/Include" -I"C:/project/study/stm32f411_boot/src/lib/cube_f411/Drivers/CMSIS/Include" -I"C:/project/study/stm32f411_boot/src/lib/cube_f411/Drivers/STM32F4xx_HAL_Driver/Inc" -I"C:/project/study/stm32f411_boot/src/hw/driver/usb" -I"C:/project/study/stm32f411_boot/src/hw/driver/usb/core" -I"C:/project/study/stm32f411_boot/src/hw/driver/usb/usb_cdc" -Os -ffunction-sections -fdata-sections -Wall -fstack-usage -fcyclomatic-complexity -MMD -MP -MF"src/hw/driver/usb/usb_cdc/usbd_cdc.d" -MT"src/hw/driver/usb/usb_cdc/usbd_cdc.o" --specs=nano.specs -mfpu=fpv4-sp-d16 -mfloat-abi=hard -mthumb -o "src/hw/driver/usb/usb_cdc/usbd_cdc.o"
arm-none-eabi-gcc "../src/hw/driver/usb/usb_cdc/usbd_cdc_if.c" -mcpu=cortex-m4 -std=gnu11 -g3 -DSTM32F411xE -c -I"C:/project/study/stm32f411_boot/src" -I"C:/project/study/stm32f411_boot/src/ap" -I"C:/project/study/stm32f411_boot/src/bsp" -I"C:/project/study/stm32f411_boot/src/common" -I"C:/project/study/stm32f411_boot/src/common/core" -I"C:/project/study/stm32f411_boot/src/common/hw/include" -I"C:/project/study/stm32f411_boot/src/hw" -I"C:/project/study/stm32f411_boot/src/lib/cube_f411/Drivers/CMSIS/Device/ST/STM32F4xx/Include" -I"C:/project/study/stm32f411_boot/src/lib/cube_f411/Drivers/CMSIS/Include" -I"C:/project/study/stm32f411_boot/src/lib/cube_f411/Drivers/STM32F4xx_HAL_Driver/Inc" -I"C:/project/study/stm32f411_boot/src/hw/driver/usb" -I"C:/project/study/stm32f411_boot/src/hw/driver/usb/core" -I"C:/project/study/stm32f411_boot/src/hw/driver/usb/usb_cdc" -Os -ffunction-sections -fdata-sections -Wall -fstack-usage -fcyclomatic-complexity -MMD -MP -MF"src/hw/driver/usb/usb_cdc/usbd_cdc_if.d" -MT"src/hw/driver/usb/usb_cdc/usbd_cdc_if.o" --specs=nano.specs -mfpu=fpv4-sp-d16 -mfloat-abi=hard -mthumb -o "src/hw/driver/usb/usb_cdc/usbd_cdc_if.o"
arm-none-eabi-gcc "../src/hw/driver/usb/usb_cdc/usbd_desc.c" -mcpu=cortex-m4 -std=gnu11 -g3 -DSTM32F411xE -c -I"C:/project/study/stm32f411_boot/src" -I"C:/project/study/stm32f411_boot/src/ap" -I"C:/project/study/stm32f411_boot/src/bsp" -I"C:/project/study/stm32f411_boot/src/common" -I"C:/project/study/stm32f411_boot/src/common/core" -I"C:/project/study/stm32f411_boot/src/common/hw/include" -I"C:/project/study/stm32f411_boot/src/hw" -I"C:/project/study/stm32f411_boot/src/lib/cube_f411/Drivers/CMSIS/Device/ST/STM32F4xx/Include" -I"C:/project/study/stm32f411_boot/src/lib/cube_f411/Drivers/CMSIS/Include" -I"C:/project/study/stm32f411_boot/src/lib/cube_f411/Drivers/STM32F4xx_HAL_Driver/Inc" -I"C:/project/study/stm32f411_boot/src/hw/driver/usb" -I"C:/project/study/stm32f411_boot/src/hw/driver/usb/core" -I"C:/project/study/stm32f411_boot/src/hw/driver/usb/usb_cdc" -Os -ffunction-sections -fdata-sections -Wall -fstack-usage -fcyclomatic-complexity -MMD -MP -MF"src/hw/driver/usb/usb_cdc/usbd_desc.d" -MT"src/hw/driver/usb/usb_cdc/usbd_desc.o" --specs=nano.specs -mfpu=fpv4-sp-d16 -mfloat-abi=hard -mthumb -o "src/hw/driver/usb/usb_cdc/usbd_desc.o"
arm-none-eabi-gcc "../src/hw/driver/usb/core/usbd_core.c" -mcpu=cortex-m4 -std=gnu11 -g3 -DSTM32F411xE -c -I"C:/project/study/stm32f411_boot/src" -I"C:/project/study/stm32f411_boot/src/ap" -I"C:/project/study/stm32f411_boot/src/bsp" -I"C:/project/study/stm32f411_boot/src/common" -I"C:/project/study/stm32f411_boot/src/common/core" -I"C:/project/study/stm32f411_boot/src/common/hw/include" -I"C:/project/study/stm32f411_boot/src/hw" -I"C:/project/study/stm32f411_boot/src/lib/cube_f411/Drivers/CMSIS/Device/ST/STM32F4xx/Include" -I"C:/project/study/stm32f411_boot/src/lib/cube_f411/Drivers/CMSIS/Include" -I"C:/project/study/stm32f411_boot/src/lib/cube_f411/Drivers/STM32F4xx_HAL_Driver/Inc" -I"C:/project/study/stm32f411_boot/src/hw/driver/usb" -I"C:/project/study/stm32f411_boot/src/hw/driver/usb/core" -I"C:/project/study/stm32f411_boot/src/hw/driver/usb/usb_cdc" -Os -ffunction-sections -fdata-sections -Wall -fstack-usage -fcyclomatic-complexity -MMD -MP -MF"src/hw/driver/usb/core/usbd_core.d" -MT"src/hw/driver/usb/core/usbd_core.o" --specs=nano.specs -mfpu=fpv4-sp-d16 -mfloat-abi=hard -mthumb -o "src/hw/driver/usb/core/usbd_core.o"
arm-none-eabi-gcc "../src/hw/driver/usb/core/usbd_ctlreq.c" -mcpu=cortex-m4 -std=gnu11 -g3 -DSTM32F411xE -c -I"C:/project/study/stm32f411_boot/src" -I"C:/project/study/stm32f411_boot/src/ap" -I"C:/project/study/stm32f411_boot/src/bsp" -I"C:/project/study/stm32f411_boot/src/common" -I"C:/project/study/stm32f411_boot/src/common/core" -I"C:/project/study/stm32f411_boot/src/common/hw/include" -I"C:/project/study/stm32f411_boot/src/hw" -I"C:/project/study/stm32f411_boot/src/lib/cube_f411/Drivers/CMSIS/Device/ST/STM32F4xx/Include" -I"C:/project/study/stm32f411_boot/src/lib/cube_f411/Drivers/CMSIS/Include" -I"C:/project/study/stm32f411_boot/src/lib/cube_f411/Drivers/STM32F4xx_HAL_Driver/Inc" -I"C:/project/study/stm32f411_boot/src/hw/driver/usb" -I"C:/project/study/stm32f411_boot/src/hw/driver/usb/core" -I"C:/project/study/stm32f411_boot/src/hw/driver/usb/usb_cdc" -Os -ffunction-sections -fdata-sections -Wall -fstack-usage -fcyclomatic-complexity -MMD -MP -MF"src/hw/driver/usb/core/usbd_ctlreq.d" -MT"src/hw/driver/usb/core/usbd_ctlreq.o" --specs=nano.specs -mfpu=fpv4-sp-d16 -mfloat-abi=hard -mthumb -o "src/hw/driver/usb/core/usbd_ctlreq.o"
arm-none-eabi-gcc "../src/hw/driver/usb/core/usbd_ioreq.c" -mcpu=cortex-m4 -std=gnu11 -g3 -DSTM32F411xE -c -I"C:/project/study/stm32f411_boot/src" -I"C:/project/study/stm32f411_boot/src/ap" -I"C:/project/study/stm32f411_boot/src/bsp" -I"C:/project/study/stm32f411_boot/src/common" -I"C:/project/study/stm32f411_boot/src/common/core" -I"C:/project/study/stm32f411_boot/src/common/hw/include" -I"C:/project/study/stm32f411_boot/src/hw" -I"C:/project/study/stm32f411_boot/src/lib/cube_f411/Drivers/CMSIS/Device/ST/STM32F4xx/Include" -I"C:/project/study/stm32f411_boot/src/lib/cube_f411/Drivers/CMSIS/Include" -I"C:/project/study/stm32f411_boot/src/lib/cube_f411/Drivers/STM32F4xx_HAL_Driver/Inc" -I"C:/project/study/stm32f411_boot/src/hw/driver/usb" -I"C:/project/study/stm32f411_boot/src/hw/driver/usb/core" -I"C:/project/study/stm32f411_boot/src/hw/driver/usb/usb_cdc" -Os -ffunction-sections -fdata-sections -Wall -fstack-usage -fcyclomatic-complexity -MMD -MP -MF"src/hw/driver/usb/core/usbd_ioreq.d" -MT"src/hw/driver/usb/core/usbd_ioreq.o" --specs=nano.specs -mfpu=fpv4-sp-d16 -mfloat-abi=hard -mthumb -o "src/hw/driver/usb/core/usbd_ioreq.o"
arm-none-eabi-gcc "../src/hw/driver/usb/usbd_conf.c" -mcpu=cortex-m4 -std=gnu11 -g3 -DSTM32F411xE -c -I"C:/project/study/stm32f411_boot/src" -I"C:/project/study/stm32f411_boot/src/ap" -I"C:/project/study/stm32f411_boot/src/bsp" -I"C:/project/study/stm32f411_boot/src/common" -I"C:/project/study/stm32f411_boot/src/common/core" -I"C:/project/study/stm32f411_boot/src/common/hw/include" -I"C:/project/study/stm32f411_boot/src/hw" -I"C:/project/study/stm32f411_boot/src/lib/cube_f411/Drivers/CMSIS/Device/ST/STM32F4xx/Include" -I"C:/project/study/stm32f411_boot/src/lib/cube_f411/Drivers/CMSIS/Include" -I"C:/project/study/stm32f411_boot/src/lib/cube_f411/Drivers/STM32F4xx_HAL_Driver/Inc" -I"C:/project/study/stm32f411_boot/src/hw/driver/usb" -I"C:/project/study/stm32f411_boot/src/hw/driver/usb/core" -I"C:/project/study/stm32f411_boot/src/hw/driver/usb/usb_cdc" -Os -ffunction-sections -fdata-sections -Wall -fstack-usage -fcyclomatic-complexity -MMD -MP -MF"src/hw/driver/usb/usbd_conf.d" -MT"src/hw/driver/usb/usbd_conf.o" --specs=nano.specs -mfpu=fpv4-sp-d16 -mfloat-abi=hard -mthumb -o "src/hw/driver/usb/usbd_conf.o"
arm-none-eabi-gcc "../src/hw/driver/button.c" -mcpu=cortex-m4 -std=gnu11 -g3 -DSTM32F411xE -c -I"C:/project/study/stm32f411_boot/src" -I"C:/project/study/stm32f411_boot/src/ap" -I"C:/project/study/stm32f411_boot/src/bsp" -I"C:/project/study/stm32f411_boot/src/common" -I"C:/project/study/stm32f411_boot/src/common/core" -I"C:/project/study/stm32f411_boot/src/common/hw/include" -I"C:/project/study/stm32f411_boot/src/hw" -I"C:/project/study/stm32f411_boot/src/lib/cube_f411/Drivers/CMSIS/Device/ST/STM32F4xx/Include" -I"C:/project/study/stm32f411_boot/src/lib/cube_f411/Drivers/CMSIS/Include" -I"C:/project/study/stm32f411_boot/src/lib/cube_f411/Drivers/STM32F4xx_HAL_Driver/Inc" -I"C:/project/study/stm32f411_boot/src/hw/driver/usb" -I"C:/project/study/stm32f411_boot/src/hw/driver/usb/core" -I"C:/project/study/stm32f411_boot/src/hw/driver/usb/usb_cdc" -Os -ffunction-sections -fdata-sections -Wall -fstack-usage -fcyclomatic-complexity -MMD -MP -MF"src/hw/driver/button.d" -MT"src/hw/driver/button.o" --specs=nano.specs -mfpu=fpv4-sp-d16 -mfloat-abi=hard -mthumb -o "src/hw/driver/button.o"
arm-none-eabi-gcc "../src/hw/driver/cdc.c" -mcpu=cortex-m4 -std=gnu11 -g3 -DSTM32F411xE -c -I"C:/project/study/stm32f411_boot/src" -I"C:/project/study/stm32f411_boot/src/ap" -I"C:/project/study/stm32f411_boot/src/bsp" -I"C:/project/study/stm32f411_boot/src/common" -I"C:/project/study/stm32f411_boot/src/common/core" -I"C:/project/study/stm32f411_boot/src/common/hw/include" -I"C:/project/study/stm32f411_boot/src/hw" -I"C:/project/study/stm32f411_boot/src/lib/cube_f411/Drivers/CMSIS/Device/ST/STM32F4xx/Include" -I"C:/project/study/stm32f411_boot/src/lib/cube_f411/Drivers/CMSIS/Include" -I"C:/project/study/stm32f411_boot/src/lib/cube_f411/Drivers/STM32F4xx_HAL_Driver/Inc" -I"C:/project/study/stm32f411_boot/src/hw/driver/usb" -I"C:/project/study/stm32f411_boot/src/hw/driver/usb/core" -I"C:/project/study/stm32f411_boot/src/hw/driver/usb/usb_cdc" -Os -ffunction-sections -fdata-sections -Wall -fstack-usage -fcyclomatic-complexity -MMD -MP -MF"src/hw/driver/cdc.d" -MT"src/hw/driver/cdc.o" --specs=nano.specs -mfpu=fpv4-sp-d16 -mfloat-abi=hard -mthumb -o "src/hw/driver/cdc.o"
arm-none-eabi-gcc "../src/hw/driver/cli.c" -mcpu=cortex-m4 -std=gnu11 -g3 -DSTM32F411xE -c -I"C:/project/study/stm32f411_boot/src" -I"C:/project/study/stm32f411_boot/src/ap" -I"C:/project/study/stm32f411_boot/src/bsp" -I"C:/project/study/stm32f411_boot/src/common" -I"C:/project/study/stm32f411_boot/src/common/core" -I"C:/project/study/stm32f411_boot/src/common/hw/include" -I"C:/project/study/stm32f411_boot/src/hw" -I"C:/project/study/stm32f411_boot/src/lib/cube_f411/Drivers/CMSIS/Device/ST/STM32F4xx/Include" -I"C:/project/study/stm32f411_boot/src/lib/cube_f411/Drivers/CMSIS/Include" -I"C:/project/study/stm32f411_boot/src/lib/cube_f411/Drivers/STM32F4xx_HAL_Driver/Inc" -I"C:/project/study/stm32f411_boot/src/hw/driver/usb" -I"C:/project/study/stm32f411_boot/src/hw/driver/usb/core" -I"C:/project/study/stm32f411_boot/src/hw/driver/usb/usb_cdc" -Os -ffunction-sections -fdata-sections -Wall -fstack-usage -fcyclomatic-complexity -MMD -MP -MF"src/hw/driver/cli.d" -MT"src/hw/driver/cli.o" --specs=nano.specs -mfpu=fpv4-sp-d16 -mfloat-abi=hard -mthumb -o "src/hw/driver/cli.o"
arm-none-eabi-gcc "../src/hw/driver/fatfs.c" -mcpu=cortex-m4 -std=gnu11 -g3 -DSTM32F411xE -c -I"C:/project/study/stm32f411_boot/src" -I"C:/project/study/stm32f411_boot/src/ap" -I"C:/project/study/stm32f411_boot/src/bsp" -I"C:/project/study/stm32f411_boot/src/common" -I"C:/project/study/stm32f411_boot/src/common/core" -I"C:/project/study/stm32f411_boot/src/common/hw/include" -I"C:/project/study/stm32f411_boot/src/hw" -I"C:/project/study/stm32f411_boot/src/lib/cube_f411/Drivers/CMSIS/Device/ST/STM32F4xx/Include" -I"C:/project/study/stm32f411_boot/src/lib/cube_f411/Drivers/CMSIS/Include" -I"C:/project/study/stm32f411_boot/src/lib/cube_f411/Drivers/STM32F4xx_HAL_Driver/Inc" -I"C:/project/study/stm32f411_boot/src/hw/driver/usb" -I"C:/project/study/stm32f411_boot/src/hw/driver/usb/core" -I"C:/project/study/stm32f411_boot/src/hw/driver/usb/usb_cdc" -Os -ffunction-sections -fdata-sections -Wall -fstack-usage -fcyclomatic-complexity -MMD -MP -MF"src/hw/driver/fatfs.d" -MT"src/hw/driver/fatfs.o" --specs=nano.specs -mfpu=fpv4-sp-d16 -mfloat-abi=hard -mthumb -o "src/hw/driver/fatfs.o"
arm-none-eabi-gcc "../src/hw/driver/flash.c" -mcpu=cortex-m4 -std=gnu11 -g3 -DSTM32F411xE -c -I"C:/project/study/stm32f411_boot/src" -I"C:/project/study/stm32f411_boot/src/ap" -I"C:/project/study/stm32f411_boot/src/bsp" -I"C:/project/study/stm32f411_boot/src/common" -I"C:/project/study/stm32f411_boot/src/common/core" -I"C:/project/study/stm32f411_boot/src/common/hw/include" -I"C:/project/study/stm32f411_boot/src/hw" -I"C:/project/study/stm32f411_boot/src/lib/cube_f411/Drivers/CMSIS/Device/ST/STM32F4xx/Include" -I"C:/project/study/stm32f411_boot/src/lib/cube_f411/Drivers/CMSIS/Include" -I"C:/project/study/stm32f411_boot/src/lib/cube_f411/Drivers/STM32F4xx_HAL_Driver/Inc" -I"C:/project/study/stm32f411_boot/src/hw/driver/usb" -I"C:/project/study/stm32f411_boot/src/hw/driver/usb/core" -I"C:/project/study/stm32f411_boot/src/hw/driver/usb/usb_cdc" -Os -ffunction-sections -fdata-sections -Wall -fstack-usage -fcyclomatic-complexity -MMD -MP -MF"src/hw/driver/flash.d" -MT"src/hw/driver/flash.o" --specs=nano.specs -mfpu=fpv4-sp-d16 -mfloat-abi=hard -mthumb -o "src/hw/driver/flash.o"
arm-none-eabi-gcc "../src/hw/driver/gpio.c" -mcpu=cortex-m4 -std=gnu11 -g3 -DSTM32F411xE -c -I"C:/project/study/stm32f411_boot/src" -I"C:/project/study/stm32f411_boot/src/ap" -I"C:/project/study/stm32f411_boot/src/bsp" -I"C:/project/study/stm32f411_boot/src/common" -I"C:/project/study/stm32f411_boot/src/common/core" -I"C:/project/study/stm32f411_boot/src/common/hw/include" -I"C:/project/study/stm32f411_boot/src/hw" -I"C:/project/study/stm32f411_boot/src/lib/cube_f411/Drivers/CMSIS/Device/ST/STM32F4xx/Include" -I"C:/project/study/stm32f411_boot/src/lib/cube_f411/Drivers/CMSIS/Include" -I"C:/project/study/stm32f411_boot/src/lib/cube_f411/Drivers/STM32F4xx_HAL_Driver/Inc" -I"C:/project/study/stm32f411_boot/src/hw/driver/usb" -I"C:/project/study/stm32f411_boot/src/hw/driver/usb/core" -I"C:/project/study/stm32f411_boot/src/hw/driver/usb/usb_cdc" -Os -ffunction-sections -fdata-sections -Wall -fstack-usage -fcyclomatic-complexity -MMD -MP -MF"src/hw/driver/gpio.d" -MT"src/hw/driver/gpio.o" --specs=nano.specs -mfpu=fpv4-sp-d16 -mfloat-abi=hard -mthumb -o "src/hw/driver/gpio.o"
arm-none-eabi-gcc "../src/hw/driver/lcd.c" -mcpu=cortex-m4 -std=gnu11 -g3 -DSTM32F411xE -c -I"C:/project/study/stm32f411_boot/src" -I"C:/project/study/stm32f411_boot/src/ap" -I"C:/project/study/stm32f411_boot/src/bsp" -I"C:/project/study/stm32f411_boot/src/common" -I"C:/project/study/stm32f411_boot/src/common/core" -I"C:/project/study/stm32f411_boot/src/common/hw/include" -I"C:/project/study/stm32f411_boot/src/hw" -I"C:/project/study/stm32f411_boot/src/lib/cube_f411/Drivers/CMSIS/Device/ST/STM32F4xx/Include" -I"C:/project/study/stm32f411_boot/src/lib/cube_f411/Drivers/CMSIS/Include" -I"C:/project/study/stm32f411_boot/src/lib/cube_f411/Drivers/STM32F4xx_HAL_Driver/Inc" -I"C:/project/study/stm32f411_boot/src/hw/driver/usb" -I"C:/project/study/stm32f411_boot/src/hw/driver/usb/core" -I"C:/project/study/stm32f411_boot/src/hw/driver/usb/usb_cdc" -Os -ffunction-sections -fdata-sections -Wall -fstack-usage -fcyclomatic-complexity -MMD -MP -MF"src/hw/driver/lcd.d" -MT"src/hw/driver/lcd.o" --specs=nano.specs -mfpu=fpv4-sp-d16 -mfloat-abi=hard -mthumb -o "src/hw/driver/lcd.o"
arm-none-eabi-gcc "../src/hw/driver/led.c" -mcpu=cortex-m4 -std=gnu11 -g3 -DSTM32F411xE -c -I"C:/project/study/stm32f411_boot/src" -I"C:/project/study/stm32f411_boot/src/ap" -I"C:/project/study/stm32f411_boot/src/bsp" -I"C:/project/study/stm32f411_boot/src/common" -I"C:/project/study/stm32f411_boot/src/common/core" -I"C:/project/study/stm32f411_boot/src/common/hw/include" -I"C:/project/study/stm32f411_boot/src/hw" -I"C:/project/study/stm32f411_boot/src/lib/cube_f411/Drivers/CMSIS/Device/ST/STM32F4xx/Include" -I"C:/project/study/stm32f411_boot/src/lib/cube_f411/Drivers/CMSIS/Include" -I"C:/project/study/stm32f411_boot/src/lib/cube_f411/Drivers/STM32F4xx_HAL_Driver/Inc" -I"C:/project/study/stm32f411_boot/src/hw/driver/usb" -I"C:/project/study/stm32f411_boot/src/hw/driver/usb/core" -I"C:/project/study/stm32f411_boot/src/hw/driver/usb/usb_cdc" -Os -ffunction-sections -fdata-sections -Wall -fstack-usage -fcyclomatic-complexity -MMD -MP -MF"src/hw/driver/led.d" -MT"src/hw/driver/led.o" --specs=nano.specs -mfpu=fpv4-sp-d16 -mfloat-abi=hard -mthumb -o "src/hw/driver/led.o"
arm-none-eabi-gcc "../src/hw/driver/reset.c" -mcpu=cortex-m4 -std=gnu11 -g3 -DSTM32F411xE -c -I"C:/project/study/stm32f411_boot/src" -I"C:/project/study/stm32f411_boot/src/ap" -I"C:/project/study/stm32f411_boot/src/bsp" -I"C:/project/study/stm32f411_boot/src/common" -I"C:/project/study/stm32f411_boot/src/common/core" -I"C:/project/study/stm32f411_boot/src/common/hw/include" -I"C:/project/study/stm32f411_boot/src/hw" -I"C:/project/study/stm32f411_boot/src/lib/cube_f411/Drivers/CMSIS/Device/ST/STM32F4xx/Include" -I"C:/project/study/stm32f411_boot/src/lib/cube_f411/Drivers/CMSIS/Include" -I"C:/project/study/stm32f411_boot/src/lib/cube_f411/Drivers/STM32F4xx_HAL_Driver/Inc" -I"C:/project/study/stm32f411_boot/src/hw/driver/usb" -I"C:/project/study/stm32f411_boot/src/hw/driver/usb/core" -I"C:/project/study/stm32f411_boot/src/hw/driver/usb/usb_cdc" -Os -ffunction-sections -fdata-sections -Wall -fstack-usage -fcyclomatic-complexity -MMD -MP -MF"src/hw/driver/reset.d" -MT"src/hw/driver/reset.o" --specs=nano.specs -mfpu=fpv4-sp-d16 -mfloat-abi=hard -mthumb -o "src/hw/driver/reset.o"
arm-none-eabi-gcc "../src/hw/driver/rtc.c" -mcpu=cortex-m4 -std=gnu11 -g3 -DSTM32F411xE -c -I"C:/project/study/stm32f411_boot/src" -I"C:/project/study/stm32f411_boot/src/ap" -I"C:/project/study/stm32f411_boot/src/bsp" -I"C:/project/study/stm32f411_boot/src/common" -I"C:/project/study/stm32f411_boot/src/common/core" -I"C:/project/study/stm32f411_boot/src/common/hw/include" -I"C:/project/study/stm32f411_boot/src/hw" -I"C:/project/study/stm32f411_boot/src/lib/cube_f411/Drivers/CMSIS/Device/ST/STM32F4xx/Include" -I"C:/project/study/stm32f411_boot/src/lib/cube_f411/Drivers/CMSIS/Include" -I"C:/project/study/stm32f411_boot/src/lib/cube_f411/Drivers/STM32F4xx_HAL_Driver/Inc" -I"C:/project/study/stm32f411_boot/src/hw/driver/usb" -I"C:/project/study/stm32f411_boot/src/hw/driver/usb/core" -I"C:/project/study/stm32f411_boot/src/hw/driver/usb/usb_cdc" -Os -ffunction-sections -fdata-sections -Wall -fstack-usage -fcyclomatic-complexity -MMD -MP -MF"src/hw/driver/rtc.d" -MT"src/hw/driver/rtc.o" --specs=nano.specs -mfpu=fpv4-sp-d16 -mfloat-abi=hard -mthumb -o "src/hw/driver/rtc.o"
arm-none-eabi-gcc "../src/hw/driver/sd.c" -mcpu=cortex-m4 -std=gnu11 -g3 -DSTM32F411xE -c -I"C:/project/study/stm32f411_boot/src" -I"C:/project/study/stm32f411_boot/src/ap" -I"C:/project/study/stm32f411_boot/src/bsp" -I"C:/project/study/stm32f411_boot/src/common" -I"C:/project/study/stm32f411_boot/src/common/core" -I"C:/project/study/stm32f411_boot/src/common/hw/include" -I"C:/project/study/stm32f411_boot/src/hw" -I"C:/project/study/stm32f411_boot/src/lib/cube_f411/Drivers/CMSIS/Device/ST/STM32F4xx/Include" -I"C:/project/study/stm32f411_boot/src/lib/cube_f411/Drivers/CMSIS/Include" -I"C:/project/study/stm32f411_boot/src/lib/cube_f411/Drivers/STM32F4xx_HAL_Driver/Inc" -I"C:/project/study/stm32f411_boot/src/hw/driver/usb" -I"C:/project/study/stm32f411_boot/src/hw/driver/usb/core" -I"C:/project/study/stm32f411_boot/src/hw/driver/usb/usb_cdc" -Os -ffunction-sections -fdata-sections -Wall -fstack-usage -fcyclomatic-complexity -MMD -MP -MF"src/hw/driver/sd.d" -MT"src/hw/driver/sd.o" --specs=nano.specs -mfpu=fpv4-sp-d16 -mfloat-abi=hard -mthumb -o "src/hw/driver/sd.o"
arm-none-eabi-gcc "../src/hw/driver/spi.c" -mcpu=cortex-m4 -std=gnu11 -g3 -DSTM32F411xE -c -I"C:/project/study/stm32f411_boot/src" -I"C:/project/study/stm32f411_boot/src/ap" -I"C:/project/study/stm32f411_boot/src/bsp" -I"C:/project/study/stm32f411_boot/src/common" -I"C:/project/study/stm32f411_boot/src/common/core" -I"C:/project/study/stm32f411_boot/src/common/hw/include" -I"C:/project/study/stm32f411_boot/src/hw" -I"C:/project/study/stm32f411_boot/src/lib/cube_f411/Drivers/CMSIS/Device/ST/STM32F4xx/Include" -I"C:/project/study/stm32f411_boot/src/lib/cube_f411/Drivers/CMSIS/Include" -I"C:/project/study/stm32f411_boot/src/lib/cube_f411/Drivers/STM32F4xx_HAL_Driver/Inc" -I"C:/project/study/stm32f411_boot/src/hw/driver/usb" -I"C:/project/study/stm32f411_boot/src/hw/driver/usb/core" -I"C:/project/study/stm32f411_boot/src/hw/driver/usb/usb_cdc" -Os -ffunction-sections -fdata-sections -Wall -fstack-usage -fcyclomatic-complexity -MMD -MP -MF"src/hw/driver/spi.d" -MT"src/hw/driver/spi.o" --specs=nano.specs -mfpu=fpv4-sp-d16 -mfloat-abi=hard -mthumb -o "src/hw/driver/spi.o"
arm-none-eabi-gcc "../src/hw/driver/uart.c" -mcpu=cortex-m4 -std=gnu11 -g3 -DSTM32F411xE -c -I"C:/project/study/stm32f411_boot/src" -I"C:/project/study/stm32f411_boot/src/ap" -I"C:/project/study/stm32f411_boot/src/bsp" -I"C:/project/study/stm32f411_boot/src/common" -I"C:/project/study/stm32f411_boot/src/common/core" -I"C:/project/study/stm32f411_boot/src/common/hw/include" -I"C:/project/study/stm32f411_boot/src/hw" -I"C:/project/study/stm32f411_boot/src/lib/cube_f411/Drivers/CMSIS/Device/ST/STM32F4xx/Include" -I"C:/project/study/stm32f411_boot/src/lib/cube_f411/Drivers/CMSIS/Include" -I"C:/project/study/stm32f411_boot/src/lib/cube_f411/Drivers/STM32F4xx_HAL_Driver/Inc" -I"C:/project/study/stm32f411_boot/src/hw/driver/usb" -I"C:/project/study/stm32f411_boot/src/hw/driver/usb/core" -I"C:/project/study/stm32f411_boot/src/hw/driver/usb/usb_cdc" -Os -ffunction-sections -fdata-sections -Wall -fstack-usage -fcyclomatic-complexity -MMD -MP -MF"src/hw/driver/uart.d" -MT"src/hw/driver/uart.o" --specs=nano.specs -mfpu=fpv4-sp-d16 -mfloat-abi=hard -mthumb -o "src/hw/driver/uart.o"
arm-none-eabi-gcc "../src/hw/driver/usb.c" -mcpu=cortex-m4 -std=gnu11 -g3 -DSTM32F411xE -c -I"C:/project/study/stm32f411_boot/src" -I"C:/project/study/stm32f411_boot/src/ap" -I"C:/project/study/stm32f411_boot/src/bsp" -I"C:/project/study/stm32f411_boot/src/common" -I"C:/project/study/stm32f411_boot/src/common/core" -I"C:/project/study/stm32f411_boot/src/common/hw/include" -I"C:/project/study/stm32f411_boot/src/hw" -I"C:/project/study/stm32f411_boot/src/lib/cube_f411/Drivers/CMSIS/Device/ST/STM32F4xx/Include" -I"C:/project/study/stm32f411_boot/src/lib/cube_f411/Drivers/CMSIS/Include" -I"C:/project/study/stm32f411_boot/src/lib/cube_f411/Drivers/STM32F4xx_HAL_Driver/Inc" -I"C:/project/study/stm32f411_boot/src/hw/driver/usb" -I"C:/project/study/stm32f411_boot/src/hw/driver/usb/core" -I"C:/project/study/stm32f411_boot/src/hw/driver/usb/usb_cdc" -Os -ffunction-sections -fdata-sections -Wall -fstack-usage -fcyclomatic-complexity -MMD -MP -MF"src/hw/driver/usb.d" -MT"src/hw/driver/usb.o" --specs=nano.specs -mfpu=fpv4-sp-d16 -mfloat-abi=hard -mthumb -o "src/hw/driver/usb.o"
arm-none-eabi-gcc "../src/hw/driver/ymodem.c" -mcpu=cortex-m4 -std=gnu11 -g3 -DSTM32F411xE -c -I"C:/project/study/stm32f411_boot/src" -I"C:/project/study/stm32f411_boot/src/ap" -I"C:/project/study/stm32f411_boot/src/bsp" -I"C:/project/study/stm32f411_boot/src/common" -I"C:/project/study/stm32f411_boot/src/common/core" -I"C:/project/study/stm32f411_boot/src/common/hw/include" -I"C:/project/study/stm32f411_boot/src/hw" -I"C:/project/study/stm32f411_boot/src/lib/cube_f411/Drivers/CMSIS/Device/ST/STM32F4xx/Include" -I"C:/project/study/stm32f411_boot/src/lib/cube_f411/Drivers/CMSIS/Include" -I"C:/project/study/stm32f411_boot/src/lib/cube_f411/Drivers/STM32F4xx_HAL_Driver/Inc" -I"C:/project/study/stm32f411_boot/src/hw/driver/usb" -I"C:/project/study/stm32f411_boot/src/hw/driver/usb/core" -I"C:/project/study/stm32f411_boot/src/hw/driver/usb/usb_cdc" -Os -ffunction-sections -fdata-sections -Wall -fstack-usage -fcyclomatic-complexity -MMD -MP -MF"src/hw/driver/ymodem.d" -MT"src/hw/driver/ymodem.o" --specs=nano.specs -mfpu=fpv4-sp-d16 -mfloat-abi=hard -mthumb -o "src/hw/driver/ymodem.o"
arm-none-eabi-gcc "../src/hw/hw.c" -mcpu=cortex-m4 -std=gnu11 -g3 -DSTM32F411xE -c -I"C:/project/study/stm32f411_boot/src" -I"C:/project/study/stm32f411_boot/src/ap" -I"C:/project/study/stm32f411_boot/src/bsp" -I"C:/project/study/stm32f411_boot/src/common" -I"C:/project/study/stm32f411_boot/src/common/core" -I"C:/project/study/stm32f411_boot/src/common/hw/include" -I"C:/project/study/stm32f411_boot/src/hw" -I"C:/project/study/stm32f411_boot/src/lib/cube_f411/Drivers/CMSIS/Device/ST/STM32F4xx/Include" -I"C:/project/study/stm32f411_boot/src/lib/cube_f411/Drivers/CMSIS/Include" -I"C:/project/study/stm32f411_boot/src/lib/cube_f411/Drivers/STM32F4xx_HAL_Driver/Inc" -I"C:/project/study/stm32f411_boot/src/hw/driver/usb" -I"C:/project/study/stm32f411_boot/src/hw/driver/usb/core" -I"C:/project/study/stm32f411_boot/src/hw/driver/usb/usb_cdc" -Os -ffunction-sections -fdata-sections -Wall -fstack-usage -fcyclomatic-complexity -MMD -MP -MF"src/hw/hw.d" -MT"src/hw/hw.o" --specs=nano.specs -mfpu=fpv4-sp-d16 -mfloat-abi=hard -mthumb -o "src/hw/hw.o"
arm-none-eabi-gcc "../src/bsp/bsp.c" -mcpu=cortex-m4 -std=gnu11 -g3 -DSTM32F411xE -c -I"C:/project/study/stm32f411_boot/src" -I"C:/project/study/stm32f411_boot/src/ap" -I"C:/project/study/stm32f411_boot/src/bsp" -I"C:/project/study/stm32f411_boot/src/common" -I"C:/project/study/stm32f411_boot/src/common/core" -I"C:/project/study/stm32f411_boot/src/common/hw/include" -I"C:/project/study/stm32f411_boot/src/hw" -I"C:/project/study/stm32f411_boot/src/lib/cube_f411/Drivers/CMSIS/Device/ST/STM32F4xx/Include" -I"C:/project/study/stm32f411_boot/src/lib/cube_f411/Drivers/CMSIS/Include" -I"C:/project/study/stm32f411_boot/src/lib/cube_f411/Drivers/STM32F4xx_HAL_Driver/Inc" -I"C:/project/study/stm32f411_boot/src/hw/driver/usb" -I"C:/project/study/stm32f411_boot/src/hw/driver/usb/core" -I"C:/project/study/stm32f411_boot/src/hw/driver/usb/usb_cdc" -Os -ffunction-sections -fdata-sections -Wall -fstack-usage -fcyclomatic-complexity -MMD -MP -MF"src/bsp/bsp.d" -MT"src/bsp/bsp.o" --specs=nano.specs -mfpu=fpv4-sp-d16 -mfloat-abi=hard -mthumb -o "src/bsp/bsp.o"
arm-none-eabi-gcc "../src/bsp/stm32f4xx_hal_msp.c" -mcpu=cortex-m4 -std=gnu11 -g3 -DSTM32F411xE -c -I"C:/project/study/stm32f411_boot/src" -I"C:/project/study/stm32f411_boot/src/ap" -I"C:/project/study/stm32f411_boot/src/bsp" -I"C:/project/study/stm32f411_boot/src/common" -I"C:/project/study/stm32f411_boot/src/common/core" -I"C:/project/study/stm32f411_boot/src/common/hw/include" -I"C:/project/study/stm32f411_boot/src/hw" -I"C:/project/study/stm32f411_boot/src/lib/cube_f411/Drivers/CMSIS/Device/ST/STM32F4xx/Include" -I"C:/project/study/stm32f411_boot/src/lib/cube_f411/Drivers/CMSIS/Include" -I"C:/project/study/stm32f411_boot/src/lib/cube_f411/Drivers/STM32F4xx_HAL_Driver/Inc" -I"C:/project/study/stm32f411_boot/src/hw/driver/usb" -I"C:/project/study/stm32f411_boot/src/hw/driver/usb/core" -I"C:/project/study/stm32f411_boot/src/hw/driver/usb/usb_cdc" -Os -ffunction-sections -fdata-sections -Wall -fstack-usage -fcyclomatic-complexity -MMD -MP -MF"src/bsp/stm32f4xx_hal_msp.d" -MT"src/bsp/stm32f4xx_hal_msp.o" --specs=nano.specs -mfpu=fpv4-sp-d16 -mfloat-abi=hard -mthumb -o "src/bsp/stm32f4xx_hal_msp.o"
arm-none-eabi-gcc "../src/bsp/stm32f4xx_it.c" -mcpu=cortex-m4 -std=gnu11 -g3 -DSTM32F411xE -c -I"C:/project/study/stm32f411_boot/src" -I"C:/project/study/stm32f411_boot/src/ap" -I"C:/project/study/stm32f411_boot/src/bsp" -I"C:/project/study/stm32f411_boot/src/common" -I"C:/project/study/stm32f411_boot/src/common/core" -I"C:/project/study/stm32f411_boot/src/common/hw/include" -I"C:/project/study/stm32f411_boot/src/hw" -I"C:/project/study/stm32f411_boot/src/lib/cube_f411/Drivers/CMSIS/Device/ST/STM32F4xx/Include" -I"C:/project/study/stm32f411_boot/src/lib/cube_f411/Drivers/CMSIS/Include" -I"C:/project/study/stm32f411_boot/src/lib/cube_f411/Drivers/STM32F4xx_HAL_Driver/Inc" -I"C:/project/study/stm32f411_boot/src/hw/driver/usb" -I"C:/project/study/stm32f411_boot/src/hw/driver/usb/core" -I"C:/project/study/stm32f411_boot/src/hw/driver/usb/usb_cdc" -Os -ffunction-sections -fdata-sections -Wall -fstack-usage -fcyclomatic-complexity -MMD -MP -MF"src/bsp/stm32f4xx_it.d" -MT"src/bsp/stm32f4xx_it.o" --specs=nano.specs -mfpu=fpv4-sp-d16 -mfloat-abi=hard -mthumb -o "src/bsp/stm32f4xx_it.o"
arm-none-eabi-gcc "../src/ap/ap.c" -mcpu=cortex-m4 -std=gnu11 -g3 -DSTM32F411xE -c -I"C:/project/study/stm32f411_boot/src" -I"C:/project/study/stm32f411_boot/src/ap" -I"C:/project/study/stm32f411_boot/src/bsp" -I"C:/project/study/stm32f411_boot/src/common" -I"C:/project/study/stm32f411_boot/src/common/core" -I"C:/project/study/stm32f411_boot/src/common/hw/include" -I"C:/project/study/stm32f411_boot/src/hw" -I"C:/project/study/stm32f411_boot/src/lib/cube_f411/Drivers/CMSIS/Device/ST/STM32F4xx/Include" -I"C:/project/study/stm32f411_boot/src/lib/cube_f411/Drivers/CMSIS/Include" -I"C:/project/study/stm32f411_boot/src/lib/cube_f411/Drivers/STM32F4xx_HAL_Driver/Inc" -I"C:/project/study/stm32f411_boot/src/hw/driver/usb" -I"C:/project/study/stm32f411_boot/src/hw/driver/usb/core" -I"C:/project/study/stm32f411_boot/src/hw/driver/usb/usb_cdc" -Os -ffunction-sections -fdata-sections -Wall -fstack-usage -fcyclomatic-complexity -MMD -MP -MF"src/ap/ap.d" -MT"src/ap/ap.o" --specs=nano.specs -mfpu=fpv4-sp-d16 -mfloat-abi=hard -mthumb -o "src/ap/ap.o"
arm-none-eabi-gcc "../src/main.c" -mcpu=cortex-m4 -std=gnu11 -g3 -DSTM32F411xE -c -I"C:/project/study/stm32f411_boot/src" -I"C:/project/study/stm32f411_boot/src/ap" -I"C:/project/study/stm32f411_boot/src/bsp" -I"C:/project/study/stm32f411_boot/src/common" -I"C:/project/study/stm32f411_boot/src/common/core" -I"C:/project/study/stm32f411_boot/src/common/hw/include" -I"C:/project/study/stm32f411_boot/src/hw" -I"C:/project/study/stm32f411_boot/src/lib/cube_f411/Drivers/CMSIS/Device/ST/STM32F4xx/Include" -I"C:/project/study/stm32f411_boot/src/lib/cube_f411/Drivers/CMSIS/Include" -I"C:/project/study/stm32f411_boot/src/lib/cube_f411/Drivers/STM32F4xx_HAL_Driver/Inc" -I"C:/project/study/stm32f411_boot/src/hw/driver/usb" -I"C:/project/study/stm32f411_boot/src/hw/driver/usb/core" -I"C:/project/study/stm32f411_boot/src/hw/driver/usb/usb_cdc" -Os -ffunction-sections -fdata-sections -Wall -fstack-usage -fcyclomatic-complexity -MMD -MP -MF"src/main.d" -MT"src/main.o" --specs=nano.specs -mfpu=fpv4-sp-d16 -mfloat-abi=hard -mthumb -o "src/main.o"
arm-none-eabi-gcc -o "stm32f411_boot.elf" @"objects.list"   -mcpu=cortex-m4 -T"C:\project\study\stm32f411_boot\src\bsp\ldscript\STM32F411CEUX_FLASH.ld" --specs=nosys.specs -Wl,-Map="stm32f411_boot.map" -Wl,--gc-sections -static --specs=nano.specs -mfpu=fpv4-sp-d16 -mfloat-abi=hard -mthumb -Wl,--start-group -lc -lm -Wl,--end-group
C:/ST/STM32CubeIDE_1.19.0/STM32CubeIDE/plugins/com.st.stm32cube.ide.mcu.externaltools.gnu-tools-for-stm32.13.3.rel1.win32_1.0.0.202411081344/tools/bin/../lib/gcc/arm-none-eabi/13.3.1/../../../../arm-none-eabi/bin/ld.exe: warning: stm32f411_boot.elf has a LOAD segment with RWX permissions
Finished building target: stm32f411_boot.elf
 
arm-none-eabi-size  stm32f411_boot.elf 
arm-none-eabi-objdump -h -S stm32f411_boot.elf  > "stm32f411_boot.list"
   text	   data	    bss	    dec	    hex	filename
  36428	    744	   9160	  46332	   b4fc	stm32f411_boot.elf
Finished building: default.size.stdout
 
Finished building: stm32f411_boot.list
 
