00:43:31 **** Incremental Build of configuration Debug for project stm32f411_fw ****
make -j16 all 
arm-none-eabi-gcc "../src/hw/driver/flash.c" -mcpu=cortex-m4 -std=gnu11 -g3 -DSTM32F411xE -c -I"C:/project/study/STM32F411/stm32f411_fw/src" -I"C:/project/study/STM32F411/stm32f411_fw/src/ap" -I"C:/project/study/STM32F411/stm32f411_fw/src/bsp" -I"C:/project/study/STM32F411/stm32f411_fw/src/common" -I"C:/project/study/STM32F411/stm32f411_fw/src/common/core" -I"C:/project/study/STM32F411/stm32f411_fw/src/common/hw/include" -I"C:/project/study/STM32F411/stm32f411_fw/src/hw" -I"C:/project/study/STM32F411/stm32f411_fw/src/lib/cube_f411/Drivers/CMSIS/Device/ST/STM32F4xx/Include" -I"C:/project/study/STM32F411/stm32f411_fw/src/lib/cube_f411/Drivers/CMSIS/Include" -I"C:/project/study/STM32F411/stm32f411_fw/src/lib/cube_f411/Drivers/STM32F4xx_HAL_Driver/Inc" -I"C:/project/study/STM32F411/stm32f411_fw/src/lib/FatFs/src" -I"C:/project/study/STM32F411/stm32f411_fw/src/hw/driver/fatfs" -I"C:/project/study/STM32F411/stm32f411_fw/src/hw/driver/usb" -I"C:/project/study/STM32F411/stm32f411_fw/src/hw/driver/usb/core" -I"C:/project/study/STM32F411/stm32f411_fw/src/hw/driver/usb/usb_cdc" -I"C:/project/study/STM32F411/stm32f411_fw/src/hw/driver/usb/usb_msc" -O0 -ffunction-sections -fdata-sections -Wall -fstack-usage -fcyclomatic-complexity -MMD -MP -MF"src/hw/driver/flash.d" -MT"src/hw/driver/flash.o" --specs=nano.specs -mfpu=fpv4-sp-d16 -mfloat-abi=hard -mthumb -o "src/hw/driver/flash.o"
arm-none-eabi-gcc -o "stm32f411_fw.elf" @"objects.list"   -mcpu=cortex-m4 -T"C:\project\study\STM32F411\stm32f411_fw\src\bsp\ldscript\STM32F411CEUX_FLASH.ld" --specs=nosys.specs -Wl,-Map="stm32f411_fw.map" -Wl,--gc-sections -static --specs=nano.specs -mfpu=fpv4-sp-d16 -mfloat-abi=hard -mthumb -Wl,--start-group -lc -lm -Wl,--end-group
C:/ST/STM32CubeIDE_1.19.0/STM32CubeIDE/plugins/com.st.stm32cube.ide.mcu.externaltools.gnu-tools-for-stm32.13.3.rel1.win32_1.0.0.202411081344/tools/bin/../lib/gcc/arm-none-eabi/13.3.1/../../../../arm-none-eabi/bin/ld.exe: warning: stm32f411_fw.elf has a LOAD segment with RWX permissions
Finished building target: stm32f411_fw.elf
 
arm-none-eabi-size  stm32f411_fw.elf 
arm-none-eabi-objdump -h -S stm32f411_fw.elf  > "stm32f411_fw.list"
   text	   data	    bss	    dec	    hex	filename
  97384	   1072	  10512	 108968	  1a9a8	stm32f411_fw.elf
Finished building: default.size.stdout
 
Finished building: stm32f411_fw.list
 

00:43:32 Build Finished. 0 errors, 1 warnings. (took 742ms)

